12-26 15:34:17.075 15212 15242 D UE4     : EGL_KHR_get_all_proc_addresses EGL_ANDROID_presentation_time EGL_KHR_swap_buffers_with_damage EGL_ANDROID_get_native_client_buffer EGL_ANDROID_front_buffer_auto_refresh EGL_ANDROID_get_frame_timestamps EGL_EXT_surface_SMPTE2086_metadata EGL_EXT_surface_CTA861_3_metadata EGL_EXT_gl_colorspace_scrgb EGL_EXT_gl_colorspace_scrgb_linear EGL_EXT_gl_colorspace_display_p3_linear EGL_EXT_gl_colorspace_display_p3 EGL_EXT_gl_colorspace_display_p3_passthrough EGL_EXT_gl_colorspace_bt2020_linear EGL_EXT_gl_colorspace_bt2020_pq EGL_KHR_image EGL_KHR_image_base EGL_EXT_image_gl_colorspace EGL_KHR_lock_surface EGL_KHR_gl_colorspace EGL_KHR_gl_texture_2D_image EGL_KHR_gl_texture_3D_image EGL_KHR_gl_texture_cubemap_image EGL_KHR_gl_renderbuffer_image EGL_KHR_reusable_sync EGL_KHR_fence_sync EGL_KHR_create_context EGL_KHR_surfaceless_context EGL_EXT_create_context_robustness EGL_ANDROID_image_native_buffer EGL_KHR_wait_sync EGL_ANDROID_recordable EGL_KHR_partial_update EGL_EXT_pixel_format_float EGL_KHR_create_context_no_error
12-26 15:34:17.077 15212 15242 D UE4     : FAndroidGPUInfo
12-26 15:34:17.077 15212 15242 D UE4     : AndroidEGL::InitSurface 1, 1
12-26 15:34:17.077 15212 15242 D UE4     : AndroidEGL::InitSurface, wnd: 0xd72cc008, width: 8, height 8 
12-26 15:34:17.077 15212 15242 D UE4     : AndroidEGL::CreateEGLSurface() 0xbfba3de0
12-26 15:34:17.077 15212 15242 D UE4     : AndroidEGL::CreateEGLSurface(1), auxSurface = eglCreatePbufferSurface(), 8x8
12-26 15:34:17.082   670   670 W HwcComposer: command 0x4080000 generated error 4
12-26 15:34:17.082   670   670 I chatty  : uid=1000(system) /system/bin/surfaceflinger identical 7 lines
12-26 15:34:17.082   670   670 W HwcComposer: command 0x4080000 generated error 4
12-26 15:34:17.090 15212 15242 D vulkan  : searching for layers in '/data/app/com.DawGames.projectWA-5v-VYsMPXEypMzQxGV_TPg==/lib/arm'
12-26 15:34:17.091 15212 15242 D vulkan  : searching for layers in '/data/app/com.DawGames.projectWA-5v-VYsMPXEypMzQxGV_TPg==/base.apk!/lib/armeabi-v7a'
12-26 15:34:17.094 15212 15242 I Adreno  : QUALCOMM build          : 4a00b69, I4e7e888065
12-26 15:34:17.094 15212 15242 I Adreno  : Build Date              : 04/09/19
12-26 15:34:17.094 15212 15242 I Adreno  : Shader Compiler Version : EV031.26.06.00
12-26 15:34:17.094 15212 15242 I Adreno  : Local Branch            : mybranche95a5ea3-cf05-f19a-a0e7-5cb90179c3d8
12-26 15:34:17.094 15212 15242 I Adreno  : Remote Branch           : quic/gfx-adreno.lnx.1.0
12-26 15:34:17.094 15212 15242 I Adreno  : Remote Branch           : NONE
12-26 15:34:17.094 15212 15242 I Adreno  : Reconstruct Branch      : NOTHING
12-26 15:34:17.094 15212 15242 I Adreno  : Build Config            : S P 8.0.6 AArch32
12-26 15:34:17.099   670   670 W HwcComposer: command 0x4080000 generated error 4
12-26 15:34:17.148   670   670 I chatty  : uid=1000(system) /system/bin/surfaceflinger identical 34 lines
12-26 15:34:17.148   670   670 W HwcComposer: command 0x4080000 generated error 4
12-26 15:34:17.161 15212 15242 D UE4     : LogPluginManager: Mounting plugin Paper2D
12-26 15:34:17.164 15212 15242 D UE4     : LogPluginManager: Mounting plugin AISupport
12-26 15:34:17.164   670   670 W HwcComposer: command 0x4080000 generated error 4
12-26 15:34:17.165   670   670 I chatty  : uid=1000(system) /system/bin/surfaceflinger identical 7 lines
12-26 15:34:17.165   670   670 W HwcComposer: command 0x4080000 generated error 4
12-26 15:34:17.165 15212 15242 D UE4     : LogPluginManager: Mounting plugin LightPropagationVolume
12-26 15:34:17.167 15212 15242 D UE4     : LogPluginManager: Mounting plugin AnimationSharing
12-26 15:34:17.168 15212 15242 D UE4     : LogPluginManager: Mounting plugin UObjectPlugin
12-26 15:34:17.169 15212 15242 D UE4     : LogPluginManager: Mounting plugin AssetManagerEditor
12-26 15:34:17.170 15212 15242 D UE4     : LogPluginManager: Mounting plugin FacialAnimation
12-26 15:34:17.172 15212 15242 D UE4     : LogPluginManager: Mounting plugin DatasmithContent
12-26 15:34:17.173 15212 15242 D UE4     : LogPluginManager: Mounting plugin VariantManagerContent
12-26 15:34:17.176 15212 15242 D UE4     : LogPluginManager: Mounting plugin AlembicImporter
12-26 15:34:17.177 15212 15242 D UE4     : LogPluginManager: Mounting plugin AutomationUtils
12-26 15:34:17.179 15212 15242 D UE4     : LogPluginManager: Mounting plugin BackChannel
12-26 15:34:17.180 15212 15242 D UE4     : LogPluginManager: Mounting plugin CharacterAI
12-26 15:34:17.181   670   670 W HwcComposer: command 0x4080000 generated error 4
12-26 15:34:17.181   670   670 I chatty  : uid=1000(system) /system/bin/surfaceflinger identical 7 lines
12-26 15:34:17.181   670   670 W HwcComposer: command 0x4080000 generated error 4
12-26 15:34:17.181 15212 15242 D UE4     : LogPluginManager: Mounting plugin GeometryCache
12-26 15:34:17.182 15212 15242 D UE4     : LogPluginManager: Mounting plugin PlatformCrypto
12-26 15:34:17.183 15212 15242 D UE4     : LogPluginManager: Mounting plugin AndroidMedia
12-26 15:34:17.185 15212 15242 D UE4     : LogPluginManager: Mounting plugin ImgMedia
12-26 15:34:17.186 15212 15242 D UE4     : LogPluginManager: Mounting plugin MediaCompositing
12-26 15:34:17.187 15212 15242 D UE4     : LogPluginManager: Mounting plugin TcpMessaging
12-26 15:34:17.188 15212 15242 D UE4     : LogPluginManager: Mounting plugin UdpMessaging
12-26 15:34:17.190 15212 15242 D UE4     : LogPluginManager: Mounting plugin ActorSequence
12-26 15:34:17.191 15212 15242 D UE4     : LogPluginManager: Mounting plugin NetcodeUnitTest
12-26 15:34:17.192 15212 15242 D UE4     : LogPluginManager: Mounting plugin NUTUnrealEngine4
12-26 15:34:17.193 15212 15242 D UE4     : LogPluginManager: Mounting plugin OnlineSubsystemGooglePlay
12-26 15:34:17.195 15212 15242 D UE4     : LogPluginManager: Mounting plugin OnlineSubsystem
12-26 15:34:17.196 15212 15242 D UE4     : LogPluginManager: Mounting plugin OnlineSubsystemNull
12-26 15:34:17.197   670   670 W HwcComposer: command 0x4080000 generated error 4
12-26 15:34:17.197   670   670 I chatty  : uid=1000(system) /system/bin/surfaceflinger identical 7 lines
12-26 15:34:17.197   670   670 W HwcComposer: command 0x4080000 generated error 4
12-26 15:34:17.197 15212 15242 D UE4     : LogPluginManager: Mounting plugin OnlineSubsystemUtils
12-26 15:34:17.199 15212 15242 D UE4     : LogPluginManager: Mounting plugin AndroidDeviceProfileSelector
12-26 15:34:17.200 15212 15242 D UE4     : LogPluginManager: Mounting plugin AndroidMoviePlayer
12-26 15:34:17.201 15212 15242 D UE4     : LogPluginManager: Mounting plugin AndroidPermission
12-26 15:34:17.202 15212 15242 D UE4     : LogPluginManager: Mounting plugin AppleImageUtils
12-26 15:34:17.204 15212 15242 D UE4     : LogPluginManager: Mounting plugin ArchVisCharacter
12-26 15:34:17.205 15212 15242 D UE4     : LogPluginManager: Mounting plugin AssetTags
12-26 15:34:17.206 15212 15242 D UE4     : LogPluginManager: Mounting plugin AudioCapture
12-26 15:34:17.207 15212 15242 D UE4     : LogPluginManager: Mounting plugin CableComponent
12-26 15:34:17.209 15212 15242 D UE4     : LogPluginManager: Mounting plugin CustomMeshComponent
12-26 15:34:17.210 15212 15242 D UE4     : LogPluginManager: Mounting plugin EditableMesh
12-26 15:34:17.211 15212 15242 D UE4     : LogPluginManager: Mounting plugin ExampleDeviceProfileSelector
12-26 15:34:17.212 15212 15242 D UE4     : LogPluginManager: Mounting plugin GoogleCloudMessaging
12-26 15:34:17.213 15212 15242 D UE4     : LogPluginManager: Mounting plugin LocationServicesBPLibrary
12-26 15:34:17.214   670   670 W HwcComposer: command 0x4080000 generated error 4
12-26 15:34:17.214   670   670 I chatty  : uid=1000(system) /system/bin/surfaceflinger identical 7 lines
12-26 15:34:17.214   670   670 W HwcComposer: command 0x4080000 generated error 4
12-26 15:34:17.215 15212 15242 D UE4     : LogPluginManager: Mounting plugin MobilePatchingUtils
12-26 15:34:17.216 15212 15242 D UE4     : LogPluginManager: Mounting plugin OculusVR
12-26 15:34:17.219 15212 15242 D UE4     : LogPluginManager: Mounting plugin PhysXVehicles
12-26 15:34:17.222 15212 15242 D UE4     : LogPluginManager: Mounting plugin ProceduralMeshComponent
12-26 15:34:17.223 15212 15242 D UE4     : LogPluginManager: Mounting plugin RuntimePhysXCooking
12-26 15:34:17.225 15212 15242 D UE4     : LogPluginManager: Mounting plugin SignificanceManager
12-26 15:34:17.226 15212 15242 D UE4     : LogPluginManager: Mounting plugin ScreenshotTools
12-26 15:34:17.230   670   670 W HwcComposer: command 0x4080000 generated error 4
12-26 15:34:17.280   670   670 I chatty  : uid=1000(system) /system/bin/surfaceflinger identical 34 lines
12-26 15:34:17.280   670   670 W HwcComposer: command 0x4080000 generated error 4
12-26 15:34:17.282 26942 26978 W OpenGLRenderer: Incorrectly called buildLayer on View: LockIcon, destroying layer...
12-26 15:34:17.297   670   670 W HwcComposer: command 0x4080000 generated error 4
12-26 15:34:17.297   670   670 I chatty  : uid=1000(system) /system/bin/surfaceflinger identical 3 lines
12-26 15:34:17.297   670   670 W HwcComposer: command 0x4080000 generated error 4
12-26 15:34:17.310 15212 15242 D UE4     : LogInit: Using libcurl 7.46.0
12-26 15:34:17.310 15212 15242 D UE4     : LogInit:  - built for arm-unknown-linux-androideabi
12-26 15:34:17.310 15212 15242 D UE4     : LogInit:  - supports SSL with OpenSSL/1.0.1s
12-26 15:34:17.310 15212 15242 D UE4     : LogInit:  - supports HTTP deflate (compression) using libz 1.2.11
12-26 15:34:17.310 15212 15242 D UE4     : LogInit:  - other features:
12-26 15:34:17.310 15212 15242 D UE4     : LogInit:      CURL_VERSION_SSL
12-26 15:34:17.310 15212 15242 D UE4     : LogInit:      CURL_VERSION_LIBZ
12-26 15:34:17.310 15212 15242 D UE4     : LogInit:      CURL_VERSION_IPV6
12-26 15:34:17.310 15212 15242 D UE4     : LogInit:      CURL_VERSION_ASYNCHDNS
12-26 15:34:17.310 15212 15242 D UE4     : LogInit:      CURL_VERSION_TLSAUTH_SRP
12-26 15:34:17.311 15212 15242 D UE4     : LogInit:  CurlRequestOptions (configurable via config and command line):
12-26 15:34:17.311 15212 15242 D UE4     : LogInit:  - bVerifyPeer = true  - Libcurl will verify peer certificate
12-26 15:34:17.311 15212 15242 D UE4     : LogInit:  - bUseHttpProxy = false  - Libcurl will NOT use HTTP proxy
12-26 15:34:17.311 15212 15242 D UE4     : LogInit:  - bDontReuseConnections = false  - Libcurl will reuse connections
12-26 15:34:17.312 15212 15242 D UE4     : LogInit:  - MaxHostConnections = 16  - Libcurl will limit the number of connections to a host
12-26 15:34:17.312 15212 15242 D UE4     : LogInit:  - LocalHostAddr = Default
12-26 15:34:17.312 15212 15242 D UE4     : LogInit:  - BufferSize = 65536
12-26 15:34:17.313 15212 15242 D UE4     : LogOnline: Display: OSS: OnlineSubsystemGooglePlayModule::StartupModule()
12-26 15:34:17.313 15212 15242 D UE4     : LogOnline: OSS: Creating online subsystem instance for: GooglePlay
12-26 15:34:17.313 15212 15242 D UE4     : LogOnline: Warning: OSS: FOnlineSubsystemGooglePlayModule was disabled
12-26 15:34:17.313 15212 15242 D UE4     : LogOnline: OSS: Unable to create OnlineSubsystem module GooglePlay
12-26 15:34:17.313 15212 15242 D UE4     : LogOnline: OSS: Creating online subsystem instance for: NULL
12-26 15:34:17.314 15212 15242 D UE4     : LogOnline: OSS: TryLoadSubsystemAndSetDefault: Loaded subsystem for module [NULL]
12-26 15:34:17.314 15212 15242 D UE4     : LogOnline: OSS: Creating online subsystem instance for: GooglePlay
12-26 15:34:17.314 15212 15242 D UE4     : LogOnline: Warning: OSS: FOnlineSubsystemGooglePlayModule was disabled
12-26 15:34:17.315 15212 15242 D UE4     : LogHMD: App is not packaged for Oculus Mobile
12-26 15:34:17.315 15212 15242 D UE4     : LogInit: Build: ++UE4+Release-4.24-CL-10757647
12-26 15:34:17.315 15212 15242 D UE4     : LogInit: Engine Version: 4.24.1-10757647+++UE4+Release-4.24
12-26 15:34:17.315 15212 15242 D UE4     : LogInit: Compatible Engine Version: 4.24.0-10570792+++UE4+Release-4.24
12-26 15:34:17.315 15212 15242 D UE4     : LogInit: Net CL: 10570792
12-26 15:34:17.315 15212 15242 D UE4     : LogInit: OS: Android (10), CPU: Pixel 3, GPU: Adreno (TM) 630
12-26 15:34:17.315 15212 15242 D UE4     : LogInit: Compiled (32-bit): Dec 17 2019 02:25:21
12-26 15:34:17.315 15212 15242 D UE4     : LogInit: Compiled with Clang: 3.8.275480 
12-26 15:34:17.315 15212 15242 D UE4     : LogInit: Build Configuration: Development
12-26 15:34:17.315 15212 15242 D UE4     : LogInit: Branch Name: ++UE4+Release-4.24
12-26 15:34:17.315 15212 15242 D UE4     : LogInit: Command Line:   /Game/TopDownBP/Maps/TopDownExampleMap -Messaging -SessionId=2295E0CD46FC71FFC6BF649B0DF07664 -SessionOwner="whaid" -SessionName="Launch On Device" -iterative
12-26 15:34:17.315 15212 15242 D UE4     : LogInit: Base Directory: 
12-26 15:34:17.315 15212 15242 D UE4     : LogInit: Installed Engine Build: 0
12-26 15:34:17.315 15212 15242 D UE4     : LogDevObjectVersion: Number of dev versions registered: 25
12-26 15:34:17.315 15212 15242 D UE4     : LogDevObjectVersion:   Dev-Blueprints (B0D832E4-1F89-4F0D-ACCF-7EB736FD4AA2): 10
12-26 15:34:17.315 15212 15242 D UE4     : LogDevObjectVersion:   Dev-Build (E1C64328-A22C-4D53-A36C-8E866417BD8C): 0
12-26 15:34:17.315 15212 15242 D UE4     : LogDevObjectVersion:   Dev-Core (375EC13C-06E4-48FB-B500-84F0262A717E): 3
12-26 15:34:17.315 15212 15242 D UE4     : LogDevObjectVersion:   Dev-Editor (E4B068ED-F494-42E9-A231-DA0B2E46BB41): 37
12-26 15:34:17.315 15212 15242 D UE4     : LogDevObjectVersion:   Dev-Framework (CFFC743F-43B0-4480-9391-14DF171D2073): 36
12-26 15:34:17.315 15212 15242 D UE4     : LogDevObjectVersion:   Dev-Mobile (B02B49B5-BB20-44E9-A304-32B752E40360): 2
12-26 15:34:17.315 15212 15242 D UE4     : LogDevObjectVersion:   Dev-Networking (A4E4105C-59A1-49B5-A7C5-40C4547EDFEE): 0
12-26 15:34:17.315 15212 15242 D UE4     : LogDevObjectVersion:   Dev-Online (39C831C9-5AE6-47DC-9A44-9C173E1C8E7C): 0
12-26 15:34:17.315 15212 15242 D UE4     : LogDevObjectVersion:   Dev-Physics (78F01B33-EBEA-4F98-B9B4-84EACCB95AA2): 2
12-26 15:34:17.315 15212 15242 D UE4     : LogDevObjectVersion:   Dev-Platform (6631380F-2D4D-43E0-8009-CF276956A95A): 0
12-26 15:34:17.315 15212 15242 D UE4     : LogDevObjectVersion:   Dev-Rendering (12F88B9F-8875-4AFC-A67C-D90C383ABD29): 36
12-26 15:34:17.315 15212 15242 D UE4     : LogDevObjectVersion:   Dev-Sequencer (7B5AE74C-D270-4C10-A958-57980B212A5A): 11
12-26 15:34:17.315 15212 15242 D UE4     : LogDevObjectVersion:   Dev-VR (D7296918-1DD6-4BDD-9DE2-64A83CC13884): 2
12-26 15:34:17.315 15212 15242 D UE4     : LogDevObjectVersion:   Dev-LoadTimes (C2A15278-BFE7-4AFE-6C17-90FF531DF755): 1
12-26 15:34:17.315 15212 15242 D UE4     : LogDevObjectVersion:   Private-Geometry (6EACA3D4-40EC-4CC1-B786-8BED09428FC5): 3
12-26 15:34:17.315 15212 15242 D UE4     : LogDevObjectVersion:   Dev-AnimPhys (29E575DD-E0A3-4627-9D10-D276232CDCEA): 17
12-26 15:34:17.315 15212 15242 D UE4     : LogDevObjectVersion:   Dev-Anim (AF43A65D-7FD3-4947-9873-3E8ED9C1BB05): 2
12-26 15:34:17.315 15212 15242 D UE4     : LogDevObjectVersion:   Dev-ReflectionCapture (6B266CEC-1EC7-4B8F-A30B-E4D90942FC07): 1
12-26 15:34:17.315 15212 15242 D UE4     : LogDevObjectVersion:   Dev-Automation (0DF73D61-A23F-47EA-B727-89E90C41499A): 1
12-26 15:34:17.315 15212 15242 D UE4     : LogDevObjectVersion:   FortniteMain (601D1886-AC64-4F84-AA16-D3DE0DEAC7D6): 31
12-26 15:34:17.315 15212 15242 D UE4     : LogDevObjectVersion:   Dev-Enterprise (9DFFBCD6-494F-0158-E221-12823C92A888): 8
12-26 15:34:17.315 15212 15242 D UE4     : LogDevObjectVersion:   Dev-Niagara (F2AED0AC-9AFE-416F-8664-AA7FFA26D6FC): 1
12-26 15:34:17.315 15212 15242 D UE4     : LogDevObjectVersion:   Dev-Destruction (174F1F0B-B4C6-45A5-B13F-2EE8D0FB917D): 9
12-26 15:34:17.315 15212 15242 D UE4     : LogDevObjectVersion:   Dev-Physics-Ext (35F94A83-E258-406C-A318-09F59610247C): 8
12-26 15:34:17.315 15212 15242 D UE4     : LogDevObjectVersion:   Dev-CineCamera (B2E18506-4273-CFC2-A54E-F4BB758BBA07): 1
12-26 15:34:17.335 15212 15242 D UE4     : LogInit: Presizing for max 131072 objects, including 1 objects not considered by GC, pre-allocating 0 bytes for permanent pool.
12-26 15:34:17.337 15212 15242 D UE4     : LogStreaming: Display: Async Loading initialized: Event Driven Loader: true, Async Loading Thread: false, Async Post Load: true
12-26 15:34:17.348 15212 15242 D UE4     : LogInit: Object subsystem initialized
12-26 15:34:17.352 15212 15242 D UE4     : LogConfig: Setting CVar [[con.DebugEarlyDefault:1]]
12-26 15:34:17.357 15212 15242 D UE4     : [2019.12.26-14.34.17:357][  0]LogConfig: Setting CVar [[con.DebugEarlyDefault:1]]
12-26 15:34:17.358 15212 15242 D UE4     : [2019.12.26-14.34.17:358][  0]LogConfig: Applying CVar settings from Section [/Script/Engine.RendererSettings] File [../../../projectWA/Saved/Config/Android/Engine.ini]
12-26 15:34:17.358 15212 15242 D UE4     : [2019.12.26-14.34.17:358][  0]LogConfig: Setting CVar [[r.GPUCrashDebugging:0]]
12-26 15:34:17.358 15212 15242 D UE4     : [2019.12.26-14.34.17:358][  0]LogConfig: Setting CVar [[r.MobileHDR:0]]
12-26 15:34:17.358 15212 15242 D UE4     : [2019.12.26-14.34.17:358][  0]LogConfig: Setting CVar [[r.Mobile.DisableVertexFog:1]]
12-26 15:34:17.358 15212 15242 D UE4     : [2019.12.26-14.34.17:358][  0]LogConfig: Setting CVar [[r.Shadow.CSM.MaxMobileCascades:2]]
12-26 15:34:17.358 15212 15242 D UE4     : [2019.12.26-14.34.17:358][  0]LogConfig: Setting CVar [[r.MobileMSAA:1]]
12-26 15:34:17.358 15212 15242 D UE4     : [2019.12.26-14.34.17:358][  0]LogConfig: Setting CVar [[r.Mobile.UseLegacyShadingModel:0]]
12-26 15:34:17.358 15212 15242 D UE4     : [2019.12.26-14.34.17:358][  0]LogConfig: Setting CVar [[r.Mobile.UseHWsRGBEncoding:0]]
12-26 15:34:17.358 15212 15242 D UE4     : [2019.12.26-14.34.17:358][  0]LogConfig: Setting CVar [[r.Mobile.AllowDitheredLODTransition:0]]
12-26 15:34:17.358 15212 15242 D UE4     : [2019.12.26-14.34.17:358][  0]LogConfig: Setting CVar [[r.Mobile.AllowSoftwareOcclusion:0]]
12-26 15:34:17.358 15212 15242 D UE4     : [2019.12.26-14.34.17:358][  0]LogConfig: Setting CVar [[r.DiscardUnusedQuality:0]]
12-26 15:34:17.358 15212 15242 D UE4     : [2019.12.26-14.34.17:358][  0]LogConfig: Setting CVar [[r.AllowOcclusionQueries:1]]
12-26 15:34:17.358 15212 15242 D UE4     : [2019.12.26-14.34.17:358][  0]LogConfig: Setting CVar [[r.MinScreenRadiusForLights:0.030000]]
12-26 15:34:17.358 15212 15242 D UE4     : [2019.12.26-14.34.17:358][  0]LogConfig: Setting CVar [[r.MinScreenRadiusForDepthPrepass:0.030000]]
12-26 15:34:17.358 15212 15242 D UE4     : [2019.12.26-14.34.17:358][  0]LogConfig: Setting CVar [[r.MinScreenRadiusForCSMDepth:0.010000]]
12-26 15:34:17.358 15212 15242 D UE4     : [2019.12.26-14.34.17:358][  0]LogConfig: Setting CVar [[r.PrecomputedVisibilityWarning:0]]
12-26 15:34:17.358 15212 15242 D UE4     : [2019.12.26-14.34.17:358][  0]LogConfig: Setting CVar [[r.TextureStreaming:1]]
12-26 15:34:17.358 15212 15242 D UE4     : [2019.12.26-14.34.17:358][  0]LogConfig: Setting CVar [[Compat.UseDXT5NormalMaps:0]]
12-26 15:34:17.358 15212 15242 D UE4     : [2019.12.26-14.34.17:358][  0]LogConfig: Setting CVar [[r.VirtualTextures:0]]
12-26 15:34:17.358 15212 15242 D UE4     : [2019.12.26-14.34.17:358][  0]LogConfig: Setting CVar [[r.VirtualTexturedLightmaps:0]]
12-26 15:34:17.358 15212 15242 D UE4     : [2019.12.26-14.34.17:358][  0]LogConfig: Setting CVar [[r.VT.TileSize:128]]
12-26 15:34:17.358 15212 15242 D UE4     : [2019.12.26-14.34.17:358][  0]LogConfig: Setting CVar [[r.VT.TileBorderSize:4]]
12-26 15:34:17.358 15212 15242 D UE4     : [2019.12.26-14.34.17:358][  0]LogConfig: Setting CVar [[r.vt.FeedbackFactor:16]]
12-26 15:34:17.358 15212 15242 D UE4     : [2019.12.26-14.34.17:358][  0]LogConfig: Setting CVar [[r.VT.EnableCompressZlib:1]]
12-26 15:34:17.358 15212 15242 D UE4     : [2019.12.26-14.34.17:358][  0]LogConfig: Setting CVar [[r.VT.EnableCompressCrunch:0]]
12-26 15:34:17.358 15212 15242 D UE4     : [2019.12.26-14.34.17:358][  0]LogConfig: Setting CVar [[r.ClearCoatNormal:0]]
12-26 15:34:17.358 15212 15242 D UE4     : [2019.12.26-14.34.17:358][  0]LogConfig: Setting CVar [[r.ReflectionCaptureResolution:128]]
12-26 15:34:17.358 15212 15242 D UE4     : [2019.12.26-14.34.17:358][  0]LogConfig: Setting CVar [[r.ReflectionEnvironmentLightmapMixBasedOnRoughness:1]]
12-26 15:34:17.358 15212 15242 D UE4     : [2019.12.26-14.34.17:358][  0]LogConfig: Setting CVar [[r.ForwardShading:0]]
12-26 15:34:17.358 15212 15242 D UE4     : [2019.12.26-14.34.17:358][  0]LogConfig: Setting CVar [[r.VertexFoggingForOpaque:1]]
12-26 15:34:17.359 15212 15242 D UE4     : [2019.12.26-14.34.17:358][  0]LogConfig: Setting CVar [[r.AllowStaticLighting:1]]
12-26 15:34:17.359 15212 15242 D UE4     : [2019.12.26-14.34.17:359][  0]LogConfig: Setting CVar [[r.NormalMapsForStaticLighting:0]]
12-26 15:34:17.359 15212 15242 D UE4     : [2019.12.26-14.34.17:359][  0]LogConfig: Setting CVar [[r.GenerateMeshDistanceFields:0]]
12-26 15:34:17.359 15212 15242 D UE4     : [2019.12.26-14.34.17:359][  0]LogConfig: Setting CVar [[r.DistanceFieldBuild.EightBit:0]]
12-26 15:34:17.359 15212 15242 D UE4     : [2019.12.26-14.34.17:359][  0]LogConfig: Setting CVar [[r.GenerateLandscapeGIData:0]]
12-26 15:34:17.359 15212 15242 D UE4     : [2019.12.26-14.34.17:359][  0]LogConfig: Setting CVar [[r.DistanceFieldBuild.Compress:0]]
12-26 15:34:17.359 15212 15242 D UE4     : [2019.12.26-14.34.17:359][  0]LogConfig: Setting CVar [[r.TessellationAdaptivePixelsPerTriangle:48.000000]]
12-26 15:34:17.359 15212 15242 D UE4     : [2019.12.26-14.34.17:359][  0]LogConfig: Setting CVar [[r.SeparateTranslucency:0]]
12-26 15:34:17.359 15212 15242 D UE4     : [2019.12.26-14.34.17:359][  0]LogConfig: Setting CVar [[r.TranslucentSortPolicy:0]]
12-26 15:34:17.359 15212 15242 D UE4     : [2019.12.26-14.34.17:359][  0]LogConfig: Setting CVar [[r.CustomDepth:1]]
12-26 15:34:17.359 15212 15242 D UE4     : [2019.12.26-14.34.17:359][  0]LogConfig: Setting CVar [[r.CustomDepthTemporalAAJitter:1]]
12-26 15:34:17.359 15212 15242 D UE4     : [2019.12.26-14.34.17:359][  0]LogConfig: Setting CVar [[r.PostProcessing.PropagateAlpha:0]]
12-26 15:34:17.359 15212 15242 D UE4     : [2019.12.26-14.34.17:359][  0]LogConfig: Setting CVar [[r.DefaultFeature.Bloom:0]]
12-26 15:34:17.359 15212 15242 D UE4     : [2019.12.26-14.34.17:359][  0]LogConfig: Setting CVar [[r.DefaultFeature.AmbientOcclusion:0]]
12-26 15:34:17.359 15212 15242 D UE4     : [2019.12.26-14.34.17:359][  0]LogConfig: Setting CVar [[r.DefaultFeature.AmbientOcclusionStaticFraction:1]]
12-26 15:34:17.359 15212 15242 D UE4     : [2019.12.26-14.34.17:359][  0]LogConfig: Setting CVar [[r.DefaultFeature.AutoExposure:0]]
12-26 15:34:17.359 15212 15242 D UE4     : [2019.12.26-14.34.17:359][  0]LogConfig: Setting CVar [[r.DefaultFeature.AutoExposure.Method:0]]
12-26 15:34:17.359 15212 15242 D UE4     : [2019.12.26-14.34.17:359][  0]LogConfig: Setting CVar [[r.DefaultFeature.AutoExposure.ExtendDefaultLuminanceRange:0]]
12-26 15:34:17.359 15212 15242 D UE4     : [2019.12.26-14.34.17:359][  0]LogConfig: Setting CVar [[r.UsePreExposure:1]]
12-26 15:34:17.359 15212 15242 D UE4     : [2019.12.26-14.34.17:359][  0]LogConfig: Setting CVar [[r.EyeAdaptation.EditorOnly:1]]
12-26 15:34:17.359 15212 15242 D UE4     : [2019.12.26-14.34.17:359][  0]LogConfig: Setting CVar [[r.DefaultFeature.MotionBlur:0]]
12-26 15:34:17.359 15212 15242 D UE4     : [2019.12.26-14.34.17:359][  0]LogConfig: Setting CVar [[r.DefaultFeature.LensFlare:0]]
12-26 15:34:17.359 15212 15242 D UE4     : [2019.12.26-14.34.17:359][  0]LogConfig: Setting CVar [[r.TemporalAA.Upsampling:0]]
12-26 15:34:17.359 15212 15242 D UE4     : [2019.12.26-14.34.17:359][  0]LogConfig: Setting CVar [[r.SSGI.Enable:0]]
12-26 15:34:17.359 15212 15242 D UE4     : [2019.12.26-14.34.17:359][  0]LogConfig: Setting CVar [[r.DefaultFeature.AntiAliasing:0]]
12-26 15:34:17.359 15212 15242 D UE4     : [2019.12.26-14.34.17:359][  0]LogConfig: Setting CVar [[r.DefaultFeature.LightUnits:1]]
12-26 15:34:17.359 15212 15242 D UE4     : [2019.12.26-14.34.17:359][  0]LogConfig: Setting CVar [[r.DefaultBackBufferPixelFormat:4]]
12-26 15:34:17.359 15212 15242 D UE4     : [2019.12.26-14.34.17:359][  0]LogConfig: Setting CVar [[r.Shadow.UnbuiltPreviewInGame:1]]
12-26 15:34:17.359 15212 15242 D UE4     : [2019.12.26-14.34.17:359][  0]LogConfig: Setting CVar [[r.StencilForLODDither:0]]
12-26 15:34:17.359 15212 15242 D UE4     : [2019.12.26-14.34.17:359][  0]LogConfig: Setting CVar [[r.EarlyZPass:3]]
12-26 15:34:17.361 15212 15242 D UE4     : [2019.12.26-14.34.17:361][  0]LogConfig: Setting CVar [[r.EarlyZPassOnlyMaterialMasking:0]]
12-26 15:34:17.361 15212 15242 D UE4     : [2019.12.26-14.34.17:361][  0]LogConfig: Setting CVar [[r.DBuffer:1]]
12-26 15:34:17.361 15212 15242 D UE4     : [2019.12.26-14.34.17:361][  0]LogConfig: Setting CVar [[r.ClearSceneMethod:1]]
12-26 15:34:17.361 15212 15242 D UE4     : [2019.12.26-14.34.17:361][  0]LogConfig: Setting CVar [[r.BasePassOutputsVelocity:0]]
12-26 15:34:17.361 15212 15242 D UE4     : [2019.12.26-14.34.17:361][  0]LogConfig: Setting CVar [[r.SelectiveBasePassOutputs:0]]
12-26 15:34:17.361 15212 15242 D UE4     : [2019.12.26-14.34.17:361][  0]LogConfig: Setting CVar [[fx.GPUSimulationTextureSizeX:1024]]
12-26 15:34:17.361 15212 15242 D UE4     : [2019.12.26-14.34.17:361][  0]LogConfig: Setting CVar [[fx.GPUSimulationTextureSizeY:1024]]
12-26 15:34:17.361 15212 15242 D UE4     : [2019.12.26-14.34.17:361][  0]LogConfig: Setting CVar [[r.AllowGlobalClipPlane:0]]
12-26 15:34:17.361 15212 15242 D UE4     : [2019.12.26-14.34.17:361][  0]LogConfig: Setting CVar [[r.GBufferFormat:1]]
12-26 15:34:17.361 15212 15242 D UE4     : [2019.12.26-14.34.17:361][  0]LogConfig: Setting CVar [[r.MorphTarget.Mode:1]]
12-26 15:34:17.361 15212 15242 D UE4     : [2019.12.26-14.34.17:361][  0]LogConfig: Setting CVar [[vr.InstancedStereo:0]]
12-26 15:34:17.362 15212 15242 D UE4     : [2019.12.26-14.34.17:362][  0]LogConfig: Setting CVar [[vr.MultiView:0]]
12-26 15:34:17.362 15212 15242 D UE4     : [2019.12.26-14.34.17:362][  0]LogConfig: Setting CVar [[vr.MobileMultiView:0]]
12-26 15:34:17.362 15212 15242 D UE4     : [2019.12.26-14.34.17:362][  0]LogConfig: Setting CVar [[vr.MobileMultiView.Direct:0]]
12-26 15:34:17.362 15212 15242 D UE4     : [2019.12.26-14.34.17:362][  0]LogConfig: Setting CVar [[vr.RoundRobinOcclusion:0]]
12-26 15:34:17.362 15212 15242 D UE4     : [2019.12.26-14.34.17:362][  0]LogConfig: Setting CVar [[vr.ODSCapture:0]]
12-26 15:34:17.362 15212 15242 D UE4     : [2019.12.26-14.34.17:362][  0]LogConfig: Setting CVar [[r.WireframeCullThreshold:5.000000]]
12-26 15:34:17.362 15212 15242 D UE4     : [2019.12.26-14.34.17:362][  0]LogConfig: Setting CVar [[r.RayTracing:0]]
12-26 15:34:17.362 15212 15242 D UE4     : [2019.12.26-14.34.17:362][  0]LogConfig: Setting CVar [[r.RayTracing.UseTextureLod:0]]
12-26 15:34:17.362 15212 15242 D UE4     : [2019.12.26-14.34.17:362][  0]LogConfig: Setting CVar [[r.SupportStationarySkylight:1]]
12-26 15:34:17.362 15212 15242 D UE4     : [2019.12.26-14.34.17:362][  0]LogConfig: Setting CVar [[r.SupportLowQualityLightmaps:1]]
12-26 15:34:17.362 15212 15242 D UE4     : [2019.12.26-14.34.17:362][  0]LogConfig: Setting CVar [[r.SupportPointLightWholeSceneShadows:1]]
12-26 15:34:17.362 15212 15242 D UE4     : [2019.12.26-14.34.17:362][  0]LogConfig: Setting CVar [[r.SupportAtmosphericFog:1]]
12-26 15:34:17.362 15212 15242 D UE4     : [2019.12.26-14.34.17:362][  0]LogConfig: Setting CVar [[r.SupportSkyAtmosphere:1]]
12-26 15:34:17.362 15212 15242 D UE4     : [2019.12.26-14.34.17:362][  0]LogConfig: Setting CVar [[r.SupportSkyAtmosphereAffectsHeightFog:0]]
12-26 15:34:17.362 15212 15242 D UE4     : [2019.12.26-14.34.17:362][  0]LogConfig: Setting CVar [[r.SkinCache.CompileShaders:0]]
12-26 15:34:17.362 15212 15242 D UE4     : [2019.12.26-14.34.17:362][  0]LogConfig: Setting CVar [[r.Mobile.EnableStaticAndCSMShadowReceivers:1]]
12-26 15:34:17.362 15212 15242 D UE4     : [2019.12.26-14.34.17:362][  0]LogConfig: Setting CVar [[r.Mobile.EnableMovableLightCSMShaderCulling:1]]
12-26 15:34:17.362 15212 15242 D UE4     : [2019.12.26-14.34.17:362][  0]LogConfig: Setting CVar [[r.Mobile.AllowDistanceFieldShadows:1]]
12-26 15:34:17.362 15212 15242 D UE4     : [2019.12.26-14.34.17:362][  0]LogConfig: Setting CVar [[r.Mobile.AllowMovableDirectionalLights:1]]
12-26 15:34:17.362 15212 15242 D UE4     : [2019.12.26-14.34.17:362][  0]LogConfig: Setting CVar [[r.MobileNumDynamicPointLights:4]]
12-26 15:34:17.362 15212 15242 D UE4     : [2019.12.26-14.34.17:362][  0]LogConfig: Setting CVar [[r.MobileDynamicPointLightsUseStaticBranch:1]]
12-26 15:34:17.362 15212 15242 D UE4     : [2019.12.26-14.34.17:362][  0]LogConfig: Setting CVar [[r.Mobile.EnableMovableSpotlights:0]]
12-26 15:34:17.362 15212 15242 D UE4     : [2019.12.26-14.34.17:362][  0]LogConfig: Setting CVar [[r.SkinCache.SceneMemoryLimitInMB:128.000000]]
12-26 15:34:17.362 15212 15242 D UE4     : [2019.12.26-14.34.17:362][  0]LogConfig: Setting CVar [[r.GPUSkin.Limit2BoneInfluences:0]]
12-26 15:34:17.362 15212 15242 D UE4     : [2019.12.26-14.34.17:362][  0]LogConfig: Setting CVar [[r.SupportDepthOnlyIndexBuffers:1]]
12-26 15:34:17.362 15212 15242 D UE4     : [2019.12.26-14.34.17:362][  0]LogConfig: Setting CVar [[r.SupportReversedIndexBuffers:1]]
12-26 15:34:17.362 15212 15242 D UE4     : [2019.12.26-14.34.17:362][  0]LogConfig: Setting CVar [[r.SupportMaterialLayers:0]]
12-26 15:34:17.362 15212 15242 D UE4     : [2019.12.26-14.34.17:362][  0]LogConfig: Setting CVar [[r.LightPropagationVolume:0]]
12-26 15:34:17.362 15212 15242 D UE4     : [2019.12.26-14.34.17:362][  0]LogConfig: Applying CVar settings from Section [/Script/Engine.RendererOverrideSettings] File [../../../projectWA/Saved/Config/Android/Engine.ini]
12-26 15:34:17.362 15212 15242 D UE4     : [2019.12.26-14.34.17:362][  0]LogConfig: Applying CVar settings from Section [/Script/Engine.StreamingSettings] File [../../../projectWA/Saved/Config/Android/Engine.ini]
12-26 15:34:17.362 15212 15242 D UE4     : [2019.12.26-14.34.17:362][  0]LogConfig: Setting CVar [[s.MinBulkDataSizeForAsyncLoading:131072]]
12-26 15:34:17.362 15212 15242 D UE4     : [2019.12.26-14.34.17:362][  0]LogConfig: Setting CVar [[s.AsyncLoadingThreadEnabled:0]]
12-26 15:34:17.362 15212 15242 D UE4     : [2019.12.26-14.34.17:362][  0]LogConfig: Setting CVar [[s.EventDrivenLoaderEnabled:1]]
12-26 15:34:17.362 15212 15242 D UE4     : [2019.12.26-14.34.17:362][  0]LogConfig: Setting CVar [[s.WarnIfTimeLimitExceeded:0]]
12-26 15:34:17.362 15212 15242 D UE4     : [2019.12.26-14.34.17:362][  0]LogConfig: Setting CVar [[s.TimeLimitExceededMultiplier:1.5]]
12-26 15:34:17.362 15212 15242 D UE4     : [2019.12.26-14.34.17:362][  0]LogConfig: Setting CVar [[s.TimeLimitExceededMinTime:0.005]]
12-26 15:34:17.363 15212 15242 D UE4     : [2019.12.26-14.34.17:363][  0]LogConfig: Setting CVar [[s.UseBackgroundLevelStreaming:1]]
12-26 15:34:17.363 15212 15242 D UE4     : [2019.12.26-14.34.17:363][  0]LogConfig: Setting CVar [[s.PriorityAsyncLoadingExtraTime:15.0]]
12-26 15:34:17.363 15212 15242 D UE4     : [2019.12.26-14.34.17:363][  0]LogConfig: Setting CVar [[s.LevelStreamingActorsUpdateTimeLimit:5.0]]
12-26 15:34:17.363 15212 15242 D UE4     : [2019.12.26-14.34.17:363][  0]LogConfig: Setting CVar [[s.PriorityLevelStreamingActorsUpdateExtraTime:5.0]]
12-26 15:34:17.363 15212 15242 D UE4     : [2019.12.26-14.34.17:363][  0]LogConfig: Setting CVar [[s.LevelStreamingComponentsRegistrationGranularity:10]]
12-26 15:34:17.363 15212 15242 D UE4     : [2019.12.26-14.34.17:363][  0]LogConfig: Setting CVar [[s.UnregisterComponentsTimeLimit:1.0]]
12-26 15:34:17.363 15212 15242 D UE4     : [2019.12.26-14.34.17:363][  0]LogConfig: Setting CVar [[s.LevelStreamingComponentsUnregistrationGranularity:5]]
12-26 15:34:17.363 15212 15242 D UE4     : [2019.12.26-14.34.17:363][  0]LogConfig: Setting CVar [[s.FlushStreamingOnExit:1]]
12-26 15:34:17.363 15212 15242 D UE4     : [2019.12.26-14.34.17:363][  0]LogConfig: Applying CVar settings from Section [/Script/Engine.GarbageCollectionSettings] File [../../../projectWA/Saved/Config/Android/Engine.ini]
12-26 15:34:17.363 15212 15242 D UE4     : [2019.12.26-14.34.17:363][  0]LogConfig: Setting CVar [[gc.MaxObjectsNotConsideredByGC:1]]
12-26 15:34:17.363 15212 15242 D UE4     : [2019.12.26-14.34.17:363][  0]LogConfig: Setting CVar [[gc.SizeOfPermanentObjectPool:0]]
12-26 15:34:17.363 15212 15242 D UE4     : [2019.12.26-14.34.17:363][  0]LogConfig: Setting CVar [[gc.FlushStreamingOnGC:0]]
12-26 15:34:17.363 15212 15242 D UE4     : [2019.12.26-14.34.17:363][  0]LogConfig: Setting CVar [[gc.NumRetriesBeforeForcingGC:10]]
12-26 15:34:17.363 15212 15242 D UE4     : [2019.12.26-14.34.17:363][  0]LogConfig: Setting CVar [[gc.AllowParallelGC:1]]
12-26 15:34:17.363 15212 15242 D UE4     : [2019.12.26-14.34.17:363][  0]LogConfig: Setting CVar [[gc.TimeBetweenPurgingPendingKillObjects:61.1]]
12-26 15:34:17.363 15212 15242 D UE4     : [2019.12.26-14.34.17:363][  0]LogConfig: Setting CVar [[gc.MaxObjectsInEditor:25165824]]
12-26 15:34:17.363 15212 15242 D UE4     : [2019.12.26-14.34.17:363][  0]LogConfig: Setting CVar [[gc.IncrementalBeginDestroyEnabled:1]]
12-26 15:34:17.363 15212 15242 D UE4     : [2019.12.26-14.34.17:363][  0]LogConfig: Setting CVar [[gc.CreateGCClusters:1]]
12-26 15:34:17.363 15212 15242 D UE4     : [2019.12.26-14.34.17:363][  0]LogConfig: Setting CVar [[gc.MinGCClusterSize:5]]
12-26 15:34:17.363 15212 15242 D UE4     : [2019.12.26-14.34.17:363][  0]LogConfig: Setting CVar [[gc.ActorClusteringEnabled:0]]
12-26 15:34:17.363 15212 15242 D UE4     : [2019.12.26-14.34.17:363][  0]LogConfig: Setting CVar [[gc.BlueprintClusteringEnabled:0]]
12-26 15:34:17.363 15212 15242 D UE4     : [2019.12.26-14.34.17:363][  0]LogConfig: Setting CVar [[gc.UseDisregardForGCOnDedicatedServers:0]]
12-26 15:34:17.363 15212 15242 D UE4     : [2019.12.26-14.34.17:363][  0]LogConfig: Setting CVar [[gc.MaxObjectsInGame:131072]]
12-26 15:34:17.363 15212 15242 D UE4     : [2019.12.26-14.34.17:363][  0]LogConfig: Applying CVar settings from Section [/Script/Engine.NetworkSettings] File [../../../projectWA/Saved/Config/Android/Engine.ini]
12-26 15:34:17.365 15212 15242 D UE4     : [2019.12.26-14.34.17:365][  0]LogAndroid: Mobile HDR: no
12-26 15:34:17.365 15212 15242 D UE4     : [2019.12.26-14.34.17:365][  0]LogAndroidWindowUtils: Setting Width=1344 and Height=720 (requested scale = 1.000000)
12-26 15:34:17.365 15212 15242 D UE4     : [2019.12.26-14.34.17:365][  0]LogConfig: Applying CVar settings from Section [ViewDistanceQuality@3] File [../../../projectWA/Saved/Config/Android/Scalability.ini]
12-26 15:34:17.365 15212 15242 D UE4     : [2019.12.26-14.34.17:365][  0]LogConfig: Setting CVar [[r.SkeletalMeshLODBias:0]]
12-26 15:34:17.365 15212 15242 D UE4     : [2019.12.26-14.34.17:365][  0]LogConfig: Setting CVar [[r.ViewDistanceScale:1.0]]
12-26 15:34:17.365 15212 15242 D UE4     : [2019.12.26-14.34.17:365][  0]LogConfig: Applying CVar settings from Section [AntiAliasingQuality@3] File [../../../projectWA/Saved/Config/Android/Scalability.ini]
12-26 15:34:17.365 15212 15242 D UE4     : [2019.12.26-14.34.17:365][  0]LogConfig: Setting CVar [[r.PostProcessAAQuality:4]]
12-26 15:34:17.365 15212 15242 D UE4     : [2019.12.26-14.34.17:365][  0]LogConfig: Applying CVar settings from Section [ShadowQuality@3] File [../../../projectWA/Saved/Config/Android/Scalability.ini]
12-26 15:34:17.365 15212 15242 D UE4     : [2019.12.26-14.34.17:365][  0]LogConfig: Setting CVar [[r.LightFunctionQuality:1]]
12-26 15:34:17.365 15212 15242 D UE4     : [2019.12.26-14.34.17:365][  0]LogConfig: Setting CVar [[r.ShadowQuality:5]]
12-26 15:34:17.365 15212 15242 D UE4     : [2019.12.26-14.34.17:365][  0]LogConfig: Setting CVar [[r.Shadow.CSM.MaxCascades:10]]
12-26 15:34:17.365 15212 15242 D UE4     : [2019.12.26-14.34.17:365][  0]LogConfig: Setting CVar [[r.Shadow.MaxResolution:2048]]
12-26 15:34:17.365 15212 15242 D UE4     : [2019.12.26-14.34.17:365][  0]LogConfig: Setting CVar [[r.Shadow.MaxCSMResolution:2048]]
12-26 15:34:17.365 15212 15242 D UE4     : [2019.12.26-14.34.17:365][  0]LogConfig: Setting CVar [[r.Shadow.RadiusThreshold:0.01]]
12-26 15:34:17.366 15212 15242 D UE4     : [2019.12.26-14.34.17:366][  0]LogConfig: Setting CVar [[r.Shadow.DistanceScale:1.0]]
12-26 15:34:17.366 15212 15242 D UE4     : [2019.12.26-14.34.17:366][  0]LogConfig: Setting CVar [[r.Shadow.CSM.TransitionScale:1.0]]
12-26 15:34:17.366 15212 15242 D UE4     : [2019.12.26-14.34.17:366][  0]LogConfig: Setting CVar [[r.Shadow.PreShadowResolutionFactor:1.0]]
12-26 15:34:17.366 15212 15242 D UE4     : [2019.12.26-14.34.17:366][  0]LogConfig: Setting CVar [[r.DistanceFieldShadowing:1]]
12-26 15:34:17.366 15212 15242 D UE4     : [2019.12.26-14.34.17:366][  0]LogConfig: Setting CVar [[r.DistanceFieldAO:1]]
12-26 15:34:17.366 15212 15242 D UE4     : [2019.12.26-14.34.17:366][  0]LogConfig: Setting CVar [[r.AOQuality:2]]
12-26 15:34:17.366 15212 15242 D UE4     : [2019.12.26-14.34.17:366][  0]LogConfig: Setting CVar [[r.VolumetricFog:1]]
12-26 15:34:17.366 15212 15242 D UE4     : [2019.12.26-14.34.17:366][  0]LogConfig: Setting CVar [[r.VolumetricFog.GridPixelSize:8]]
12-26 15:34:17.366 15212 15242 D UE4     : [2019.12.26-14.34.17:366][  0]LogConfig: Setting CVar [[r.VolumetricFog.GridSizeZ:128]]
12-26 15:34:17.366 15212 15242 D UE4     : [2019.12.26-14.34.17:366][  0]LogConfig: Setting CVar [[r.VolumetricFog.HistoryMissSupersampleCount:4]]
12-26 15:34:17.366 15212 15242 D UE4     : [2019.12.26-14.34.17:366][  0]LogConfig: Setting CVar [[r.LightMaxDrawDistanceScale:1]]
12-26 15:34:17.366 15212 15242 D UE4     : [2019.12.26-14.34.17:366][  0]LogConfig: Setting CVar [[r.CapsuleShadows:1]]
12-26 15:34:17.366 15212 15242 D UE4     : [2019.12.26-14.34.17:366][  0]LogConfig: Applying CVar settings from Section [PostProcessQuality@3] File [../../../projectWA/Saved/Config/Android/Scalability.ini]
12-26 15:34:17.366 15212 15242 D UE4     : [2019.12.26-14.34.17:366][  0]LogConfig: Setting CVar [[r.MotionBlurQuality:4]]
12-26 15:34:17.366 15212 15242 D UE4     : [2019.12.26-14.34.17:366][  0]LogConfig: Setting CVar [[r.AmbientOcclusionMipLevelFactor:0.4]]
12-26 15:34:17.366 15212 15242 D UE4     : [2019.12.26-14.34.17:366][  0]LogConfig: Setting CVar [[r.AmbientOcclusionMaxQuality:100]]
12-26 15:34:17.366 15212 15242 D UE4     : [2019.12.26-14.34.17:366][  0]LogConfig: Setting CVar [[r.AmbientOcclusionLevels:-1]]
12-26 15:34:17.366 15212 15242 D UE4     : [2019.12.26-14.34.17:366][  0]LogConfig: Setting CVar [[r.AmbientOcclusionRadiusScale:1.0]]
12-26 15:34:17.366 15212 15242 D UE4     : [2019.12.26-14.34.17:366][  0]LogConfig: Setting CVar [[r.DepthOfFieldQuality:2]]
12-26 15:34:17.366 15212 15242 D UE4     : [2019.12.26-14.34.17:366][  0]LogConfig: Setting CVar [[r.RenderTargetPoolMin:400]]
12-26 15:34:17.366 15212 15242 D UE4     : [2019.12.26-14.34.17:366][  0]LogConfig: Setting CVar [[r.LensFlareQuality:2]]
12-26 15:34:17.366 15212 15242 D UE4     : [2019.12.26-14.34.17:366][  0]LogConfig: Setting CVar [[r.SceneColorFringeQuality:1]]
12-26 15:34:17.366 15212 15242 D UE4     : [2019.12.26-14.34.17:366][  0]LogConfig: Setting CVar [[r.EyeAdaptationQuality:2]]
12-26 15:34:17.366 15212 15242 D UE4     : [2019.12.26-14.34.17:366][  0]LogConfig: Setting CVar [[r.BloomQuality:5]]
12-26 15:34:17.366 15212 15242 D UE4     : [2019.12.26-14.34.17:366][  0]LogConfig: Setting CVar [[r.FastBlurThreshold:100]]
12-26 15:34:17.366 15212 15242 D UE4     : [2019.12.26-14.34.17:366][  0]LogConfig: Setting CVar [[r.Upscale.Quality:3]]
12-26 15:34:17.366 15212 15242 D UE4     : [2019.12.26-14.34.17:366][  0]LogConfig: Setting CVar [[r.Tonemapper.GrainQuantization:1]]
12-26 15:34:17.366 15212 15242 D UE4     : [2019.12.26-14.34.17:366][  0]LogConfig: Setting CVar [[r.LightShaftQuality:1]]
12-26 15:34:17.366 15212 15242 D UE4     : [2019.12.26-14.34.17:366][  0]LogConfig: Setting CVar [[r.Filter.SizeScale:1]]
12-26 15:34:17.366 15212 15242 D UE4     : [2019.12.26-14.34.17:366][  0]LogConfig: Setting CVar [[r.Tonemapper.Quality:5]]
12-26 15:34:17.366 15212 15242 D UE4     : [2019.12.26-14.34.17:366][  0]LogConfig: Setting CVar [[r.DOF.Gather.AccumulatorQuality:1        ; higher gathering accumulator quality]]
12-26 15:34:17.366 15212 15242 D UE4     : [2019.12.26-14.34.17:366][  0]LogConfig: Setting CVar [[r.DOF.Gather.PostfilterMethod:1          ; Median3x3 postfilering method]]
12-26 15:34:17.366 15212 15242 D UE4     : [2019.12.26-14.34.17:366][  0]LogConfig: Setting CVar [[r.DOF.Gather.EnableBokehSettings:0       ; no bokeh simulation when gathering]]
12-26 15:34:17.366 15212 15242 D UE4     : [2019.12.26-14.34.17:366][  0]LogConfig: Setting CVar [[r.DOF.Gather.RingCount:4                 ; medium number of samples when gathering]]
12-26 15:34:17.367 15212 15242 D UE4     : [2019.12.26-14.34.17:366][  0]LogConfig: Setting CVar [[r.DOF.Scatter.ForegroundCompositing:1    ; additive foreground scattering]]
12-26 15:34:17.367 15212 15242 D UE4     : [2019.12.26-14.34.17:367][  0]LogConfig: Setting CVar [[r.DOF.Scatter.BackgroundCompositing:2    ; additive background scattering]]
12-26 15:34:17.367 15212 15242 D UE4     : [2019.12.26-14.34.17:367][  0]LogConfig: Setting CVar [[r.DOF.Scatter.EnableBokehSettings:1      ; bokeh simulation when scattering]]
12-26 15:34:17.367 15212 15242 D UE4     : [2019.12.26-14.34.17:367][  0]LogConfig: Setting CVar [[r.DOF.Scatter.MaxSpriteRatio:0.1         ; only a maximum of 10% of scattered bokeh]]
12-26 15:34:17.367 15212 15242 D UE4     : [2019.12.26-14.34.17:367][  0]LogConfig: Setting CVar [[r.DOF.Recombine.Quality:1                ; cheap slight out of focus]]
12-26 15:34:17.367 15212 15242 D UE4     : [2019.12.26-14.34.17:367][  0]LogConfig: Setting CVar [[r.DOF.Recombine.EnableBokehSettings:0    ; no bokeh simulation on slight out of focus]]
12-26 15:34:17.367 15212 15242 D UE4     : [2019.12.26-14.34.17:367][  0]LogConfig: Setting CVar [[r.DOF.TemporalAAQuality:1                ; more stable temporal accumulation]]
12-26 15:34:17.367 15212 15242 D UE4     : [2019.12.26-14.34.17:367][  0]LogConfig: Setting CVar [[r.DOF.Kernel.MaxForegroundRadius:0.025]]
12-26 15:34:17.367 15212 15242 D UE4     : [2019.12.26-14.34.17:367][  0]LogConfig: Setting CVar [[r.DOF.Kernel.MaxBackgroundRadius:0.025]]
12-26 15:34:17.367 15212 15242 D UE4     : [2019.12.26-14.34.17:367][  0]LogConfig: Applying CVar settings from Section [TextureQuality@3] File [../../../projectWA/Saved/Config/Android/Scalability.ini]
12-26 15:34:17.367 15212 15242 D UE4     : [2019.12.26-14.34.17:367][  0]LogConfig: Setting CVar [[r.Streaming.MipBias:0]]
12-26 15:34:17.367 15212 15242 D UE4     : [2019.12.26-14.34.17:367][  0]LogConfig: Setting CVar [[r.Streaming.AmortizeCPUToGPUCopy:0]]
12-26 15:34:17.367 15212 15242 D UE4     : [2019.12.26-14.34.17:367][  0]LogConfig: Setting CVar [[r.Streaming.MaxNumTexturesToStreamPerFrame:0]]
12-26 15:34:17.367 15212 15242 D UE4     : [2019.12.26-14.34.17:367][  0]LogConfig: Setting CVar [[r.Streaming.Boost:1]]
12-26 15:34:17.367 15212 15242 D UE4     : [2019.12.26-14.34.17:367][  0]LogConfig: Setting CVar [[r.MaxAnisotropy:8]]
12-26 15:34:17.367 15212 15242 D UE4     : [2019.12.26-14.34.17:367][  0]LogConfig: Setting CVar [[r.VT.MaxAnisotropy:8]]
12-26 15:34:17.367 15212 15242 D UE4     : [2019.12.26-14.34.17:367][  0]LogConfig: Setting CVar [[r.Streaming.LimitPoolSizeToVRAM:0]]
12-26 15:34:17.367 15212 15242 D UE4     : [2019.12.26-14.34.17:367][  0]LogConfig: Setting CVar [[r.Streaming.PoolSize:1000]]
12-26 15:34:17.367 15212 15242 D UE4     : [2019.12.26-14.34.17:367][  0]LogConfig: Setting CVar [[r.Streaming.MaxEffectiveScreenSize:0]]
12-26 15:34:17.367 15212 15242 D UE4     : [2019.12.26-14.34.17:367][  0]LogConfig: Applying CVar settings from Section [EffectsQuality@3] File [../../../projectWA/Saved/Config/Android/Scalability.ini]
12-26 15:34:17.367 15212 15242 D UE4     : [2019.12.26-14.34.17:367][  0]LogConfig: Setting CVar [[r.TranslucencyLightingVolumeDim:64]]
12-26 15:34:17.367 15212 15242 D UE4     : [2019.12.26-14.34.17:367][  0]LogConfig: Setting CVar [[r.RefractionQuality:2]]
12-26 15:34:17.367 15212 15242 D UE4     : [2019.12.26-14.34.17:367][  0]LogConfig: Setting CVar [[r.SSR.Quality:3]]
12-26 15:34:17.367 15212 15242 D UE4     : [2019.12.26-14.34.17:367][  0]LogConfig: Setting CVar [[r.SSR.HalfResSceneColor:0]]
12-26 15:34:17.367 15212 15242 D UE4     : [2019.12.26-14.34.17:367][  0]LogConfig: Setting CVar [[r.SceneColorFormat:4]]
12-26 15:34:17.367 15212 15242 D UE4     : [2019.12.26-14.34.17:367][  0]LogConfig: Setting CVar [[r.DetailMode:2]]
12-26 15:34:17.367 15212 15242 D UE4     : [2019.12.26-14.34.17:367][  0]LogConfig: Setting CVar [[r.TranslucencyVolumeBlur:1]]
12-26 15:34:17.367 15212 15242 D UE4     : [2019.12.26-14.34.17:367][  0]LogConfig: Setting CVar [[r.MaterialQualityLevel:1 ; High quality]]
12-26 15:34:17.367 15212 15242 D UE4     : [2019.12.26-14.34.17:367][  0]LogConfig: Setting CVar [[r.SSS.Scale:1]]
12-26 15:34:17.367 15212 15242 D UE4     : [2019.12.26-14.34.17:367][  0]LogConfig: Setting CVar [[r.SSS.SampleSet:2]]
12-26 15:34:17.367 15212 15242 D UE4     : [2019.12.26-14.34.17:367][  0]LogConfig: Setting CVar [[r.SSS.Quality:1]]
12-26 15:34:17.367 15212 15242 D UE4     : [2019.12.26-14.34.17:367][  0]LogConfig: Setting CVar [[r.SSS.HalfRes:1]]
12-26 15:34:17.367 15212 15242 D UE4     : [2019.12.26-14.34.17:367][  0]LogConfig: Setting CVar [[r.SSGI.Quality:3]]
12-26 15:34:17.368 15212 15242 D UE4     : [2019.12.26-14.34.17:367][  0]LogConfig: Setting CVar [[r.EmitterSpawnRateScale:1.0]]
12-26 15:34:17.368 15212 15242 D UE4     : [2019.12.26-14.34.17:368][  0]LogConfig: Setting CVar [[r.ParticleLightQuality:2]]
12-26 15:34:17.368 15212 15242 D UE4     : [2019.12.26-14.34.17:368][  0]LogConfig: Setting CVar [[r.SkyAtmosphere.AerialPerspectiveLUT.FastApplyOnOpaque:1 ; Always have FastSkyLUT 1 in this case to avoid wrong sky]]
12-26 15:34:17.368 15212 15242 D UE4     : [2019.12.26-14.34.17:368][  0]LogConfig: Setting CVar [[r.SkyAtmosphere.AerialPerspectiveLUT.SampleCountPerSlice:1]]
12-26 15:34:17.368 15212 15242 D UE4     : [2019.12.26-14.34.17:368][  0]LogConfig: Setting CVar [[r.SkyAtmosphere.AerialPerspectiveLUT.DepthResolution:4]]
12-26 15:34:17.368 15212 15242 D UE4     : [2019.12.26-14.34.17:368][  0]LogConfig: Setting CVar [[r.SkyAtmosphere.FastSkyLUT:1]]
12-26 15:34:17.368 15212 15242 D UE4     : [2019.12.26-14.34.17:368][  0]LogConfig: Setting CVar [[r.SkyAtmosphere.FastSkyLUT.SampleCountMin:1.0]]
12-26 15:34:17.368 15212 15242 D UE4     : [2019.12.26-14.34.17:368][  0]LogConfig: Setting CVar [[r.SkyAtmosphere.FastSkyLUT.SampleCountMax:8.0]]
12-26 15:34:17.368 15212 15242 D UE4     : [2019.12.26-14.34.17:368][  0]LogConfig: Setting CVar [[r.SkyAtmosphere.SampleCountMin:4.0]]
12-26 15:34:17.368 15212 15242 D UE4     : [2019.12.26-14.34.17:368][  0]LogConfig: Setting CVar [[r.SkyAtmosphere.SampleCountMax:32.0]]
12-26 15:34:17.368 15212 15242 D UE4     : [2019.12.26-14.34.17:368][  0]LogConfig: Setting CVar [[r.SkyAtmosphere.TransmittanceLUT.UseSmallFormat:1]]
12-26 15:34:17.368 15212 15242 D UE4     : [2019.12.26-14.34.17:368][  0]LogConfig: Setting CVar [[r.SkyAtmosphere.TransmittanceLUT.SampleCount:10.0]]
12-26 15:34:17.368 15212 15242 D UE4     : [2019.12.26-14.34.17:368][  0]LogConfig: Setting CVar [[r.SkyAtmosphere.MultiScatteringLUT.SampleCount:15.0]]
12-26 15:34:17.368 15212 15242 D UE4     : [2019.12.26-14.34.17:368][  0]LogConfig: Setting CVar [[r.SkyAtmosphere.FastSkyLUT.Width:96]]
12-26 15:34:17.368 15212 15242 D UE4     : [2019.12.26-14.34.17:368][  0]LogConfig: Setting CVar [[r.SkyAtmosphere.FastSkyLUT.Height:50]]
12-26 15:34:17.368 15212 15242 D UE4     : [2019.12.26-14.34.17:368][  0]LogConfig: Applying CVar settings from Section [FoliageQuality@3] File [../../../projectWA/Saved/Config/Android/Scalability.ini]
12-26 15:34:17.368 15212 15242 D UE4     : [2019.12.26-14.34.17:368][  0]LogConfig: Setting CVar [[foliage.DensityScale:1.0]]
12-26 15:34:17.368 15212 15242 D UE4     : [2019.12.26-14.34.17:368][  0]LogConfig: Setting CVar [[grass.DensityScale:1.0]]
12-26 15:34:17.368 15212 15242 D UE4     : [2019.12.26-14.34.17:368][  0]LogConfig: Applying CVar settings from Section [ShadingQuality@3] File [../../../projectWA/Saved/Config/Android/Scalability.ini]
12-26 15:34:17.368 15212 15242 D UE4     : [2019.12.26-14.34.17:368][  0]LogConfig: Setting CVar [[r.HairStrands.SkyLighting.SampleCount:16]]
12-26 15:34:17.368 15212 15242 D UE4     : [2019.12.26-14.34.17:368][  0]LogConfig: Setting CVar [[r.HairStrands.SkyLighting.JitterIntegration:0]]
12-26 15:34:17.368 15212 15242 D UE4     : [2019.12.26-14.34.17:368][  0]LogConfig: Setting CVar [[r.HairStrands.SkyAO.SampleCount:16]]
12-26 15:34:17.368 15212 15242 D UE4     : [2019.12.26-14.34.17:368][  0]LogAndroid: Vulkan not available as project packaged without bSupportsVulkan or bSupportsVulkanSM5.
12-26 15:34:17.378 15212 15242 D UE4     : [2019.12.26-14.34.17:378][  0]LogAndroid: Checking 35 rules from DeviceProfile ini file.
12-26 15:34:17.378 15212 15242 D UE4     : [2019.12.26-14.34.17:378][  0]LogAndroid:   Default profile: Android_Default
12-26 15:34:17.378 15212 15242 D UE4     : [2019.12.26-14.34.17:378][  0]LogAndroid:   GpuFamily: Adreno (TM) 630
12-26 15:34:17.378 15212 15242 D UE4     : [2019.12.26-14.34.17:378][  0]LogAndroid:   GlVersion: OpenGL ES 3.2 V@384.0 (GIT@4a00b69, I4e7e888065) (Date:04/09/19)
12-26 15:34:17.378 15212 15242 D UE4     : [2019.12.26-14.34.17:378][  0]LogAndroid:   VulkanAvailable: false
12-26 15:34:17.378 15212 15242 D UE4     : [2019.12.26-14.34.17:378][  0]LogAndroid:   VulkanVersion: 1.1.87
