--------- beginning of system
12-26 12:54:39.148  1380  7830 I ActivityTaskManager: START u0 {flg=0x10000000 cmp=com.DawGames.projectWA/com.epicgames.ue4.SplashActivity} from uid 2000
--------- beginning of main
12-26 12:54:39.155   917   917 D android.hardware.power@1.3-service.pixel-libperfmgr: LAUNCH: 1
12-26 12:54:39.156   917   917 D android.hardware.power@1.3-service.pixel-libperfmgr: LAUNCH: 0
12-26 12:54:39.176   888   888 D Zygote  : Forked child process 2120
12-26 12:54:39.180  1380  1451 I ActivityManager: Start proc 2120:com.DawGames.projectWA/u0a268 for activity {com.DawGames.projectWA/com.epicgames.ue4.SplashActivity}
12-26 12:54:39.188  2120  2120 I Games.projectW: Late-enabling -Xcheck:jni
12-26 12:54:39.240  2120  2120 E Games.projectW: Unknown bits set in runtime_flags: 0x8000
12-26 12:54:39.293  1380  7830 W ActivityTaskManager: Request to remove task ignored for non-existent task 959
12-26 12:54:39.308   853  1164 I netd    : firewallSetUidRule(2, 10268, 1) <0.05ms>
12-26 12:54:39.333  2120  2120 I Games.projectW: The ClassLoaderContext is a special shared library.
12-26 12:54:39.655  2120  2156 V UE4     : [NetworkChangedManager] Network Available
12-26 12:54:39.742  1380  2076 I ActivityTaskManager: START u0 {flg=0x10000 cmp=com.DawGames.projectWA/com.epicgames.ue4.GameActivity (has extras)} from uid 10268
12-26 12:54:39.744   917   917 D android.hardware.power@1.3-service.pixel-libperfmgr: LAUNCH: 1
12-26 12:54:39.749   917   917 D android.hardware.power@1.3-service.pixel-libperfmgr: LAUNCH: 0
12-26 12:54:39.852  2120  2120 D OVRPlugin: JNI_OnLoad
12-26 12:54:40.207  2120  2120 D UE4     : Used memory before allocating anything was 79.44MB
12-26 12:54:40.282  1380  1444 W ActivityTaskManager: Activity top resumed state loss timeout for ActivityRecord{5fb602 u0 com.DawGames.projectWA/com.epicgames.ue4.GameActivity t960}
12-26 12:54:40.282  1380  1444 W ActivityTaskManager: Activity pause timeout for ActivityRecord{5fb602 u0 com.DawGames.projectWA/com.epicgames.ue4.GameActivity t960}
12-26 12:54:40.658  2120  2120 D UE4     : In the JNI_OnLoad function
12-26 12:54:40.660  2120  2120 D UE4     : [JNI] - Failed to determine if app purchasing is enabled!
12-26 12:54:40.664  2120  2120 D UE4     : Path found as '/storage/emulated/0'
12-26 12:54:40.665  2120  2120 D UE4     : Font Path found as '/system/fonts/'
12-26 12:54:40.665  2120  2120 D UE4     : In the JNI_OnLoad function 5
12-26 12:54:40.699  2120  2163 D UE4     : Entering native app glue main function
12-26 12:54:40.699  2120  2163 D UE4     : Created event thread
12-26 12:54:40.699  2120  2163 D UE4     : Entered AndroidMain()
12-26 12:54:40.701  2120  2164 D UE4     : Entering event processing thread engine entry point
12-26 12:54:40.701  2120  2164 D UE4     : Prepared looper for event thread
12-26 12:54:40.701  2120  2164 D UE4     : Passed callback initialization
12-26 12:54:40.701  2120  2164 D UE4     : Passed sensor initialization
12-26 12:54:40.701  2120  2163 D UE4     : Controller interface supported
12-26 12:54:40.750  2120  2120 D UE4     : [GameActivity] Target SDK is 26.  This may cause issues if permissions are denied by the user.
12-26 12:54:40.752  2120  2120 E PermissionHelper: GVRTransition2DActivity.getActivity() failed. Trying to get GameActivity.
12-26 12:54:40.755  2120  2120 D PermissionHelper: checkPermission: android.permission.WRITE_EXTERNAL_STORAGE has granted
12-26 12:54:40.762  2120  2120 D UE4     : [GameActivity] Vulkan version: 1.1.0
12-26 12:54:40.762  2120  2120 D UE4     : [GameActivity] Vulkan level: 1
12-26 12:54:40.764  2120  2120 D UE4     : [GameActivity] Found DepthBufferPreference = 0
12-26 12:54:40.765  2120  2120 D UE4     : [GameActivity] Found bPackageDataInsideApk = 0
12-26 12:54:40.765  2120  2120 D UE4     : [GameActivity] Found ProjectName = projectWA
12-26 12:54:40.765  2120  2120 D UE4     : [GameActivity] Found AppType = 
12-26 12:54:40.765  2120  2120 D UE4     : [GameActivity] Found bHasOBBFiles = 0
12-26 12:54:40.765  2120  2120 D UE4     : [GameActivity] Found bVerifyOBBOnStartUp = false
12-26 12:54:40.765  2120  2120 D UE4     : [GameActivity] UI hiding set to false
12-26 12:54:40.765  2120  2120 D UE4     : [GameActivity] BuildConfiguration set to Development
12-26 12:54:40.766  2120  2120 D UE4     : [GameActivity] UseExternalFilesDir set to false
12-26 12:54:40.766  2120  2120 D UE4     : [GameActivity] PublicLogFiles set to false
12-26 12:54:40.766  2120  2120 D UE4     : [GameActivity] AllowIMU set to true
12-26 12:54:40.766  2120  2120 D UE4     : [GameActivity] SupportsVulkan set to false
12-26 12:54:40.766  2120  2120 D UE4     : [GameActivity] No Oculus Mobile mode detected.
12-26 12:54:40.770  2120  2120 D UE4     : [GameActivity] Using commandline from: /storage/emulated/0/UE4Game/projectWA/UE4CommandLine.txt
12-26 12:54:40.771  2120  2120 D UE4     : [GameActivity] Parsing commandline: ../../../projectWA/projectWA.uproject  /Game/TopDownBP/Maps/TopDownExampleMap -Messaging -SessionId=D332AC4249A896F3AEF1F0AABB338342 -SessionOwner="whaid" -SessionName="Launch On Device" -iterative
12-26 12:54:40.774  2120  2120 I Adreno  : QUALCOMM build                   : 4a00b69, I4e7e888065
12-26 12:54:40.774  2120  2120 I Adreno  : Build Date                       : 04/09/19
12-26 12:54:40.774  2120  2120 I Adreno  : OpenGL ES Shader Compiler Version: EV031.26.06.00
12-26 12:54:40.774  2120  2120 I Adreno  : Local Branch                     : mybranche95a5ea3-cf05-f19a-a0e7-5cb90179c3d8
12-26 12:54:40.774  2120  2120 I Adreno  : Remote Branch                    : quic/gfx-adreno.lnx.1.0
12-26 12:54:40.774  2120  2120 I Adreno  : Remote Branch                    : NONE
12-26 12:54:40.774  2120  2120 I Adreno  : Reconstruct Branch               : NOTHING
12-26 12:54:40.774  2120  2120 I Adreno  : Build Config                     : S P 8.0.6 AArch32
12-26 12:54:40.809 29736 29736 E adbd    : failed to connect to socket 'tcp:6666': Connection refused
12-26 12:54:40.819  2120  2120 I Adreno  : PFP: 0x016ee183, ME: 0x00000000
12-26 12:54:40.850  2120  2165 D UE4     : [GameActivity] Used memory: 65075
12-26 12:54:40.886  2120  2120 D UE4     : [GameActivity] Hardware: Qualcomm Technologies, Inc SDM845
12-26 12:54:40.887  2120  2120 D UE4     : [GameActivity] ro.hardware: blueline
12-26 12:54:40.888  2120  2120 D UE4     : [GameActivity] Memory: 3580 MB
12-26 12:54:40.897  2120  2120 D UE4     : [GameActivity] UseAffinity: false
12-26 12:54:40.897  2120  2120 D UE4     : [GameActivity] BigCoreMask: 0xffff
12-26 12:54:40.897  2120  2120 D UE4     : [GameActivity] LittleCoreMask: 0x0
12-26 12:54:40.902  2120  2120 D UE4     : [GameActivity] APK path: /data/app/com.DawGames.projectWA-fr910CiH31Ub4hai5DHmcA==/base.apk
12-26 12:54:40.902  2120  2120 D UE4     : [GameActivity] OBB in APK: false
12-26 12:54:40.904  2120  2120 D UE4     : InternalFilePath found as '/data/user/0/com.DawGames.projectWA/files'
12-26 12:54:40.904  2120  2120 D UE4     : ExternalFilePath found as '/storage/emulated/0/Android/data/com.DawGames.projectWA/files'
12-26 12:54:40.904  2120  2120 D UE4     : App is running in Portrait
12-26 12:54:40.907  2120  2120 D UE4     : [GameActivity] Android version is 10
12-26 12:54:40.907  2120  2120 D UE4     : [GameActivity] Android manufacturer is Google
12-26 12:54:40.907  2120  2120 D UE4     : [GameActivity] Android model is Pixel 3
12-26 12:54:40.907  2120  2120 D UE4     : [GameActivity] Android build number is QQ1A.191205.008
12-26 12:54:40.907  2120  2120 D UE4     : [GameActivity] OS language is set to fr_FR
12-26 12:54:40.907  2120  2120 D UE4     : [GameActivity] Debugger attached is false
12-26 12:54:41.061  2120  2120 W PopupManager: You have not specified a View to use as content view for popups. Falling back to the Activity content view. Note that this may not work as expected in multi-screen environments
12-26 12:54:41.070  2120  2120 D UE4     : [GameActivity] googleClient is valid
12-26 12:54:41.070  2120  2120 D UE4     : [GameActivity] ==============> GameActive.onCreate complete!
12-26 12:54:41.078  2120  2120 D UE4     : [GameActivity] Creating console command broadcast listener
12-26 12:54:41.078  2120  2164 D UE4     : LogAndroidEvents::EnqueueAppEvent : 9, [width=-1, height=-1], tid = 2164, APP_EVENT_STATE_ON_START
12-26 12:54:41.081  2120  2120 D UE4     : [GameActivity] ==================================> Inside onStart function in GameActivity
12-26 12:54:41.082  2120  2120 V UE4     : [GameApp] App in foreground
12-26 12:54:41.085  2120  2164 D UE4     : Case APP_CMD_RESUME
12-26 12:54:41.085  2120  2164 D UE4     : LogAndroidEvents::EnqueueAppEvent : 7, [width=-1, height=-1], tid = 2164, APP_EVENT_STATE_ON_RESUME
12-26 12:54:41.085  2120  2120 D UE4     : [GameActivity] ==============> [JAVA] AndroidThunkJava_KeepScreenOn(false) - Enabled screen saver
12-26 12:54:41.086  2120  2120 D UE4     : [GameActivity] Registering sensor listeners
12-26 12:54:41.090   919   919 W HwBinder:919_1: type=1400 audit(0.0:44310): avc: denied { read write } for name="diag" dev="tmpfs" ino=25689 scontext=u:r:hal_sensors_default:s0 tcontext=u:object_r:diag_device:s0 tclass=chr_file permissive=0
12-26 12:54:41.091   919  1082 I sensors-hal: batch_physical_sensor:218, android.sensor.accelerometer/16, period=20000000, max_latency=0
12-26 12:54:41.092   919  1082 I sensors-hal: batch_physical_sensor:227, android.sensor.accelerometer/16, period=20000000, max_latency=0 request completed
12-26 12:54:41.092   919  1082 I sensors-hal: activate_physical_sensor:155, android.sensor.accelerometer/16 en=1
12-26 12:54:41.093   919  1082 D Diag_Lib:  Diag_LSM_Init: Failed to open handle to diag driver, error = 13
12-26 12:54:41.098   919  2169 I sensors-hal: handle_indication_realtime:371,  SCHED_FIFO(10) for qmi_cbk
12-26 12:54:41.109   919  1082 I sensors-hal: activate_physical_sensor:166, android.sensor.accelerometer/16 en=1 completed
12-26 12:54:41.109   919  2172 I sensors-hal: handle_indication_realtime:371,  SCHED_FIFO(10) for qmi_cbk
12-26 12:54:41.112   919  1082 I sensors-hal: batch_physical_sensor:218, android.sensor.magnetic_field/14, period=20000000, max_latency=0
12-26 12:54:41.112   919  1082 I sensors-hal: batch_physical_sensor:227, android.sensor.magnetic_field/14, period=20000000, max_latency=0 request completed
12-26 12:54:41.112   919  1082 I sensors-hal: activate_physical_sensor:155, android.sensor.magnetic_field/14 en=1
12-26 12:54:41.117   919   919 W HwBinder:919_1: type=1400 audit(0.0:44311): avc: denied { read write } for name="diag" dev="tmpfs" ino=25689 scontext=u:r:hal_sensors_default:s0 tcontext=u:object_r:diag_device:s0 tclass=chr_file permissive=0
12-26 12:54:41.118   919  1082 D Diag_Lib:  Diag_LSM_Init: Failed to open handle to diag driver, error = 13
12-26 12:54:41.122   919  2174 I sensors-hal: handle_indication_realtime:371,  SCHED_FIFO(10) for qmi_cbk
12-26 12:54:41.124   919   919 W sensors@1.0-ser: type=1400 audit(0.0:44312): avc: denied { read write } for name="diag" dev="tmpfs" ino=25689 scontext=u:r:hal_sensors_default:s0 tcontext=u:object_r:diag_device:s0 tclass=chr_file permissive=0
12-26 12:54:41.125   919  1082 I sensors-hal: activate:287, mag_filter is disabled
12-26 12:54:41.125   919  1082 I sensors-hal: activate_physical_sensor:166, android.sensor.magnetic_field/14 en=1 completed
12-26 12:54:41.126   919  2181 I sensors-hal: handle_indication_realtime:371,  SCHED_FIFO(10) for qmi_cbk
12-26 12:54:41.127   919   919 I sensors-hal: batch_physical_sensor:218, android.sensor.gyroscope/10, period=20000000, max_latency=0
12-26 12:54:41.127   919   919 I sensors-hal: batch_physical_sensor:227, android.sensor.gyroscope/10, period=20000000, max_latency=0 request completed
12-26 12:54:41.127   919   919 I sensors-hal: activate_physical_sensor:155, android.sensor.gyroscope/10 en=1
12-26 12:54:41.127   919   919 D Diag_Lib:  Diag_LSM_Init: Failed to open handle to diag driver, error = 13
12-26 12:54:41.131   919  2185 I sensors-hal: handle_indication_realtime:371,  SCHED_FIFO(10) for qmi_cbk
12-26 12:54:41.136   919   919 I sensors-hal: activate_physical_sensor:166, android.sensor.gyroscope/10 en=1 completed
12-26 12:54:41.137  2120  2120 D UE4     : App is running in Portrait
12-26 12:54:41.137  2120  2120 D UE4     : [GameActivity] ==============> Resuming main init
12-26 12:54:41.180  2120  2163 D UE4     : APK Commandline: ../../../projectWA/projectWA.uproject  /Game/TopDownBP/Maps/TopDownExampleMap -Messaging -SessionId=D332AC4249A896F3AEF1F0AABB338342 -SessionOwner="whaid" -SessionName="Launch On Device" -iterative
12-26 12:54:41.181  2120  2163 D UE4     : Override Commandline: ../../../projectWA/projectWA.uproject  /Game/TopDownBP/Maps/TopDownExampleMap -Messaging -SessionId=D332AC4249A896F3AEF1F0AABB338342 -SessionOwner="whaid" -SessionName="Launch On Device" -iterative
12-26 12:54:41.181  2120  2163 D UE4     : Final commandline: ../../../projectWA/projectWA.uproject  /Game/TopDownBP/Maps/TopDownExampleMap -Messaging -SessionId=D332AC4249A896F3AEF1F0AABB338342 -SessionOwner="whaid" -SessionName="Launch On Device" -iterative
12-26 12:54:41.181  2120  2163 D UE4     : Created sync event
12-26 12:54:41.184  2120  2120 D UE4     : [GameActivity] ==============> GameActive.onResume complete!
12-26 12:54:41.211  2120  2120 D UE4     : [GameActivity] onPause: stop memory reporter runnable
12-26 12:54:41.211  2120  2120 D UE4     : [GameActivity] Unregistering sensor listeners
12-26 12:54:41.213   919   919 I sensors-hal: activate_physical_sensor:155, android.sensor.gyroscope/10 en=0
12-26 12:54:41.218   919   919 I sensors-hal: activate_physical_sensor:166, android.sensor.gyroscope/10 en=0 completed
12-26 12:54:41.220   919   919 I sensors-hal: activate_physical_sensor:155, android.sensor.magnetic_field/14 en=0
12-26 12:54:41.224   919   919 I sensors-hal: activate_physical_sensor:166, android.sensor.magnetic_field/14 en=0 completed
12-26 12:54:41.226   919   919 I sensors-hal: activate_physical_sensor:155, android.sensor.accelerometer/16 en=0
12-26 12:54:41.228   919   919 I sensors-hal: activate_physical_sensor:166, android.sensor.accelerometer/16 en=0 completed
12-26 12:54:41.232  2120  2164 D UE4     : Case APP_CMD_PAUSE
12-26 12:54:41.232  2120  2164 D UE4     : LogAndroidEvents::EnqueueAppEvent : 6, [width=-1, height=-1], tid = 2164, APP_EVENT_STATE_ON_PAUSE
12-26 12:54:41.232  2120  2120 D UE4     : [GameActivity] ==============> GameActive.onPause complete!
12-26 12:54:41.238  2120  2120 D UE4     : [GameActivity] ==============> GameActive.onTrimMemory(TRIM_MEMORY_UI_HIDDEN) called!
12-26 12:54:41.239  2120  2164 D UE4     : LogAndroidEvents::EnqueueAppEvent : 12, [width=-1, height=-1], tid = 2164, APP_EVENT_STATE_SAVE_STATE
12-26 12:54:41.242  2120  2164 D UE4     : LogAndroidEvents::EnqueueAppEvent : 8, [width=-1, height=-1], tid = 2164, APP_EVENT_STATE_ON_STOP
12-26 12:54:41.242  2120  2120 D UE4     : [GameActivity] ==============> GameActive.onStop complete!
12-26 12:54:41.975  2120  2120 V UE4     : [GameApp] App in background
12-26 12:54:42.819 29736 29736 E adbd    : failed to connect to socket 'tcp:6666': Connection refused
12-26 12:54:44.826 29736 29736 I chatty  : uid=2000(shell) /system/bin/adbd identical 1 line
12-26 12:54:46.832 29736 29736 E adbd    : failed to connect to socket 'tcp:6666': Connection refused
12-26 12:54:47.925  1380  7830 I ActivityManager: Killing 31946:com.android.keychain/1000 (adj 975): empty #33
12-26 12:54:47.961   887   887 I Zygote  : Process 31946 exited due to signal 9 (Killed)
12-26 12:54:47.975  1380  1452 I libprocessgroup: Successfully killed process cgroup uid 1000 pid 31946 in 48ms
12-26 12:54:48.842 29736 29736 E adbd    : failed to connect to socket 'tcp:6666': Connection refused
12-26 12:54:50.850 29736 29736 E adbd    : failed to connect to socket 'tcp:6666': Connection refused
12-26 12:54:51.332   853  1164 I netd    : trafficSwapActiveStatsMap() <0.42ms>
12-26 12:54:51.339   853  1164 I netd    : tetherGetStats() <2.37ms>
12-26 12:54:52.854 29736 29736 E adbd    : failed to connect to socket 'tcp:6666': Connection refused
12-26 12:54:53.367 29212 29241 W FJD.ExecutionDelegator: Can't send stop request because service was unbound.
12-26 12:54:54.868 29736 29736 E adbd    : failed to connect to socket 'tcp:6666': Connection refused
12-26 12:54:56.880 29736 29736 I chatty  : uid=2000(shell) /system/bin/adbd identical 1 line
12-26 12:54:58.898 29736 29736 E adbd    : failed to connect to socket 'tcp:6666': Connection refused
12-26 12:54:59.241   919  1102 I CHRE    : @ 702839.069: [ImuCal] [NanoSensorCal:GYRO_RPS] Offset | Temperature [C]: -0.001586, 0.001873, 0.000220 | 30.01
12-26 12:54:59.242   919  1102 I CHRE    : @ 702839.071: [ImuCal] [NanoSensorCal:GYRO_RPS] Temp Sensitivity: 0.000025, 0.000012, -0.000014
12-26 12:54:59.242   919  1102 I CHRE    : @ 702839.071: [ImuCal] [NanoSensorCal:GYRO_RPS] Temp Intercept: -0.002197, 0.001380, 0.000791
12-26 12:55:00.902 29736 29736 E adbd    : failed to connect to socket 'tcp:6666': Connection refused
12-26 12:55:10.727 26942 27048 D PowerUI : can't show warning due to - plugged: true status unknown: false
12-26 12:55:16.971 29736 29736 I chatty  : uid=2000(shell) /system/bin/adbd identical 8 lines
12-26 12:55:18.980 29736 29736 E adbd    : failed to connect to socket 'tcp:6666': Connection refused
12-26 12:55:19.677   919  1102 I CHRE    : @ 702859.509: [AR_CHRE] ON => IDLE
12-26 12:55:19.677   919  1102 I CHRE    : @ 702859.510: [AR_CHRE] audiofusion:HandleIdleStateChange: state = 1 
12-26 12:55:20.989 29736 29736 E adbd    : failed to connect to socket 'tcp:6666': Connection refused
12-26 12:55:29.025 29736 29736 I chatty  : uid=2000(shell) /system/bin/adbd identical 4 lines
12-26 12:55:31.035 29736 29736 E adbd    : failed to connect to socket 'tcp:6666': Connection refused
12-26 12:55:32.065   853  1164 I netd    : trafficSwapActiveStatsMap() <0.44ms>
12-26 12:55:32.071   853  1164 I netd    : tetherGetStats() <2.18ms>
12-26 12:55:33.053 29736 29736 E adbd    : failed to connect to socket 'tcp:6666': Connection refused
12-26 12:55:45.127 29736 29736 I chatty  : uid=2000(shell) /system/bin/adbd identical 6 lines
12-26 12:55:47.135 29736 29736 E adbd    : failed to connect to socket 'tcp:6666': Connection refused
12-26 12:55:48.909   919  1102 D VSC     : @ 702888.733: [Device Pickup Sensor] Request accel, interval 20000000 ns, latency 100000000 ns
12-26 12:55:48.909   919  1102 I CHRE    : @ 702888.734: [AR_CHRE] IDLE => ON
12-26 12:55:48.909   919  1102 I CHRE    : @ 702888.736: [AR_CHRE] audiofusion:HandleIdleStateChange: state = 0 
12-26 12:55:48.910   919  1102 D VSC     : @ 702888.736: [Device Pickup Sensor] Stop motion_detect
12-26 12:55:48.910   919  1102 D VSC     : @ 702888.736: [Significant Motion] Stop motion_detect
12-26 12:55:48.910   919  1102 D VSC     : @ 702888.737: [Significant Motion] Request accel, interval 20000000 ns, latency 3200000000 ns
12-26 12:55:48.916   919  1102 D ASH     : @ 702888.744: SensorType 19 resampler quality 0
12-26 12:55:48.916   919  1102 D CHRE    : @ 702888.744: SensorType 19 resampler quality 0
12-26 12:55:49.144 29736 29736 E adbd    : failed to connect to socket 'tcp:6666': Connection refused
12-26 12:55:50.017   919  1102 D VSC     : @ 702889.844: [Device Pickup Sensor] Stop accel
12-26 12:55:50.019   919  1102 D VSC     : @ 702889.846: [Device Pickup Sensor] Request proximity, interval 66666666 ns, latency 66666666 ns
12-26 12:55:50.019   919  1102 I ASH     : @ 702889.847: tmd2725: Calibrating POFFSET
12-26 12:55:50.019   919  1102 I VSC     : @ 702889.848: [DevicePickup] sending event
12-26 12:55:50.019   919  1102 D VSC     : @ 702889.850: [Device Pickup Sensor] Request motion_detect, interval 18446744073709551615 ns, latency 0 ns
12-26 12:55:50.024   919  1102 D VSC     : @ 702889.852: [Device Pickup Sensor] Stop proximity
12-26 12:55:50.024   919  1102 D VSC     : @ 702889.853: [Device Pickup Sensor] Stop motion_detect
12-26 12:55:37.237 26942 27048 D PowerUI : can't show warning due to - plugged: true status unknown: false
12-26 12:55:50.032  1380  3241 I PowerManagerService: Waking up from Dozing (uid=10158, reason=WAKE_REASON_GESTURE, details=com.android.systemui:NODOZE)...
12-26 12:55:50.032  1380  1380 W UsageStatsService: Event reported without a package name, eventType:15
12-26 12:55:50.033   919  1102 I ASH     : @ 702889.864: tmd2725: POFFSET 01
12-26 12:55:50.036  1380  1463 I DisplayPowerController: Blocking screen on until initial contents have been drawn.
12-26 12:55:50.063   919   919 I sensors-hal: batch_physical_sensor:218, android.sensor.light/15, period=250000000, max_latency=0
12-26 12:55:50.063   919   919 I sensors-hal: batch_physical_sensor:227, android.sensor.light/15, period=250000000, max_latency=0 request completed
12-26 12:55:50.063   919   919 I sensors-hal: activate_physical_sensor:155, android.sensor.light/15 en=1
12-26 12:55:50.064   906   906 V ContextHubHal: sendMessageToHub
12-26 12:55:50.065 26942 26942 D StatusBar: disable<e i a s b H R c s > disable2<q i n >
12-26 12:55:50.065 26942 26942 D StatusBar: disable<e i a s b H R c s > disable2<q i n >
12-26 12:55:50.065 26942 26942 D StatusBar: updateQsExpansionEnabled - QS Expand enabled: true
12-26 12:55:50.066   919  1102 D CHRE    : @ 702889.898: Parsed nanoapp message from host: app ID 0x476f6f676c00100e, endpoint 0x4, msgType 202, payload size 5
12-26 12:55:50.067   919  1102 I ASH     : @ 702889.899: tmd2725: Enabling sensor 0
12-26 12:55:50.067   919   919 I sensors-hal: activate_physical_sensor:166, android.sensor.light/15 en=1 completed
12-26 12:55:50.067  1380  1463 V DisplayPowerController: Brightness [36] reason changing to: 'manual', previous reason: 'screen_off'.
12-26 12:55:50.068  1380  1444 I DisplayManagerService: Display device changed state: "Écran intégré", ON
12-26 12:55:50.069   670   670 D SurfaceFlinger: Setting power mode 2 on display 0
12-26 12:55:50.069   919  2445 I sensors-hal: handle_indication_realtime:371,  SCHED_FIFO(10) for qmi_cbk
12-26 12:55:50.069   672  9988 I SDM     : DisplayBase::SetDisplayState: Set state = 1, display 0
12-26 12:55:50.079   919  1102 D VSC     : @ 702889.912: [Device Pickup Sensor] Request accel, interval 20000000 ns, latency 100000000 ns
12-26 12:55:50.079  1380  2906 W ActivityManager: Background start not allowed: service Intent { act=Orca.PERSISTENT_KICK_SKIP_PING cmp=com.facebook.orca/com.facebook.mqttlite.MqttService (has extras) } to com.facebook.orca/com.facebook.mqttlite.MqttService from pid=25771 uid=10217 pkg=com.facebook.orca startFg?=false
12-26 12:55:50.083  1380  1816 E WifiClientModeImpl: getWifiLinkLayerStats called without an interface
12-26 12:55:50.084 26942 26942 D StatusBar: updateQsExpansionEnabled - QS Expand enabled: true
12-26 12:55:50.088   919  1102 I VSC     : @ 702889.921: [BINNED_BRIGHTNESS] Created instance at 0xb20611c8
12-26 12:55:50.088   919  1102 D VSC     : @ 702889.921: [Binned Brightness] Request ambient_light, interval 250000000 ns, latency 0 ns
12-26 12:55:50.089   919  1102 D VSC     : @ 702889.922: [Binned Brightness] Request proximity, interval 200000000 ns, latency 0 ns
12-26 12:55:50.091  2113  2261 I QCNEJ/CndHalConnector: -> SND notifyScreenStateChanged(true)
12-26 12:55:50.091   919   919 I sensors-hal: batch_physical_sensor:218, android.sensor.light/15, period=200000000, max_latency=0
12-26 12:55:50.091   919   919 I sensors-hal: batch_physical_sensor:227, android.sensor.light/15, period=200000000, max_latency=0 request completed
12-26 12:55:50.092  2113  2261 I QCNEJ/CndHalConnector: -> SND notifyScreenStateChanged(false)
12-26 12:55:50.092  2855  2879 I QcrilOemhookMsgTunnel: [0]processOemHookIndication length=22
12-26 12:55:50.099  2486  2486 I GeofencerStateMachine: sendNewTransitions called.
12-26 12:55:50.106  3274  3274 D NfcService: MSG_APPLY_SCREEN_STATE 4
12-26 12:55:50.109  2486   854 I GCoreUlr: Successfully inserted 1 locations
12-26 12:55:50.110   919  1102 D VSC     : @ 702889.943: [Device Orientation] Request accel, interval 66666666 ns, latency 40000000 ns
12-26 12:55:50.111  1380  1463 I DisplayPowerController: Unblocked screen on after 75 ms
12-26 12:55:50.123  2486  2486 I GeofencerStateMachine: sendNewLocationAvailability: availability=LocationAvailability[isLocationAvailable: true]
12-26 12:55:50.125  2855  2879 I QcrilOemhookMsgTunnel: [0]processOemHookIndication length=21
12-26 12:55:50.125  2855  2855 D QcrilMsgTunnelIfaceManager: handleMessage what = 0
12-26 12:55:50.140  8042  8042 I DeviceStatusMonitor: onReceive() : Action = android.intent.action.SCREEN_ON
12-26 12:55:50.147 26942 26942 I Elmyra/ElmyraService: Unblocked; current action: LaunchOpa [mIsGestureEnabled -> true; mIsOpaEnabled -> true]
12-26 12:55:50.156  1380  3366 I LocationAccessPolicy: com.google.android.apps.scone is aware of coarse but the app-ops permission is specifically denied.
12-26 12:55:50.157  1380  3366 I LocationAccessPolicy: com.android.chrome is aware of fine but the app-ops permission is specifically denied.
12-26 12:55:50.157  1380  3366 I LocationAccessPolicy: com.android.chrome is aware of coarse but the app-ops permission is specifically denied.
12-26 12:55:50.160  2944  2944 I CarrierServices: [2] cnv.onReceive: Received SERVICE_STATE intent, clearing cached cell info
12-26 12:55:50.160  2226  2226 D ServiceStateProvider: subId=1
12-26 12:55:50.166  2113  2261 I QCNEJ/CndHalConnector: -> SND notifyWwanSubtypeChanged(13)
12-26 12:55:50.167  1380  3366 D AlarmManagerService: Kernel timezone updated to -60 minutes west of GMT
12-26 12:55:50.168  2113  2261 I QCNEJ/CndHalConnector: -> SND notifyMobileDataEnabledChanged(true)
12-26 12:55:50.169 11674 11674 D CellBroadcastReceiver: onReceive Intent { act=android.intent.action.SERVICE_STATE flg=0x1000010 cmp=com.android.cellbroadcastreceiver/.CellBroadcastReceiver (has extras) }
12-26 12:55:50.177   919  1102 I VSC     : @ 702890.009: [BINNED_BRIGHTNESS] Changing state to 2 at 702890009 ms
12-26 12:55:50.179  1380  1463 V DisplayPowerController: Brightness [34] reason changing to: 'automatic', previous reason: 'manual'.
12-26 12:55:50.179  1380  1380 V SettingsProvider: Notifying for 0: content://settings/system/screen_brightness
12-26 12:55:50.197  3166  3592 I AiAiReflection: Filtering unlaunchable event /deleted_app/1
12-26 12:55:50.199  3166  3592 I AiAiReflection: Filtering unlaunchable event /deleted_app/0
12-26 12:55:50.202  3166  3592 I AiAiReflection: Filtering unlaunchable event /deleted_app/2
12-26 12:55:50.264  1075  1339 D fpc_hidl: onAcquired(code=0, vendor=0)
12-26 12:55:50.265  1380  1380 V FingerprintService: Acquired: 0 0
12-26 12:55:50.267  1075  1339 D fpc_hidl: onAuthenticated(fid=1189435504, gid=0)
12-26 12:55:50.268  1380  1380 V BiometricStats: Authentication latency: 3
12-26 12:55:50.269  1380  1380 V FingerprintService: onAuthenticated(true), ID:1189435504, Owner: com.android.systemui, isBP: false, listener: com.android.server.biometrics.fingerprint.FingerprintService$ServiceListenerImpl@ae8042c, requireConfirmation: false, user: 0
12-26 12:55:50.273  1014  1014 D keystore: AddAuthenticationToken: timestamp = 702889968, time_received = 206122
12-26 12:55:50.274  1380  1380 V FingerprintService: Done with client: com.android.systemui
12-26 12:55:50.331   670   670 D SurfaceFlinger: Finished setting power mode 2 on display 0
12-26 12:55:50.332  1380  1852 D SurfaceControl: Excessive delay in setPowerMode()
12-26 12:55:50.333   919  1102 I ASH     : @ 702890.165: touch gesture: received SNS_TBN_ACQUIRE_BUS_REQ_V01: kernel requesting bus
12-26 12:55:50.334  1380  1463 W PowerManagerService: Screen on took 303 ms
12-26 12:55:50.334  1380  1463 I DreamManagerService: Gently waking up from dream.
12-26 12:55:50.334  1380  1441 I DreamManagerService: Performing gentle wake from dream.
12-26 12:55:50.387 26942 26942 V BiometricUnlockController: startWakeAndUnlock(6)
12-26 12:55:50.388 26942 26942 D KeyguardUpdateMonitor: fingerprintRunningState: 0
12-26 12:55:50.389  1380  3366 I DreamManagerService: Leaving dreamland.
12-26 12:55:50.389  1380  1441 I DreamManagerService: Performing gentle wake from dream.
12-26 12:55:50.389  1380  1441 I DreamController: Stopping dream: name=ComponentInfo{com.android.systemui/com.android.systemui.doze.DozeService}, isTest=false, canDoze=true, userId=0
12-26 12:55:50.390  1380  1380 W AlarmManager: Unrecognized alarm listener com.android.server.job.controllers.idle.-$$Lambda$DeviceIdlenessTracker$-H1-ZwZAJ-vh10A0PeYXaZLj_R0@5811151
12-26 12:55:50.415  1380  3366 D ActivityTaskManager: Top Process State changed to PROCESS_STATE_TOP
12-26 12:55:50.418   919  1102 D VSC     : @ 702890.251: [Device Pickup Sensor] Stop accel
12-26 12:55:50.422   919  1102 D VSC     : @ 702890.255: [Proximity Gated Double Tap Gesture] Stop touch_gesture
12-26 12:55:50.423 26942 26942 D StatusBar: disable<e i a s b H R c s > disable2<q i n >
12-26 12:55:50.423   919  1102 I ASH     : @ 702890.256: touch gesture: [touch gesture] unsubscribed
12-26 12:55:50.423   919  1102 D VSC     : @ 702890.256: [Proximity Gated Double Tap Gesture] Stop proximity
12-26 12:55:50.424 26942 26942 D StatusBar: updateQsExpansionEnabled - QS Expand enabled: true
12-26 12:55:50.424   919  1102 I VSC     : @ 702890.257: [double-tap-prox-gated] sensor disabled
12-26 12:55:50.428 26942 26942 D StatusBar: disable<e i a s b h!r!c s > disable2<q i n >
12-26 12:55:50.435  1380  3366 I ActivityTaskManager: Config changes=20000480 {1.0 208mcc10mnc [fr_FR] ldltr sw392dp w737dp h368dp 440dpi nrml long hdr widecg land night finger -keyb/v/h -nav/h winConfig={ mBounds=Rect(0, 0 - 2160, 1080) mAppBounds=Rect(0, 0 - 2028, 1080) mWindowingMode=fullscreen mDisplayWindowingMode=fullscreen mActivityType=undefined mAlwaysOnTop=undefined mRotation=ROTATION_90} s.14733}
12-26 12:55:50.464  1380  3366 I ActivityTaskManager: Override config changes=20000480 {1.0 208mcc10mnc [fr_FR] ldltr sw392dp w737dp h368dp 440dpi nrml long hdr widecg land night finger -keyb/v/h -nav/h winConfig={ mBounds=Rect(0, 0 - 2160, 1080) mAppBounds=Rect(0, 0 - 2028, 1080) mWindowingMode=fullscreen mDisplayWindowingMode=fullscreen mActivityType=undefined mAlwaysOnTop=undefined mRotation=ROTATION_90} s.14733} for displayId=0
12-26 12:55:50.480  1380  1830 V AudioService.RotationHelper: publishing device rotation =1 (x90deg)
12-26 12:55:50.486 26942 26942 D KeyguardUpdateMonitor: onKeyguardVisibilityChanged(false)
12-26 12:55:50.497  1380  1444 I InputManager-JNI: Viewport [0] to add: local:0
12-26 12:55:50.501  1380  1762 I InputReader: Reconfiguring input devices.  changes=0x00000004
12-26 12:55:50.501  1380  1762 I InputReader: Device reconfigured: id=2, name='fts', size 1080x2160, orientation 1, mode 1, display id 0
12-26 12:55:50.505   947 17442 D AF::TrackHandle: OpPlayAudio: track:5863 usage:13 not muted
12-26 12:55:50.515   919  1102 D VSC     : @ 702890.347: [Binned Brightness] Stop proximity
12-26 12:55:50.515   919  1102 D VSC     : @ 702890.348: [Binned Brightness] Stop ambient_light
12-26 12:55:50.516   919  1102 I VSC     : @ 702890.348: [BINNED_BRIGHTNESS] Deleted instance at 0xb20611c8
12-26 12:55:50.516 26942 26969 I AudioTrack: createTrack_l(10037): AUDIO_OUTPUT_FLAG_FAST successful; frameCount 0 -> 4800
12-26 12:55:50.518   899  2875 D audio_route: Apply path: speaker
12-26 12:55:50.518   917   917 D android.hardware.power@1.3-service.pixel-libperfmgr: AUDIO_STREAMING: 1
12-26 12:55:50.518   899  2875 D audio_hw_primary: enable_snd_device: snd_device(104: vi-feedback)
12-26 12:55:50.518   899  2875 D audio_route: Apply path: vi-feedback
12-26 12:55:50.518   899  2875 E audio_hw_utils: audio_extn_utils_send_app_type_cfg: Failed to derive app_type for uc type : 0x1
12-26 12:55:50.518   899  2875 D ACDB-LOADER: ACDB -> send_audio_cal, acdb_id = 512, path = 1, app id = 0x11132, sample rate = 48000
12-26 12:55:50.518   899  2875 D ACDB-LOADER: ACDB -> send_asm_topology
12-26 12:55:50.518   899  2875 D ACDB-LOADER: ACDB -> ACDB_CMD_GET_AUDPROC_STREAM_TOPOLOGY_ID
12-26 12:55:50.518   899  2875 D ACDB-LOADER: ACDB -> send_adm_topology
12-26 12:55:50.518   899  2875 D ACDB-LOADER: ACDB -> ACDB_CMD_GET_AUDPROC_COMMON_TOPOLOGY_ID
12-26 12:55:50.518   899  2875 D ACDB-LOADER: ACDB -> send_audtable
12-26 12:55:50.518   899  2875 D ACDB-LOADER: ACDB -> ACDB_CMD_GET_AUDPROC_COMMON_TABLE_SIZE
12-26 12:55:50.518   899  2875 D ACDB-LOADER: ACDB -> ACDB_CMD_GET_AUDPROC_COMMON_TABLE
12-26 12:55:50.518   899  2875 D ACDB-LOADER: ACDB -> AUDIO_SET_AUDPROC_CAL
12-26 12:55:50.518   899  2875 D ACDB-LOADER: ACDB -> send_audvoltable
12-26 12:55:50.518   899  2875 D ACDB-LOADER: ACDB -> ACDB_CMD_GET_AUDPROC_VOL_STEP_TABLE_SIZE
12-26 12:55:50.518   899  2875 D ACDB-LOADER: ACDB -> ACDB_CMD_GET_AUDPROC_GAIN_DEP_STEP_TABLE, vol index 0
12-26 12:55:50.518   899  2875 D         : Failed to fetch the lookup information of the device 00000200 
12-26 12:55:50.518   899  2875 E ACDB-LOADER: Error: ACDB AudProc vol returned = -19
12-26 12:55:50.518   899  2875 D ACDB-LOADER: ACDB -> AUDIO_SET_VOL_CAL cal type = 12
12-26 12:55:50.518   899  2875 D ACDB-LOADER: ACDB -> ACDB_CMD_GET_AUDPROC_STREAM_TABLE_SIZE
12-26 12:55:50.518   899  2875 D ACDB-LOADER: ACDB -> send_audstrmtable
12-26 12:55:50.518   899  2875 D ACDB-LOADER: ACDB -> ACDB_CMD_GET_AUDPROC_STREAM_TABLE_V2
12-26 12:55:50.518   899  2875 D ACDB-LOADER: ACDB -> audstrm_cal->cal_type.cal_data.cal_size = 16
12-26 12:55:50.518   899  2875 D ACDB-LOADER: ACDB -> send_afe_topology
12-26 12:55:50.518   899  2875 D ACDB-LOADER: ACDB -> ACDB_CMD_GET_AFE_TOPOLOGY_ID
12-26 12:55:50.518   899  2875 D ACDB-LOADER: ACDB -> GET_AFE_TOPOLOGY_ID for adcd_id 512, Topology Id 10001ccc
12-26 12:55:50.518   899  2875 D ACDB-LOADER: ACDB -> send_afe_cal
12-26 12:55:50.518   899  2875 D ACDB-LOADER: ACDB -> ACDB_CMD_GET_AFE_COMMON_TABLE_SIZE
12-26 12:55:50.518   899  2875 D ACDB-LOADER: ACDB -> ACDB_CMD_GET_AFE_COMMON_TABLE
12-26 12:55:50.518   899  2875 D ACDB-LOADER: ACDB -> AUDIO_SET_AFE_CAL
12-26 12:55:50.518   899  2875 D ACDB-LOADER: ACDB -> send_hw_delay : acdb_id = 512 path = 1
12-26 12:55:50.518   899  2875 D ACDB-LOADER: ACDB -> ACDB_AVSYNC_INFO: ACDB_CMD_GET_DEVICE_PROPERTY
12-26 12:55:50.518   899  2875 D audio_hw_primary: enable_audio_route: usecase(25) apply and update mixer path: spkr-vi-record vi-feedback
12-26 12:55:50.518   899  2875 D audio_route: Apply path: spkr-vi-record vi-feedback
12-26 12:55:50.520  2120  2157 I Adreno  : QUALCOMM build                   : 4a00b69, I4e7e888065
12-26 12:55:50.520  2120  2157 I Adreno  : Build Date                       : 04/09/19
12-26 12:55:50.520  2120  2157 I Adreno  : OpenGL ES Shader Compiler Version: EV031.26.06.00
12-26 12:55:50.520  2120  2157 I Adreno  : Local Branch                     : mybranche95a5ea3-cf05-f19a-a0e7-5cb90179c3d8
12-26 12:55:50.520  2120  2157 I Adreno  : Remote Branch                    : quic/gfx-adreno.lnx.1.0
12-26 12:55:50.520  2120  2157 I Adreno  : Remote Branch                    : NONE
12-26 12:55:50.520  2120  2157 I Adreno  : Reconstruct Branch               : NOTHING
12-26 12:55:50.520  2120  2157 I Adreno  : Build Config                     : S P 8.0.6 AArch32
12-26 12:55:50.529  2120  2157 I Adreno  : PFP: 0x016ee183, ME: 0x00000000
12-26 12:55:50.530  1380  1444 W UsageStatsService: Event reported without a package name, eventType:18
12-26 12:55:50.531  2113  2261 I QCNEJ/CndHalConnector: -> SND notifyScreenStateChanged(true)
12-26 12:55:50.534  1380  1450 W BroadcastQueue: Background execution not allowed: receiving Intent { act=android.intent.action.USER_PRESENT flg=0x24200010 } to com.sfr.android.moncompte/com.ezeeworld.b4s.android.sdk.NeerBy
12-26 12:55:50.534  1380  1450 W BroadcastQueue: Background execution not allowed: receiving Intent { act=android.intent.action.USER_PRESENT flg=0x24200010 } to com.android.chrome/org.chromium.chrome.browser.sharing.click_to_call.ClickToCallMessageHandler$PhoneUnlockedReceiver
12-26 12:55:50.534  1380  1450 W BroadcastQueue: Background execution not allowed: receiving Intent { act=android.intent.action.USER_PRESENT flg=0x24200010 } to com.google.android.gms/.auth.setup.devicesignals.LockScreenReceiver
12-26 12:55:50.534  1380  1450 W BroadcastQueue: Background execution not allowed: receiving Intent { act=android.intent.action.USER_PRESENT flg=0x24200010 } to com.google.android.gms/.trustagent.UserPresentBroadcastReceiver
12-26 12:55:50.534  1380  1450 W BroadcastQueue: Background execution not allowed: receiving Intent { act=android.intent.action.USER_PRESENT flg=0x24200010 } to com.google.android.gms/.chimera.GmsIntentOperationService$PersistentTrustedReceiver
12-26 12:55:50.534  1380  1450 W BroadcastQueue: Background execution not allowed: receiving Intent { act=android.intent.action.USER_PRESENT flg=0x24200010 } to com.instagram.android/com.instagram.push.fbns.FbnsInitBroadcastReceiver
12-26 12:55:50.534  3368  3368 E SUI_svcsock: svc_sock_send_message(suisvc): invalid remote socket suilst
12-26 12:55:50.536  8390  8390 I GsaVoiceInteractionSrv: O received Intent { act=android.intent.action.USER_PRESENT flg=0x24200010 }
12-26 12:55:50.537  3274  3274 D NfcService: MSG_APPLY_SCREEN_STATE 8
12-26 12:55:50.537  3274  3274 D NfcService: Discovery configuration equal, not updating.
12-26 12:55:50.554  2486  2486 I TrustAgent: [PhonePositionTracker] 1 PhonePositionInfo added to playlog
12-26 12:55:50.554  2486  2486 I TrustAgent: [HomeAddressChangeTracker] User Present. Maybe fetch home.
12-26 12:55:50.556   899  2875 D msm8974_platform: Setting audio calibration for snd_device(2) acdb_id(513)
12-26 12:55:50.556   899  2875 E ACDB-LOADER: [acdb_loader_adsp_set_audio_cal] active device/stream not found (result=-100) for topology 0x1000dffb and apptype 0x11130
12-26 12:55:50.556   899  2875 E ACDB-LOADER: [acdb_loader_adsp_set_audio_cal] set parameters failed with status -100
12-26 12:55:50.556   899  2875 D msm8974_platform: Setting audio calibration for snd_device(2) acdb_id(513)
12-26 12:55:50.560  2486  2486 I TrustAgent: [HomeFetcher] return existing home address!
12-26 12:55:50.560  2486  2486 I TrustAgent: [HomeAddressChangeTracker] home address is not changed.
12-26 12:55:50.561   899  2875 D audio_hw_waves: print_state_log: send volume table -(0,0.000000,F),(1,0.000000,F),(2,0.241964,T),(3,0.000000,F),(4,0.000000,F),(5,0.000000,F)
12-26 12:55:50.561   899  2875 D ACDB-LOADER: ACDB -> send_audio_cal, acdb_id = 513, path = 0, app id = 0x11130, sample rate = 48000
12-26 12:55:50.561   899  2875 D ACDB-LOADER: ACDB -> send_asm_topology
12-26 12:55:50.561   899  2875 D ACDB-LOADER: ACDB -> ACDB_CMD_GET_AUDPROC_STREAM_TOPOLOGY_ID
12-26 12:55:50.562   899  2875 D ACDB-LOADER: ACDB -> send_adm_topology
12-26 12:55:50.562   899  2875 D ACDB-LOADER: ACDB -> ACDB_CMD_GET_AUDPROC_COMMON_TOPOLOGY_ID
12-26 12:55:50.562   899  2875 D ACDB-LOADER: ACDB -> send_audtable
12-26 12:55:50.562   899  2875 D ACDB-LOADER: ACDB -> ACDB_CMD_GET_AUDPROC_COMMON_TABLE_SIZE
12-26 12:55:50.562   899  2875 D ACDB-LOADER: ACDB -> ACDB_CMD_GET_AUDPROC_COMMON_TABLE
12-26 12:55:50.562   899  2875 D ACDB-LOADER: ACDB -> AUDIO_SET_AUDPROC_CAL
12-26 12:55:50.562   899  2875 D ACDB-LOADER: ACDB -> send_audvoltable
12-26 12:55:50.562   899  2875 D ACDB-LOADER: ACDB -> ACDB_CMD_GET_AUDPROC_VOL_STEP_TABLE_SIZE
12-26 12:55:50.562   899  2875 D ACDB-LOADER: ACDB -> ACDB_CMD_GET_AUDPROC_GAIN_DEP_STEP_TABLE, vol index 0
12-26 12:55:50.562   899  2875 D         : Failed to fetch the lookup information of the device 00000201 
12-26 12:55:50.562   899  2875 E ACDB-LOADER: Error: ACDB AudProc vol returned = -19
12-26 12:55:50.562   899  2875 D ACDB-LOADER: ACDB -> AUDIO_SET_VOL_CAL cal type = 12
12-26 12:55:50.562   899  2875 D ACDB-LOADER: ACDB -> ACDB_CMD_GET_AUDPROC_STREAM_TABLE_SIZE
12-26 12:55:50.562   899  2875 D ACDB-LOADER: ACDB -> send_audstrmtable
12-26 12:55:50.562   899  2875 D ACDB-LOADER: ACDB -> ACDB_CMD_GET_AUDPROC_STREAM_TABLE_V2
12-26 12:55:50.562   899  2875 D ACDB-LOADER: ACDB -> audstrm_cal->cal_type.cal_data.cal_size = 456
12-26 12:55:50.562   899  2875 D ACDB-LOADER: ACDB -> send_afe_topology
12-26 12:55:50.562   899  2875 D ACDB-LOADER: ACDB -> ACDB_CMD_GET_AFE_TOPOLOGY_ID
12-26 12:55:50.562   899  2875 D ACDB-LOADER: ACDB -> GET_AFE_TOPOLOGY_ID for adcd_id 513, Topology Id 10000ccc
12-26 12:55:50.562   899  2875 D ACDB-LOADER: ACDB -> send_afe_cal
12-26 12:55:50.562   899  2875 D ACDB-LOADER: ACDB -> ACDB_CMD_GET_AFE_COMMON_TABLE_SIZE
12-26 12:55:50.562   899  2875 D ACDB-LOADER: ACDB -> ACDB_CMD_GET_AFE_COMMON_TABLE
12-26 12:55:50.562   899  2875 D ACDB-LOADER: ACDB -> AUDIO_SET_AFE_CAL
12-26 12:55:50.562   899  2875 D ACDB-LOADER: ACDB -> send_hw_delay : acdb_id = 513 path = 0
12-26 12:55:50.562   899  2875 D ACDB-LOADER: ACDB -> ACDB_AVSYNC_INFO: ACDB_CMD_GET_DEVICE_PROPERTY
12-26 12:55:50.562   899  2875 D audio_hw_primary: enable_audio_route: usecase(1) apply and update mixer path: low-latency-playback speaker
12-26 12:55:50.562   899  2875 D audio_route: Apply path: low-latency-playback speaker
12-26 12:55:50.562   625   625 I hwservicemanager: getTransport: Cannot find entry android.hardware.graphics.mapper@3.0::IMapper/default in either framework or device manifest.
12-26 12:55:50.562 32517 32517 D MusicLifecycle: com.google.android.music.api.MusicPublicContentProvider generated event: initializing
12-26 12:55:50.562  2120  2157 W Gralloc3: mapper 3.x is not supported
12-26 12:55:50.567  2120  2120 W RenderThread: type=1400 audit(0.0:44313): avc: denied { read } for name="u:object_r:vendor_default_prop:s0" dev="tmpfs" ino=19817 scontext=u:r:untrusted_app_27:s0:c512,c768 tcontext=u:object_r:vendor_default_prop:s0 tclass=file permissive=0
12-26 12:55:50.573 32517 32517 D MusicLifecycle: com.google.android.music.store.MusicContentProvider generated event: initializing
12-26 12:55:50.578  2120  2157 E libc    : Access denied finding property "vendor.gralloc.disable_ahardware_buffer"
12-26 12:55:50.579 26942 26942 D StatusBar: disable<e i a s b h r c s > disable2<q i n >
12-26 12:55:50.588  2120  2120 D UE4     : LogAndroidEvents::EnqueueAppEvent : 2, [width=-1, height=-1], tid = 2120, APP_EVENT_STATE_WINDOW_CHANGED
12-26 12:55:50.592  2120  2120 D UE4     : [GameActivity] Creating console command broadcast listener
12-26 12:55:50.593  2120  2164 D UE4     : LogAndroidEvents::EnqueueAppEvent : 9, [width=-1, height=-1], tid = 2164, APP_EVENT_STATE_ON_START
12-26 12:55:50.593  2120  2120 D UE4     : [GameActivity] ==================================> Inside onStart function in GameActivity
12-26 12:55:50.593  2120  2120 V UE4     : [GameApp] App in foreground
12-26 12:55:50.594  2120  2120 D UE4     : [GameActivity] onResume: start memory reporter runnable
12-26 12:55:50.594  2120  2120 D UE4     : [GameActivity] ==============> [JAVA] AndroidThunkJava_KeepScreenOn(false) - Enabled screen saver
12-26 12:55:50.595  2120  2120 D UE4     : [GameActivity] Registering sensor listeners
12-26 12:55:50.595  2120  2164 D UE4     : Case APP_CMD_RESUME
12-26 12:55:50.595  2120  2164 D UE4     : LogAndroidEvents::EnqueueAppEvent : 7, [width=-1, height=-1], tid = 2164, APP_EVENT_STATE_ON_RESUME
12-26 12:55:50.597   919   919 W sensors@1.0-ser: type=1400 audit(0.0:44314): avc: denied { read write } for name="diag" dev="tmpfs" ino=25689 scontext=u:r:hal_sensors_default:s0 tcontext=u:object_r:diag_device:s0 tclass=chr_file permissive=0
12-26 12:55:50.597   919   919 I sensors-hal: batch_physical_sensor:218, android.sensor.accelerometer/16, period=20000000, max_latency=0
12-26 12:55:50.597   919   919 I sensors-hal: batch_physical_sensor:227, android.sensor.accelerometer/16, period=20000000, max_latency=0 request completed
12-26 12:55:50.597   919   919 I sensors-hal: activate_physical_sensor:155, android.sensor.accelerometer/16 en=1
12-26 12:55:50.600   919   919 D Diag_Lib:  Diag_LSM_Init: Failed to open handle to diag driver, error = 13
12-26 12:55:50.611   919  2460 I sensors-hal: handle_indication_realtime:371,  SCHED_FIFO(10) for qmi_cbk
12-26 12:55:50.613   919  2464 I sensors-hal: handle_indication_realtime:371,  SCHED_FIFO(10) for qmi_cbk
12-26 12:55:50.613   919   919 I sensors-hal: activate_physical_sensor:166, android.sensor.accelerometer/16 en=1 completed
12-26 12:55:50.619   919   919 I sensors-hal: batch_physical_sensor:218, android.sensor.magnetic_field/14, period=20000000, max_latency=0
12-26 12:55:50.619   919   919 I sensors-hal: batch_physical_sensor:227, android.sensor.magnetic_field/14, period=20000000, max_latency=0 request completed
12-26 12:55:50.619   919   919 I sensors-hal: activate_physical_sensor:155, android.sensor.magnetic_field/14 en=1
12-26 12:55:50.620   919   919 W sensors@1.0-ser: type=1400 audit(0.0:44315): avc: denied { read write } for name="diag" dev="tmpfs" ino=25689 scontext=u:r:hal_sensors_default:s0 tcontext=u:object_r:diag_device:s0 tclass=chr_file permissive=0
12-26 12:55:50.621   919   919 D Diag_Lib:  Diag_LSM_Init: Failed to open handle to diag driver, error = 13
12-26 12:55:50.623   899  2875 D audio_hw_primary: out_write: retry previous failed cal level set
12-26 12:55:50.623   917   917 D android.hardware.power@1.3-service.pixel-libperfmgr: AUDIO_STREAMING: 0
12-26 12:55:50.625  8814  8850 I MicroDataManager: isInitializing-false locale not changed-true model not changed-true
12-26 12:55:50.626   919  2467 I sensors-hal: handle_indication_realtime:371,  SCHED_FIFO(10) for qmi_cbk
12-26 12:55:50.630   919   919 W HwBinder:919_1: type=1400 audit(0.0:44316): avc: denied { read write } for name="diag" dev="tmpfs" ino=25689 scontext=u:r:hal_sensors_default:s0 tcontext=u:object_r:diag_device:s0 tclass=chr_file permissive=0
12-26 12:55:50.630   919  2470 I sensors-hal: handle_indication_realtime:371,  SCHED_FIFO(10) for qmi_cbk
12-26 12:55:50.632   919   919 I sensors-hal: activate:287, mag_filter is disabled
12-26 12:55:50.632   919   919 I sensors-hal: activate_physical_sensor:166, android.sensor.magnetic_field/14 en=1 completed
12-26 12:55:50.633 26942 26942 I Elmyra/ElmyraService: Unblocked; current action: LaunchOpa [mIsGestureEnabled -> true; mIsOpaEnabled -> true]
12-26 12:55:50.633   919  1082 I sensors-hal: batch_physical_sensor:218, android.sensor.gyroscope/10, period=20000000, max_latency=0
12-26 12:55:50.633   919  1082 I sensors-hal: batch_physical_sensor:227, android.sensor.gyroscope/10, period=20000000, max_latency=0 request completed
12-26 12:55:50.633   919  1082 I sensors-hal: activate_physical_sensor:155, android.sensor.gyroscope/10 en=1
12-26 12:55:50.634   919  1082 D Diag_Lib:  Diag_LSM_Init: Failed to open handle to diag driver, error = 13
12-26 12:55:50.634  8814  8850 I MicroDetectionState: Should stop hotword detection immediately - false
12-26 12:55:50.637   919  2474 I sensors-hal: handle_indication_realtime:371,  SCHED_FIFO(10) for qmi_cbk
12-26 12:55:50.641   919  1082 I sensors-hal: activate_physical_sensor:166, android.sensor.gyroscope/10 en=1 completed
12-26 12:55:50.642   919  1082 I sensors-hal: activate_physical_sensor:155, android.sensor.proximity/1 en=0
12-26 12:55:50.642  2120  2120 D UE4     : App is running in Landscape
12-26 12:55:50.642  2120  2120 D UE4     : [GameActivity] ==============> Resuming main init
12-26 12:55:50.642  2120  2120 D UE4     : [GameActivity] ==============> GameActive.onResume complete!
12-26 12:55:50.642   919  1082 I sensors-hal: activate_physical_sensor:166, android.sensor.proximity/1 en=0 completed
12-26 12:55:50.646   919  1102 I ASH     : @ 702890.477: tmd2725: Disabling sensor 2
12-26 12:55:50.651 26942 26942 D StatusBar: disable<e i a s b h r c s > disable2<q i n >
12-26 12:55:50.669   670   694 W ServiceManager: Permission failure: android.permission.ACCESS_SURFACE_FLINGER from uid=10268 pid=2120
12-26 12:55:50.669   670   694 D PermissionCache: checking android.permission.ACCESS_SURFACE_FLINGER for uid=10268 => denied (225 us)
12-26 12:55:50.671  2120  2164 D UE4     : Case APP_CMD_INIT_WINDOW
12-26 12:55:50.671  2120  2164 D UE4     : LogAndroidEvents::EnqueueAppEvent : 0, [width=2028, height=1080], tid = 2164, APP_EVENT_STATE_WINDOW_CREATED
12-26 12:55:50.678 26942 26942 D StatusBar: disable<e i a s b h r c s > disable2<q i n >
12-26 12:55:50.681 26942 26942 I OpaEnabledReceiver: Dispatching OPA eligble = true; AGSA = true; OPA enabled = true
12-26 12:55:50.681 26942 26942 I OpaLayout: Setting opa enabled to true
12-26 12:55:50.681 26942 26942 I OpaLayout: Setting opa enabled to true
12-26 12:55:50.685  1380  1445 I WindowManager: Screen frozen for +269ms due to Window{6264b75 u0 com.DawGames.projectWA/com.epicgames.ue4.GameActivity}
12-26 12:55:50.702  8042  8042 W GoogleInputMethodService: onConfigurationChanged() : NewConfig = {1.0 208mcc10mnc [fr_FR] ldltr sw392dp w737dp h368dp 440dpi nrml long hdr widecg land night finger -keyb/v/h -nav/h winConfig={ mBounds=Rect(0, 0 - 2160, 1080) mAppBounds=Rect(0, 0 - 2028, 1080) mWindowingMode=fullscreen mDisplayWindowingMode=fullscreen mActivityType=undefined mAlwaysOnTop=undefined mRotation=ROTATION_90} s.14794}
12-26 12:55:50.703  8042  8042 W KeyboardModeManager: reloadOrientationAwareData() : orientation = 2
12-26 12:55:50.715 26942 26942 I Elmyra/ElmyraService: Unblocked; current action: LaunchOpa [mIsGestureEnabled -> true; mIsOpaEnabled -> true]
12-26 12:55:50.715 26942 26942 I Elmyra/ElmyraService: Unblocked; current action: LaunchOpa [mIsGestureEnabled -> true; mIsOpaEnabled -> true]
12-26 12:55:50.723  2120  2164 D UE4     : LogAndroidEvents::EnqueueAppEvent : 11, [width=-1, height=-1], tid = 2164, APP_EVENT_STATE_WINDOW_GAINED_FOCUS
12-26 12:55:50.723  2120  2164 D UE4     : LogAndroidEvents::EnqueueAppEvent : 14, [width=-1, height=-1], tid = 2164, APP_EVENT_STATE_APP_ACTIVATED
