12-26 12:56:48.450  1998  1998 E libprocessgroup: set_timerslack_ns write failed: Operation not permitted
12-26 12:56:48.465 26942 26942 D StatusBar: disable<e i a s b h r c s > disable2<q i n >
12-26 12:56:48.485  8814  8814 I StreamRenderer: cleanUpRendererScope(nowcards-15-29e6167c-da4d)
12-26 12:56:48.487  8814   757 I PBSessionCacheImpl: Deleted sessionId[38765959264161883] from persistence.
12-26 12:56:48.503  8814  8850 W SearchServiceCore: Abort, client detached.
12-26 12:56:48.504  8814  8850 I StreamController: cleanUpControllerScope(nowcards-15-29e6167c-da4d)
12-26 12:56:48.511  8814  8850 I MicroDetectionState: Should stop hotword detection immediately - false
12-26 12:56:48.514  8814  8814 W PhoneWindow: Previously focused view reported id 2131431541 during save, but can't be found during restore.
12-26 12:56:48.520  8042  8042 W GoogleInputMethodService: onConfigurationChanged() : NewConfig = {1.0 208mcc10mnc [fr_FR] ldltr sw392dp w392dp h713dp 440dpi nrml long hdr widecg port night finger -keyb/v/h -nav/h winConfig={ mBounds=Rect(0, 0 - 1080, 2160) mAppBounds=Rect(0, 0 - 1080, 2028) mWindowingMode=fullscreen mDisplayWindowingMode=fullscreen mActivityType=undefined mAlwaysOnTop=undefined mRotation=ROTATION_0} s.14854}
12-26 12:56:48.521  8042  8042 W KeyboardModeManager: reloadOrientationAwareData() : orientation = 1
12-26 12:56:48.524  1998  1998 E libprocessgroup: set_timerslack_ns write failed: Operation not permitted
12-26 12:56:48.524  8042  8042 W KeyboardModeManager: setInputView() : inputView = null
12-26 12:56:48.527  8042  8042 I GoogleInputMethodService: Apply keyboard theme: theme_stylesheet_googleblue_assets:theme_package_metadata_google_blue_dark.binarypb_port
12-26 12:56:48.544  8042  8042 I KeyboardViewUtil: systemKeyboardHeightRatio:1.200000; userKeyboardHeightRatio:1.000000.
12-26 12:56:48.549 26942 26942 D StatusBar: disable<e i a s b h r c s > disable2<q i n >
12-26 12:56:48.550  8042  8042 I DeviceStatusMonitor: onReceive() : Action = android.intent.action.CONFIGURATION_CHANGED
12-26 12:56:48.551  8042  8042 I ConfigurationNotification: Get device mode by ui mode:1 and smallestScreenWidthDp:392
12-26 12:56:48.551  8042  8042 I chatty  : uid=10206(com.google.android.inputmethod.latin) identical 2 lines
12-26 12:56:48.551  8042  8042 I ConfigurationNotification: Get device mode by ui mode:1 and smallestScreenWidthDp:392
12-26 12:56:48.582  8814  8850 I MicroDetectionState: Should stop hotword detection immediately - false
12-26 12:56:48.583  8814  8850 I MicroDetectionState: Keep running DSP hotword
12-26 12:56:48.585 26942 26942 I OpaEnabledReceiver: Dispatching OPA eligble = true; AGSA = true; OPA enabled = true
12-26 12:56:48.586 26942 26942 I OpaLayout: Setting opa enabled to true
12-26 12:56:48.586 26942 26942 I OpaLayout: Setting opa enabled to true
12-26 12:56:48.595  8814  8814 W NowVeViewportMonitor: Attempting to report viewport hidden that is already hidden.
12-26 12:56:48.597  1380  1445 I WindowManager: Screen frozen for +219ms due to Window{48db643 u0 StatusBar}
12-26 12:56:48.601  8814  8814 I StreamRenderer: maybeRegisterNowCardsScope(nowcards-15-29e61c56-1adb, com.google.android.sidekick.shared.remoteapi.CardRenderingContext@f1dd0a6)
12-26 12:56:48.629  2486  2486 W ChimeraUtils: Non Chimera context
12-26 12:56:48.630  2486  2486 W ChimeraUtils: Non Chimera context
12-26 12:56:48.631 13283 13880 I PeopleChimeraService: onService. callbacks = aanr@ddc1275, request = com.google.android.gms.common.internal.GetServiceRequest@fd1b20a
12-26 12:56:48.643   670   670 W HwcComposer: command 0x4080000 generated error 4
12-26 12:56:48.675   670   670 I chatty  : uid=1000(system) /system/bin/surfaceflinger identical 21 lines
12-26 12:56:48.675   670   670 W HwcComposer: command 0x4080000 generated error 4
12-26 12:56:48.683  8814  8814 D p       : setAvailableAccounts() 0 -> 1.
12-26 12:56:48.683  8814  8814 D p       : modelLoaded
12-26 12:56:48.683  8814  8814 D p       : chooseAccount()
12-26 12:56:48.691   670   670 W HwcComposer: command 0x4080000 generated error 4
12-26 12:56:48.691   670   670 I chatty  : uid=1000(system) /system/bin/surfaceflinger identical 7 lines
12-26 12:56:48.691   670   670 W HwcComposer: command 0x4080000 generated error 4
12-26 12:56:48.703  8814  8828 W FeedDoodleHeaderRndr: finalize() without destroy() f61c025
12-26 12:56:48.708   670   670 W HwcComposer: command 0x4080000 generated error 4
12-26 12:56:48.956   670   670 I chatty  : uid=1000(system) /system/bin/surfaceflinger identical 138 lines
12-26 12:56:48.956   670   670 W HwcComposer: command 0x4080000 generated error 4
12-26 12:56:49.033   899   899 D audio_hw_primary: disable_audio_route: usecase(1) reset and update mixer path: low-latency-playback speaker
12-26 12:56:50.193 29736 29736 E adbd    : failed to connect to socket 'tcp:6666': Connection refused
