12-26 12:55:52.245  2120  2163 D         : TrackPlayerBase::TrackPlayerBase()
12-26 12:55:52.245  2120  2163 I libOpenSLES: Emulating old channel mask behavior (ignoring positional mask 0x3, using default mask 0x3 based on channel count of 2)
12-26 12:55:52.248   947 17442 D AudioFlinger: Client defaulted notificationFrames to 96 for frameCount 96
12-26 12:55:52.249   947 17442 D AF::TrackHandle: OpPlayAudio: track:5864 usage:1 not muted
12-26 12:55:52.250  2120  2163 I AudioTrack: createTrack_l(1385842726): AUDIO_OUTPUT_FLAG_FAST successful; frameCount 0 -> 96
12-26 12:55:52.251  2120  2163 D UE4     : [2019.12.26-11.55.52:251][  0]LogAudioMixer: Display: Using Audio Device Android Audio Device
12-26 12:55:52.266   899  1834 D audio_hw_primary: out_set_parameters: enter: usecase(5: audio-ull-playback) kvpairs: routing=2
12-26 12:55:52.274  2120  2163 D UE4     : [2019.12.26-11.55.52:274][  0]LogInit: FAudioDevice initialized.
12-26 12:55:52.275   899  1834 D msm8974_platform: Setting audio calibration for snd_device(2) acdb_id(513)
12-26 12:55:52.276  2120  2163 D UE4     : [2019.12.26-11.55.52:276][  0]LogNetVersion: Set ProjectVersion to 1.0.0.0. Version Checksum will be recalculated on next use.
12-26 12:55:52.276  2120  2163 D UE4     : [2019.12.26-11.55.52:276][  0]LogInit: Texture streaming: Enabled
12-26 12:55:52.276   899  1834 D msm8974_platform: Setting audio calibration for snd_device(2) acdb_id(513)
12-26 12:55:52.278   899  1834 I chatty  : uid=1041(audioserver) HwBinder:899_3 identical 1 line
12-26 12:55:52.279   899  1834 D msm8974_platform: Setting audio calibration for snd_device(2) acdb_id(513)
12-26 12:55:52.279   899  1834 D audio_hw_waves: print_state_log: send volume table -(0,0.000000,F),(1,0.000000,F),(2,0.241964,T),(3,0.000000,T),(4,0.000000,F),(5,0.000000,F)
12-26 12:55:52.280   917   917 D android.hardware.power@1.3-service.pixel-libperfmgr: AUDIO_STREAMING: 1
12-26 12:55:52.281   899 15179 D ACDB-LOADER: ACDB -> send_audio_cal, acdb_id = 513, path = 0, app id = 0x11130, sample rate = 48000
12-26 12:55:52.281   899 15179 D ACDB-LOADER: ACDB -> send_asm_topology
12-26 12:55:52.281   899 15179 D ACDB-LOADER: ACDB -> ACDB_CMD_GET_AUDPROC_STREAM_TOPOLOGY_ID
12-26 12:55:52.281   899 15179 D ACDB-LOADER: ACDB -> send_adm_topology
12-26 12:55:52.281   899 15179 D ACDB-LOADER: ACDB -> ACDB_CMD_GET_AUDPROC_COMMON_TOPOLOGY_ID
12-26 12:55:52.281   899 15179 D ACDB-LOADER: ACDB -> send_audtable
12-26 12:55:52.281   899 15179 D ACDB-LOADER: ACDB -> ACDB_CMD_GET_AUDPROC_COMMON_TABLE_SIZE
12-26 12:55:52.281   899 15179 D ACDB-LOADER: ACDB -> ACDB_CMD_GET_AUDPROC_COMMON_TABLE
12-26 12:55:52.281   899 15179 D ACDB-LOADER: ACDB -> AUDIO_SET_AUDPROC_CAL
12-26 12:55:52.281   899 15179 D ACDB-LOADER: ACDB -> send_audvoltable
12-26 12:55:52.281   899 15179 D ACDB-LOADER: ACDB -> ACDB_CMD_GET_AUDPROC_VOL_STEP_TABLE_SIZE
12-26 12:55:52.281   899 15179 D ACDB-LOADER: ACDB -> ACDB_CMD_GET_AUDPROC_GAIN_DEP_STEP_TABLE, vol index 0
12-26 12:55:52.281   899 15179 D         : Failed to fetch the lookup information of the device 00000201 
12-26 12:55:52.281   899 15179 E ACDB-LOADER: Error: ACDB AudProc vol returned = -19
12-26 12:55:52.281   899 15179 D ACDB-LOADER: ACDB -> AUDIO_SET_VOL_CAL cal type = 12
12-26 12:55:52.281   899 15179 D ACDB-LOADER: ACDB -> ACDB_CMD_GET_AUDPROC_STREAM_TABLE_SIZE
12-26 12:55:52.281   899 15179 D ACDB-LOADER: ACDB -> send_audstrmtable
12-26 12:55:52.281   899 15179 D ACDB-LOADER: ACDB -> ACDB_CMD_GET_AUDPROC_STREAM_TABLE_V2
12-26 12:55:52.281   899 15179 D ACDB-LOADER: ACDB -> audstrm_cal->cal_type.cal_data.cal_size = 456
12-26 12:55:52.281   899 15179 D ACDB-LOADER: ACDB -> send_afe_topology
12-26 12:55:52.281   899 15179 D ACDB-LOADER: ACDB -> ACDB_CMD_GET_AFE_TOPOLOGY_ID
12-26 12:55:52.281   899 15179 D ACDB-LOADER: ACDB -> GET_AFE_TOPOLOGY_ID for adcd_id 513, Topology Id 10000ccc
12-26 12:55:52.281   899 15179 D ACDB-LOADER: ACDB -> send_afe_cal
12-26 12:55:52.281   899 15179 D ACDB-LOADER: ACDB -> ACDB_CMD_GET_AFE_COMMON_TABLE_SIZE
12-26 12:55:52.281   899 15179 D ACDB-LOADER: ACDB -> ACDB_CMD_GET_AFE_COMMON_TABLE
12-26 12:55:52.281   899 15179 D ACDB-LOADER: ACDB -> AUDIO_SET_AFE_CAL
12-26 12:55:52.281   899 15179 D ACDB-LOADER: ACDB -> send_hw_delay : acdb_id = 513 path = 0
12-26 12:55:52.281   899 15179 D ACDB-LOADER: ACDB -> ACDB_AVSYNC_INFO: ACDB_CMD_GET_DEVICE_PROPERTY
12-26 12:55:52.281   899 15179 D audio_hw_primary: enable_audio_route: usecase(5) apply and update mixer path: audio-ull-playback speaker
12-26 12:55:52.281   899 15179 D audio_route: Apply path: audio-ull-playback speaker
12-26 12:55:52.292   899 15179 D audio_hw_primary: out_write: retry previous failed cal level set
12-26 12:55:52.292   917   917 D android.hardware.power@1.3-service.pixel-libperfmgr: AUDIO_STREAMING: 0
12-26 12:55:52.292   917   917 D android.hardware.power@1.3-service.pixel-libperfmgr: AUDIO_LOW_LATENCY: 1
12-26 12:55:52.292   899 15179 W qc_adm  : margin check: adm_request_focus_v2(p) failed diff -144
12-26 12:55:52.292   899 15179 W qc_adm  : margin check: adm_abandon_focus(p) failed diff -192
12-26 12:55:52.298  2120  2163 D UE4     : [2019.12.26-11.55.52:298][  0]LogSlate: Updating window title bar state: overlay mode, drag disabled, window buttons hidden, title bar hidden
12-26 12:55:52.299  2120  2163 D UE4     : [2019.12.26-11.55.52:299][  0]LogInit: Display: Game Engine Initialized.
12-26 12:55:52.302  2120  2163 D UE4     : [2019.12.26-11.55.52:302][  0]LogInit: Display: Starting Game.
12-26 12:55:52.302  2120  2163 D UE4     : [2019.12.26-11.55.52:302][  0]LogNet: Browse: /Game/TopDownBP/Maps/TopDownExampleMap?Name=Player
12-26 12:55:52.302  2120  2163 D UE4     : [2019.12.26-11.55.52:302][  0]LogLoad: LoadMap: /Game/TopDownBP/Maps/TopDownExampleMap?Name=Player
12-26 12:55:52.302  2120  2163 D UE4     : [2019.12.26-11.55.52:302][  0]LogWorld: BeginTearingDown for /Temp/Untitled_0
12-26 12:55:52.305  2120  2163 D UE4     : [2019.12.26-11.55.52:305][  0]LogWorld: UWorld::CleanupWorld for Untitled, bSessionEnded=true, bCleanupResources=true
12-26 12:55:52.306  2120  2163 D UE4     : [2019.12.26-11.55.52:306][  0]LogSlate: InvalidateAllWidgets triggered.  All widgets were invalidated
12-26 12:55:52.306  2120  2566 D UE4     : [2019.12.26-11.55.52:306][  0]LogAudioMixer: Display: No commands were queued while flushing the source manager.
12-26 12:55:52.317  2120  2163 D UE4     : [2019.12.26-11.55.52:317][  0]LogUObjectHash: Compacting FUObjectHashTables data took   2.71ms
12-26 12:55:52.409  2120  2163 D UE4     : [2019.12.26-11.55.52:409][  0]LogAIModule: Creating AISystem for world TopDownExampleMap
12-26 12:55:52.409  2120  2163 D UE4     : [2019.12.26-11.55.52:409][  0]LogLoad: Game class is 'TopDownGameMode_C'
12-26 12:55:52.419  2120  2163 D UE4     : [2019.12.26-11.55.52:419][  0]LogWorld: Bringing World /Game/TopDownBP/Maps/TopDownExampleMap.TopDownExampleMap up for play (max tick rate 0) at 2019.12.26-12.55.52
12-26 12:55:52.420  2120  2163 D UE4     : [2019.12.26-11.55.52:420][  0]LogWorld: Bringing up level for play took: 0.009593
12-26 12:55:52.421  2120  2163 D UE4     : [2019.12.26-11.55.52:421][  0]LogOnline: OSS: Creating online subsystem instance for: GooglePlay
12-26 12:55:52.422  2120  2163 D UE4     : [2019.12.26-11.55.52:422][  0]LogOnline: Warning: OSS: FOnlineSubsystemGooglePlayModule was disabled
12-26 12:55:52.428  2120  2163 D UE4     : [2019.12.26-11.55.52:428][  0]LogLoad: Took 0.126005 seconds to LoadMap(/Game/TopDownBP/Maps/TopDownExampleMap)
12-26 12:55:52.433  2120  2539 D UE4     : *** JavaEnvDestructor: 2539
12-26 12:55:52.433  2120  2537 D UE4     : AndroidEGL::  ReleaseContextOwnership,  thread releasing rendering context tid: 2537
12-26 12:55:52.437  2120  2537 D UE4     : AndroidEGL::ResetDisplay()
12-26 12:55:52.437  2120  2537 D UE4     : *** JavaEnvDestructor: 2537
12-26 12:55:52.448  2120  2163 D UE4     : [2019.12.26-11.55.52:448][  0]LogAndroid: Passed GEngineLoop.Init()
12-26 12:55:52.450  2120  2163 D UE4     : [2019.12.26-11.55.52:450][  0]LogAndroidEvents: Display: LogAndroidEvents::DequeueAppEvent : 9, [width=-1, height=-1], APP_EVENT_STATE_ON_START
12-26 12:55:52.450  2120  2163 D UE4     : FAppEventManager::Tick processing, 9
12-26 12:55:52.450  2120  2163 D UE4     : [2019.12.26-11.55.52:450][  0]LogAndroidEvents: Display: LogAndroidEvents::DequeueAppEvent : 7, [width=-1, height=-1], APP_EVENT_STATE_ON_RESUME
12-26 12:55:52.450  2120  2163 D UE4     : FAppEventManager::Tick processing, 7
12-26 12:55:52.450  2120  2163 D UE4     : [2019.12.26-11.55.52:450][  0]LogAndroidEvents: Display: LogAndroidEvents::DequeueAppEvent : 6, [width=-1, height=-1], APP_EVENT_STATE_ON_PAUSE
12-26 12:55:52.450  2120  2163 D UE4     : FAppEventManager::Tick processing, 6
12-26 12:55:52.450  2120  2163 D UE4     : [2019.12.26-11.55.52:450][  0]LogAndroidEvents: Display: LogAndroidEvents::DequeueAppEvent : 12, [width=-1, height=-1], APP_EVENT_STATE_SAVE_STATE
12-26 12:55:52.450  2120  2163 D UE4     : FAppEventManager::Tick processing, 12
12-26 12:55:52.450  2120  2163 D UE4     : [2019.12.26-11.55.52:450][  0]LogAndroidEvents: Display: LogAndroidEvents::DequeueAppEvent : 8, [width=-1, height=-1], APP_EVENT_STATE_ON_STOP
12-26 12:55:52.450  2120  2163 D UE4     : FAppEventManager::Tick processing, 8
12-26 12:55:52.450  2120  2163 D UE4     : [2019.12.26-11.55.52:450][  0]LogTemp: Android release microphone
12-26 12:55:52.451  2120  2163 D UE4     : [2019.12.26-11.55.52:450][  0]LogAndroidEvents: Display: LogAndroidEvents::DequeueAppEvent : 2, [width=-1, height=-1], APP_EVENT_STATE_WINDOW_CHANGED
12-26 12:55:52.451  2120  2163 D UE4     : FAppEventManager::Tick processing, 2
12-26 12:55:52.451  2120  2163 D UE4     : AndroidEGL::ReInitWindow()
12-26 12:55:52.451  2120  2163 D UE4     : [2019.12.26-11.55.52:451][  0]LogAndroid: Mobile HDR: no
12-26 12:55:52.451  2120  2163 D UE4     : [2019.12.26-11.55.52:451][  0]LogAndroidWindowUtils: Setting Width=1344 and Height=720 (requested scale = 1.000000)
12-26 12:55:52.451  2120  2163 D UE4     : [2019.12.26-11.55.52:451][  0]LogAndroid: AndroidEGL::RefreshWindowSize updating window size = 1344, 720, cached size : 0, 0 tid : 2163
12-26 12:55:52.451  2120  2163 D UE4     : [2019.12.26-11.55.52:451][  0]LogAndroidEvents: Display: LogAndroidEvents::DequeueAppEvent : 9, [width=-1, height=-1], APP_EVENT_STATE_ON_START
12-26 12:55:52.451  2120  2163 D UE4     : FAppEventManager::Tick processing, 9
12-26 12:55:52.451  2120  2163 D UE4     : [2019.12.26-11.55.52:451][  0]LogAndroidEvents: Display: LogAndroidEvents::DequeueAppEvent : 7, [width=-1, height=-1], APP_EVENT_STATE_ON_RESUME
12-26 12:55:52.451  2120  2163 D UE4     : FAppEventManager::Tick processing, 7
12-26 12:55:52.451  2120  2163 D UE4     : [2019.12.26-11.55.52:451][  0]LogAndroidEvents: Display: LogAndroidEvents::DequeueAppEvent : 0, [width=2028, height=1080], APP_EVENT_STATE_WINDOW_CREATED
12-26 12:55:52.451  2120  2163 D UE4     : FAppEventManager::Tick processing, 0
12-26 12:55:52.451  2120  2163 D UE4     : [2019.12.26-11.55.52:451][  0]LogAndroidEvents: Display: ExecWindowCreated
12-26 12:55:52.451  2120  2163 D UE4     : AndroidEGL::ReInitWindow()
12-26 12:55:52.451  2120  2163 D UE4     : [2019.12.26-11.55.52:451][  0]LogAndroid: AndroidEGL::RefreshWindowSize updating window size = 1344, 720, cached size : 1344, 720 tid : 2163
12-26 12:55:52.451  2120  2163 D UE4     : ExecWindowCreated, 0, 1, 1
12-26 12:55:52.451  2120  2163 D UE4     : [2019.12.26-11.55.52:451][  0]LogAndroidEvents: Display: LogAndroidEvents::DequeueAppEvent : 11, [width=-1, height=-1], APP_EVENT_STATE_WINDOW_GAINED_FOCUS
12-26 12:55:52.451  2120  2163 D UE4     : FAppEventManager::Tick processing, 11
12-26 12:55:52.451  2120  2163 D UE4     : [2019.12.26-11.55.52:451][  0]LogAndroidEvents: Display: LogAndroidEvents::DequeueAppEvent : 14, [width=-1, height=-1], APP_EVENT_STATE_APP_ACTIVATED
12-26 12:55:52.451  2120  2163 D UE4     : FAppEventManager::Tick processing, 14
12-26 12:55:52.451  2120  2163 D UE4     : Execution will be resumed!
12-26 12:55:52.451  2120  2163 D UE4     : [2019.12.26-11.55.52:451][  0]LogAndroidEvents: Display: LogAndroidEvents::DequeueAppEvent : 15, [width=-1, height=-1], APP_EVENT_RUN_CALLBACK
12-26 12:55:52.451  2120  2163 D UE4     : FAppEventManager::Tick processing, 15
12-26 12:55:52.451  2120  2163 D UE4     : [2019.12.26-11.55.52:451][  0]LogAndroidEvents: Display: Event thread callback running.
12-26 12:55:52.451  2120  2163 D UE4     : [2019.12.26-11.55.52:451][  0]LogAndroid: performing app foregrounding callback.
12-26 12:55:52.452  2120  2163 D UE4     : [GameActivity] Registering volume receiver
12-26 12:55:52.455  2120  2163 D UE4     : [GameActivity] startVolumeReceiver: 11
12-26 12:55:52.455  2120  2163 D UE4     : nativeVolumeEvent(11)
12-26 12:55:52.455  2120  2163 D UE4     : [GameActivity] Registering battery receiver
12-26 12:55:52.457  2120  2163 D UE4     : [GameActivity] Registering headset receiver
12-26 12:55:52.457  2120  2120 D UE4     : [GameActivity] Battery: status = 2, rawlevel = 51, scale = 100
12-26 12:55:52.457  2120  2120 D UE4     : nativeBatteryEvent(stat = 2, lvl = 51  temp = 26.50 °C)
12-26 12:55:52.458  2120  2163 D UE4     : [GameActivity] startHeadsetReceiver: 0
12-26 12:55:52.458  2120  2163 D UE4     : nativeHeadsetEvent(0)
12-26 12:55:52.458  2120  2163 D UE4     : [2019.12.26-11.55.52:458][  0]LogCore: Display: AppLifetime: Application has entered foreground
12-26 12:55:52.458  2120  2120 D UE4     : [GameActivity] headsetReceiver::onReceive
12-26 12:55:52.458  2120  2120 D UE4     : nativeHeadsetEvent(0)
12-26 12:55:52.468  2120  2568 D UE4     : [2019.12.26-11.55.52:468][  0]LogRenderer: Reallocating scene render targets to support 1344x720 Format 2 NumSamples 1 (Frame:1).
12-26 12:55:52.502  2120  2568 D UE4     : [2019.12.26-11.55.52:502][  0]LogRHI: Using OpenGL program LRU cache: 0
12-26 12:55:52.511  2120  2550 D UE4     : *** JavaEnvDestructor: 2550
12-26 12:55:52.921  1380  1444 I system_server: Explicit concurrent copying GC freed 156200(7974KB) AllocSpace objects, 41(1940KB) LOS objects, 37% free, 39MB/63MB, paused 70us total 233.557ms
12-26 12:55:53.113  2120  2546 D UE4     : *** JavaEnvDestructor: 2546
12-26 12:55:53.114  2120  2549 D UE4     : *** JavaEnvDestructor: 2549
12-26 12:55:53.115  2120  2545 D UE4     : *** JavaEnvDestructor: 2545
12-26 12:55:53.206   899 15179 W audio_hw_primary: out_write: underrun(344) frames_by_time(183) > out->last_fifo_frames_remaining(144)
12-26 12:55:53.206   899 15179 W qc_adm  : margin check: adm_request_focus_v2(p) failed diff -48
12-26 12:55:53.216  2120  2163 D UE4     : [2019.12.26-11.55.53:215][  0]LogUdpMessaging: Initializing bridge on interface 0.0.0.0:0 to multicast group 230.0.0.1:6666.
12-26 12:55:53.216   899 15179 W audio_hw_primary: out_write: underrun(345) frames_by_time(7) > out->last_fifo_frames_remaining(0)
12-26 12:55:53.216   899 15179 W qc_adm  : margin check: adm_request_focus_v2(p) failed diff -48
12-26 12:55:53.218   899 15179 W audio_hw_primary: out_write: underrun(346) frames_by_time(90) > out->last_fifo_frames_remaining(48)
12-26 12:55:53.218   899 15179 W qc_adm  : margin check: adm_request_focus_v2(p) failed diff -48
12-26 12:55:53.694  2944  3545 I CarrierServices: [169] bxu.a: FiST: Wifi connectivity status false
12-26 12:55:53.702  2944  3545 I CarrierServices: [169] byb.d: Connected state: [1], networkType: [MOBILE]
12-26 12:55:53.703  2944  3974 I CarrierServices: [193] cdu.a: (PEv2-SM): ConfiguredState: event Connectivity event
12-26 12:55:53.816   899  1834 D audio_hw_primary: disable_audio_route: usecase(1) reset and update mixer path: low-latency-playback speaker
12-26 12:55:54.082  2120  2543 D UE4     : *** JavaEnvDestructor: 2543
12-26 12:55:54.156  2120  2544 D UE4     : *** JavaEnvDestructor: 2544
12-26 12:55:54.258  2120  2163 D UE4     : [2019.12.26-11.55.54:258][  0]LogTcpMessaging: Initializing TcpMessaging bridge, listening on 127.0.0.1:6666
12-26 12:55:54.262  2120  2163 D UE4     : [2019.12.26-11.55.54:262][  0]LogCore: Display: AppLifetime: Application has reactivated
12-26 12:55:54.263  2120  2163 D UE4     : [2019.12.26-11.55.54:263][  0]LogTemp: Android resume audio
12-26 12:55:54.282  2120  2163 D UE4     : [2019.12.26-11.55.54:282][  0]LogAndroid: Display: Low Power Mode Changed: 0
12-26 12:55:54.306  2120  2568 D UE4     : [2019.12.26-11.55.54:306][  0]LogRenderer: Reallocating scene render targets to support 128x128 Format 2 NumSamples 1 (Frame:1).
12-26 12:55:54.475  2120  2568 D UE4     : [2019.12.26-11.55.54:475][  2]LogRenderer: Reallocating scene render targets to support 1344x720 Format 2 NumSamples 1 (Frame:2).
12-26 12:55:56.262  2120  2586 D UE4     : [2019.12.26-11.55.56:262][101]LogTcpMessaging: Started Connection to '127.0.0.1:49895'
12-26 12:55:56.263  2120  2586 D UE4     : [2019.12.26-11.55.56:262][101]LogTcpMessaging: Discovered node '3231F32B4C9FE380FA5618A6BD2F7380' on connection '127.0.0.1:49895'...
12-26 12:55:56.540  2120  2164 D UE4     : [2019.12.26-11.55.56:540][118]LogAndroid: Mobile HDR: no
12-26 12:55:56.541  2120  2164 D UE4     : [2019.12.26-11.55.56:541][118]LogAndroidWindowUtils: Setting Width=1344 and Height=720 (requested scale = 1.000000)
12-26 12:55:59.792   919  1102 I CHRE    : @ 702899.625: [ImuCal] [NanoSensorCal:GYRO_RPS] Offset | Temperature [C]: -0.001656, 0.002011, 0.000538 | 30.97
12-26 12:55:59.792   919  1102 I CHRE    : @ 702899.625: [ImuCal] [NanoSensorCal:GYRO_RPS] Temp Sensitivity: 0.000025, 0.000012, -0.000014
12-26 12:55:59.792   919  1102 I CHRE    : @ 702899.625: [ImuCal] [NanoSensorCal:GYRO_RPS] Temp Intercept: -0.002197, 0.001380, 0.000791
12-26 12:56:01.606  2120  2165 D UE4     : [GameActivity] Used memory: 65075
12-26 12:56:05.701 13283  2605 I Authzen : [DeviceStateSyncManager] The server is in sync with current state. Nothing to do
12-26 12:56:08.116   919  1102 D VSC     : @ 702907.940: [Significant Motion] Request motion_detect, interval 18446744073709551615 ns, latency 0 ns
12-26 12:56:08.116   919  1102 D VSC     : @ 702907.942: [Significant Motion] Stop accel
12-26 12:56:10.734  2120  2120 D UE4     : [GameActivity] Battery: status = 2, rawlevel = 51, scale = 100
12-26 12:56:10.735  2120  2120 D UE4     : nativeBatteryEvent(stat = 2, lvl = 51  temp = 26.70 °C)
12-26 12:56:10.735 26942 27048 D PowerUI : can't show warning due to - plugged: true status unknown: false
12-26 12:56:11.608  2120  2165 D UE4     : [GameActivity] Used memory: 65075
12-26 12:56:12.891   936   936 I vendor.rmt_storage: rmt_storage_connect_cb: clnt_h=0x804 conn_h=0x74d0205100
12-26 12:56:12.891   936   936 I vendor.rmt_storage: rmt_storage_rw_iovec_cb: /boot/modem_fs2: req_h=0x804 msg_id=3: R/W request received
12-26 12:56:12.892   936   936 I vendor.rmt_storage: wakelock acquired: 1
12-26 12:56:12.892   936  1438 I vendor.rmt_storage: rmt_storage_client_thread: /boot/modem_fs2: Unblock worker thread (th_id: 501683760464)
12-26 12:56:12.949   936  1438 I vendor.rmt_storage: rmt_storage_client_thread: /boot/modem_fs2: req_h=0x804 msg_id=3: Bytes written = 2097152
12-26 12:56:12.949   936  1438 I vendor.rmt_storage: rmt_storage_client_thread: /boot/modem_fs2: req_h=0x804 msg_id=3: Send response: res=0 err=0
12-26 12:56:12.950   936  1438 I vendor.rmt_storage: rmt_storage_client_thread: /boot/modem_fs2: About to block rmt_storage client thread (th_id: 501683760464) wakelock released: 1
12-26 12:56:12.950   936  1438 I vendor.rmt_storage: 
12-26 12:56:12.950   936   936 I vendor.rmt_storage: rmt_storage_disconnect_cb: clnt_h=0x804 conn_h=0x74d0205100
12-26 12:56:16.283   919  1102 D VSC     : @ 702916.115: [Significant Motion] Stop motion_detect
12-26 12:56:16.290   919  1102 D VSC     : @ 702916.117: [Significant Motion] Request accel, interval 20000000 ns, latency 3200000000 ns
12-26 12:56:21.610  2120  2165 D UE4     : [GameActivity] Used memory: 65075
12-26 12:56:27.317   919  1102 D VSC     : @ 702927.142: [Significant Motion] Request motion_detect, interval 18446744073709551615 ns, latency 0 ns
12-26 12:56:27.317   919  1102 D VSC     : @ 702927.145: [Significant Motion] Stop accel
12-26 12:56:29.803 26942 26942 I KeyButtonView: Back button event: ACTION_DOWN
12-26 12:56:29.809  1380  1761 V InputDispatcher: Asynchronous input event injection succeeded.
12-26 12:56:29.814  2120  2164 D UE4     : Received keycode: 4, softkey: 0
12-26 12:56:29.814  2120  2164 D UE4     : Received key event: 4
12-26 12:56:29.905 26942 26942 I KeyButtonView: Back button event: ACTION_UP
12-26 12:56:29.906  1380  1761 V InputDispatcher: Asynchronous input event injection succeeded.
12-26 12:56:29.907  2120  2164 D UE4     : Received keycode: 4, softkey: 0
12-26 12:56:29.907  2120  2164 D UE4     : Received key event: 4
12-26 12:56:29.909   917   917 D android.hardware.power@1.3-service.pixel-libperfmgr: AUDIO_STREAMING: 1
12-26 12:56:29.910   899  2875 D msm8974_platform: Setting audio calibration for snd_device(2) acdb_id(513)
12-26 12:56:29.910   899  2875 E ACDB-LOADER: [acdb_loader_adsp_set_audio_cal] active device/stream not found (result=-100) for topology 0x1000dffb and apptype 0x11130
12-26 12:56:29.910   899  2875 E ACDB-LOADER: [acdb_loader_adsp_set_audio_cal] set parameters failed with status -100
12-26 12:56:29.910   899  2875 D msm8974_platform: Setting audio calibration for snd_device(2) acdb_id(513)
12-26 12:56:29.916   899  2875 D audio_hw_waves: print_state_log: send volume table -(0,0.000000,F),(1,0.000000,F),(2,0.241964,T),(3,0.000000,T),(4,0.000000,F),(5,0.000000,F)
12-26 12:56:29.916   899  2875 D ACDB-LOADER: ACDB -> send_audio_cal, acdb_id = 513, path = 0, app id = 0x11130, sample rate = 48000
12-26 12:56:29.916   899  2875 D ACDB-LOADER: ACDB -> send_asm_topology
12-26 12:56:29.916   899  2875 D ACDB-LOADER: ACDB -> ACDB_CMD_GET_AUDPROC_STREAM_TOPOLOGY_ID
12-26 12:56:29.916   899  2875 D ACDB-LOADER: ACDB -> send_adm_topology
12-26 12:56:29.916   899  2875 D ACDB-LOADER: ACDB -> ACDB_CMD_GET_AUDPROC_COMMON_TOPOLOGY_ID
12-26 12:56:29.916   899  2875 D ACDB-LOADER: ACDB -> send_audtable
12-26 12:56:29.916   899  2875 D ACDB-LOADER: ACDB -> ACDB_CMD_GET_AUDPROC_COMMON_TABLE_SIZE
12-26 12:56:29.916   899  2875 D ACDB-LOADER: ACDB -> ACDB_CMD_GET_AUDPROC_COMMON_TABLE
12-26 12:56:29.916   899  2875 D ACDB-LOADER: ACDB -> AUDIO_SET_AUDPROC_CAL
12-26 12:56:29.916   899  2875 D ACDB-LOADER: ACDB -> send_audvoltable
12-26 12:56:29.916   899  2875 D ACDB-LOADER: ACDB -> ACDB_CMD_GET_AUDPROC_VOL_STEP_TABLE_SIZE
12-26 12:56:29.916   899  2875 D ACDB-LOADER: ACDB -> ACDB_CMD_GET_AUDPROC_GAIN_DEP_STEP_TABLE, vol index 0
12-26 12:56:29.916   899  2875 D         : Failed to fetch the lookup information of the device 00000201 
12-26 12:56:29.916   899  2875 E ACDB-LOADER: Error: ACDB AudProc vol returned = -19
12-26 12:56:29.916   899  2875 D ACDB-LOADER: ACDB -> AUDIO_SET_VOL_CAL cal type = 12
12-26 12:56:29.916   899  2875 D ACDB-LOADER: ACDB -> ACDB_CMD_GET_AUDPROC_STREAM_TABLE_SIZE
12-26 12:56:29.916   899  2875 D ACDB-LOADER: ACDB -> send_audstrmtable
12-26 12:56:29.916   899  2875 D ACDB-LOADER: ACDB -> ACDB_CMD_GET_AUDPROC_STREAM_TABLE_V2
12-26 12:56:29.916   899  2875 D ACDB-LOADER: ACDB -> audstrm_cal->cal_type.cal_data.cal_size = 456
12-26 12:56:29.916   899  2875 D ACDB-LOADER: ACDB -> send_afe_topology
12-26 12:56:29.916   899  2875 D ACDB-LOADER: ACDB -> ACDB_CMD_GET_AFE_TOPOLOGY_ID
12-26 12:56:29.916   899  2875 D ACDB-LOADER: ACDB -> GET_AFE_TOPOLOGY_ID for adcd_id 513, Topology Id 10000ccc
12-26 12:56:29.916   899  2875 D ACDB-LOADER: ACDB -> send_afe_cal
12-26 12:56:29.916   899  2875 D ACDB-LOADER: ACDB -> ACDB_CMD_GET_AFE_COMMON_TABLE_SIZE
12-26 12:56:29.916   899  2875 D ACDB-LOADER: ACDB -> ACDB_CMD_GET_AFE_COMMON_TABLE
12-26 12:56:29.916   899  2875 D ACDB-LOADER: ACDB -> AUDIO_SET_AFE_CAL
12-26 12:56:29.916   899  2875 D ACDB-LOADER: ACDB -> send_hw_delay : acdb_id = 513 path = 0
12-26 12:56:29.916   899  2875 D ACDB-LOADER: ACDB -> ACDB_AVSYNC_INFO: ACDB_CMD_GET_DEVICE_PROPERTY
12-26 12:56:29.916   899  2875 D audio_hw_primary: enable_audio_route: usecase(1) apply and update mixer path: low-latency-playback speaker
12-26 12:56:29.916   899  2875 D audio_route: Apply path: low-latency-playback speaker
12-26 12:56:29.930   899  2875 D audio_hw_primary: out_write: retry previous failed cal level set
12-26 12:56:29.930   917   917 D android.hardware.power@1.3-service.pixel-libperfmgr: AUDIO_STREAMING: 0
12-26 12:56:31.207 26942 26942 I KeyButtonView: Back button event: ACTION_DOWN
12-26 12:56:31.208  1380  1761 V InputDispatcher: Asynchronous input event injection succeeded.
12-26 12:56:31.210  2120  2164 D UE4     : Received keycode: 4, softkey: 0
12-26 12:56:31.210  2120  2164 D UE4     : Received key event: 4
12-26 12:56:31.290 26942 26942 I KeyButtonView: Back button event: ACTION_UP
12-26 12:56:31.291  1380  1761 V InputDispatcher: Asynchronous input event injection succeeded.
12-26 12:56:31.292  2120  2164 D UE4     : Received keycode: 4, softkey: 0
12-26 12:56:31.292  2120  2164 D UE4     : Received key event: 4
12-26 12:56:31.390 26942 26942 I KeyButtonView: Back button event: ACTION_DOWN
12-26 12:56:31.391  1380  1761 V InputDispatcher: Asynchronous input event injection succeeded.
12-26 12:56:31.393  2120  2164 D UE4     : Received keycode: 4, softkey: 0
12-26 12:56:31.393  2120  2164 D UE4     : Received key event: 4
12-26 12:56:31.485 26942 26942 I KeyButtonView: Back button event: ACTION_UP
12-26 12:56:31.486  1380  1761 V InputDispatcher: Asynchronous input event injection succeeded.
12-26 12:56:31.487  2120  2164 D UE4     : Received keycode: 4, softkey: 0
12-26 12:56:31.487  2120  2164 D UE4     : Received key event: 4
12-26 12:56:31.586 26942 26942 I KeyButtonView: Back button event: ACTION_DOWN
12-26 12:56:31.587  1380  1761 V InputDispatcher: Asynchronous input event injection succeeded.
12-26 12:56:31.588  2120  2164 D UE4     : Received keycode: 4, softkey: 0
12-26 12:56:31.588  2120  2164 D UE4     : Received key event: 4
12-26 12:56:31.613 26942 26942 I KeyButtonView: Back button event: ACTION_UP
12-26 12:56:31.616  1380  1761 V InputDispatcher: Asynchronous input event injection succeeded.
12-26 12:56:31.618  2120  2164 D UE4     : Received keycode: 4, softkey: 0
12-26 12:56:31.618  2120  2164 D UE4     : Received key event: 4
12-26 12:56:31.633  2120  2165 D UE4     : [GameActivity] Used memory: 65075
12-26 12:56:32.683 26942 26942 I KeyButtonView: Back button event: ACTION_DOWN
12-26 12:56:32.685  1380  1761 V InputDispatcher: Asynchronous input event injection succeeded.
12-26 12:56:32.687  2120  2164 D UE4     : Received keycode: 4, softkey: 0
12-26 12:56:32.687  2120  2164 D UE4     : Received key event: 4
12-26 12:56:32.796 26942 26942 I KeyButtonView: Back button event: ACTION_UP
12-26 12:56:32.798  1380  1761 V InputDispatcher: Asynchronous input event injection succeeded.
12-26 12:56:32.800  2120  2164 D UE4     : Received keycode: 4, softkey: 0
12-26 12:56:32.800  2120  2164 D UE4     : Received key event: 4
12-26 12:56:35.949   899  1834 D audio_hw_primary: disable_audio_route: usecase(1) reset and update mixer path: low-latency-playback speaker
12-26 12:56:38.432   919  1102 D VSC     : @ 702938.264: [Significant Motion] Stop motion_detect
12-26 12:56:38.442   919  1102 D VSC     : @ 702938.266: [Significant Motion] Request accel, interval 20000000 ns, latency 3200000000 ns
12-26 12:56:41.652  2120  2165 D UE4     : [GameActivity] Used memory: 65075
12-26 12:56:45.734 26942 26942 I KeyButtonView: Back button event: ACTION_DOWN
12-26 12:56:45.735  1380  1761 V InputDispatcher: Asynchronous input event injection succeeded.
12-26 12:56:45.736  2120  2164 D UE4     : Received keycode: 4, softkey: 0
12-26 12:56:45.736  2120  2164 D UE4     : Received key event: 4
12-26 12:56:45.848 26942 26942 I KeyButtonView: Back button event: ACTION_UP
12-26 12:56:45.850  1380  1761 V InputDispatcher: Asynchronous input event injection succeeded.
12-26 12:56:45.852  2120  2164 D UE4     : Received keycode: 4, softkey: 0
12-26 12:56:45.852  2120  2164 D UE4     : Received key event: 4
12-26 12:56:45.852   917   917 D android.hardware.power@1.3-service.pixel-libperfmgr: AUDIO_STREAMING: 1
12-26 12:56:45.853   899  2875 D msm8974_platform: Setting audio calibration for snd_device(2) acdb_id(513)
12-26 12:56:45.853   899  2875 E ACDB-LOADER: [acdb_loader_adsp_set_audio_cal] active device/stream not found (result=-100) for topology 0x1000dffb and apptype 0x11130
12-26 12:56:45.853   899  2875 E ACDB-LOADER: [acdb_loader_adsp_set_audio_cal] set parameters failed with status -100
12-26 12:56:45.853   899  2875 D msm8974_platform: Setting audio calibration for snd_device(2) acdb_id(513)
12-26 12:56:45.854   899  2875 D audio_hw_waves: print_state_log: send volume table -(0,0.000000,F),(1,0.000000,F),(2,0.241964,T),(3,0.000000,T),(4,0.000000,F),(5,0.000000,F)
12-26 12:56:45.854   899  2875 D ACDB-LOADER: ACDB -> send_audio_cal, acdb_id = 513, path = 0, app id = 0x11130, sample rate = 48000
12-26 12:56:45.854   899  2875 D ACDB-LOADER: ACDB -> send_asm_topology
12-26 12:56:45.854   899  2875 D ACDB-LOADER: ACDB -> ACDB_CMD_GET_AUDPROC_STREAM_TOPOLOGY_ID
12-26 12:56:45.854   899  2875 D ACDB-LOADER: ACDB -> send_adm_topology
12-26 12:56:45.854   899  2875 D ACDB-LOADER: ACDB -> ACDB_CMD_GET_AUDPROC_COMMON_TOPOLOGY_ID
12-26 12:56:45.854   899  2875 D ACDB-LOADER: ACDB -> send_audtable
12-26 12:56:45.854   899  2875 D ACDB-LOADER: ACDB -> ACDB_CMD_GET_AUDPROC_COMMON_TABLE_SIZE
12-26 12:56:45.854   899  2875 D ACDB-LOADER: ACDB -> ACDB_CMD_GET_AUDPROC_COMMON_TABLE
12-26 12:56:45.854   899  2875 D ACDB-LOADER: ACDB -> AUDIO_SET_AUDPROC_CAL
12-26 12:56:45.854   899  2875 D ACDB-LOADER: ACDB -> send_audvoltable
12-26 12:56:45.854   899  2875 D ACDB-LOADER: ACDB -> ACDB_CMD_GET_AUDPROC_VOL_STEP_TABLE_SIZE
12-26 12:56:45.854   899  2875 D ACDB-LOADER: ACDB -> ACDB_CMD_GET_AUDPROC_GAIN_DEP_STEP_TABLE, vol index 0
12-26 12:56:45.854   899  2875 D         : Failed to fetch the lookup information of the device 00000201 
12-26 12:56:45.854   899  2875 E ACDB-LOADER: Error: ACDB AudProc vol returned = -19
12-26 12:56:45.854   899  2875 D ACDB-LOADER: ACDB -> AUDIO_SET_VOL_CAL cal type = 12
12-26 12:56:45.854   899  2875 D ACDB-LOADER: ACDB -> ACDB_CMD_GET_AUDPROC_STREAM_TABLE_SIZE
12-26 12:56:45.854   899  2875 D ACDB-LOADER: ACDB -> send_audstrmtable
12-26 12:56:45.854   899  2875 D ACDB-LOADER: ACDB -> ACDB_CMD_GET_AUDPROC_STREAM_TABLE_V2
12-26 12:56:45.854   899  2875 D ACDB-LOADER: ACDB -> audstrm_cal->cal_type.cal_data.cal_size = 456
12-26 12:56:45.854   899  2875 D ACDB-LOADER: ACDB -> send_afe_topology
12-26 12:56:45.854   899  2875 D ACDB-LOADER: ACDB -> ACDB_CMD_GET_AFE_TOPOLOGY_ID
12-26 12:56:45.854   899  2875 D ACDB-LOADER: ACDB -> GET_AFE_TOPOLOGY_ID for adcd_id 513, Topology Id 10000ccc
12-26 12:56:45.854   899  2875 D ACDB-LOADER: ACDB -> send_afe_cal
12-26 12:56:45.854   899  2875 D ACDB-LOADER: ACDB -> ACDB_CMD_GET_AFE_COMMON_TABLE_SIZE
12-26 12:56:45.854   899  2875 D ACDB-LOADER: ACDB -> ACDB_CMD_GET_AFE_COMMON_TABLE
12-26 12:56:45.854   899  2875 D ACDB-LOADER: ACDB -> AUDIO_SET_AFE_CAL
12-26 12:56:45.854   899  2875 D ACDB-LOADER: ACDB -> send_hw_delay : acdb_id = 513 path = 0
12-26 12:56:45.854   899  2875 D ACDB-LOADER: ACDB -> ACDB_AVSYNC_INFO: ACDB_CMD_GET_DEVICE_PROPERTY
12-26 12:56:45.854   899  2875 D audio_hw_primary: enable_audio_route: usecase(1) apply and update mixer path: low-latency-playback speaker
12-26 12:56:45.855   899  2875 D audio_route: Apply path: low-latency-playback speaker
12-26 12:56:45.871   899  2875 D audio_hw_primary: out_write: retry previous failed cal level set
12-26 12:56:45.871   917   917 D android.hardware.power@1.3-service.pixel-libperfmgr: AUDIO_STREAMING: 0
12-26 12:56:46.258   917   917 D android.hardware.power@1.3-service.pixel-libperfmgr: LAUNCH: 1
12-26 12:56:46.263   917   917 D android.hardware.power@1.3-service.pixel-libperfmgr: LAUNCH: 0
12-26 12:56:46.269  1380  1761 V InputDispatcher: Asynchronous input event injection succeeded.
12-26 12:56:46.288  1998  1998 E libprocessgroup: set_timerslack_ns write failed: Operation not permitted
12-26 12:56:46.288  1998  1998 I chatty  : uid=10157(com.google.android.apps.nexuslauncher) identical 9 lines
12-26 12:56:46.375  1998  1998 E libprocessgroup: set_timerslack_ns write failed: Operation not permitted
12-26 12:56:46.385   899 15179 W audio_hw_primary: out_write: underrun(347) frames_by_time(8) > out->last_fifo_frames_remaining(0)
12-26 12:56:46.387   899 15179 W audio_hw_primary: out_write: underrun(348) frames_by_time(101) > out->last_fifo_frames_remaining(96)
12-26 12:56:46.392  8814  8814 I StreamRenderer: cleanUpRendererScope(nowcards-15-29c7da9b-2151)
12-26 12:56:46.416 26942 26942 V StatusBar: mStatusBarWindow: com.android.systemui.statusbar.phone.StatusBarWindowView{a2cae73 V.E...... ........ 0,0-2160,66} canPanelBeCollapsed(): false
12-26 12:56:46.505  8814  8814 W PhoneWindow: Previously focused view reported id 2131431541 during save, but can't be found during restore.
12-26 12:56:46.957  1998  1998 I AiAiSuggestUi: Fetching contents @ null, isPrimaryTask = true
12-26 12:56:46.958  1998  1998 I chatty  : uid=10157(com.google.android.apps.nexuslauncher) identical 1 line
12-26 12:56:46.958  1998  1998 I AiAiSuggestUi: Fetching contents @ null, isPrimaryTask = true
12-26 12:56:46.970  2120  2120 D UE4     : [GameActivity] onPause: stop memory reporter runnable
12-26 12:56:46.970  2120  2120 D UE4     : [GameActivity] Unregistering sensor listeners
12-26 12:56:46.972   919   919 I sensors-hal: activate_physical_sensor:155, android.sensor.gyroscope/10 en=0
12-26 12:56:46.974   919   919 I sensors-hal: activate_physical_sensor:166, android.sensor.gyroscope/10 en=0 completed
12-26 12:56:46.977   919   919 I sensors-hal: activate_physical_sensor:155, android.sensor.magnetic_field/14 en=0
12-26 12:56:46.983   919  1102 D CHRE    : @ 702946.816: [ImuCal] Dynamic sensor configuration: stand-by.
12-26 12:56:46.983   919   919 I sensors-hal: activate_physical_sensor:166, android.sensor.magnetic_field/14 en=0 completed
12-26 12:56:46.985   919  1082 I sensors-hal: activate_physical_sensor:155, android.sensor.accelerometer/16 en=0
12-26 12:56:46.986   919  1082 I sensors-hal: activate_physical_sensor:166, android.sensor.accelerometer/16 en=0 completed
12-26 12:56:46.989  2120  2164 D UE4     : Case APP_CMD_PAUSE
12-26 12:56:46.989  2120  2120 D UE4     : [GameActivity] ==============> GameActive.onPause complete!
12-26 12:56:46.990  2120  2164 D UE4     : [2019.12.26-11.56.46:989][173]LogAndroid: Case APP_CMD_PAUSE
12-26 12:56:47.003   899 15179 W audio_hw_primary: out_write: underrun(349) frames_by_time(147) > out->last_fifo_frames_remaining(144)
12-26 12:56:47.018  2120  2164 D UE4     : LogAndroidEvents::EnqueueAppEvent : 6, [width=-1, height=-1], tid = 2164, APP_EVENT_STATE_ON_PAUSE
12-26 12:56:47.019  2120  2164 D UE4     : [2019.12.26-11.56.47:019][173]LogAndroid: event thread, suspending app, acquiring HW window lock.
12-26 12:56:47.019  2120  2164 D UE4     : LogAndroidEvents::EnqueueAppEvent : 15, [width=-1, height=-1], tid = 2164, APP_EVENT_RUN_CALLBACK
12-26 12:56:47.019  2120  2164 D UE4     : [2019.12.26-11.56.47:019][173]LogAndroid: AndroidEGL::  SuspendApp_EventThread, waiting for event manager to process. tid: 2164
12-26 12:56:47.030  8814   739 W ThreadPoolDumper: Queue length for executor EventBus is now 11. Perhaps some tasks are too long, or the pool is too small.
12-26 12:56:47.036  1998  1998 I AiAiSuggestUi: Extracting entities.
12-26 12:56:47.038  2120  2163 D UE4     : [2019.12.26-11.56.47:038][174]LogAndroidEvents: Display: LogAndroidEvents::DequeueAppEvent : 6, [width=-1, height=-1], APP_EVENT_STATE_ON_PAUSE
12-26 12:56:47.038  2120  2163 D UE4     : FAppEventManager::Tick processing, 6
12-26 12:56:47.040  2120  2163 D UE4     : [2019.12.26-11.56.47:040][174]LogAndroidEvents: Display: LogAndroidEvents::DequeueAppEvent : 15, [width=-1, height=-1], APP_EVENT_RUN_CALLBACK
12-26 12:56:47.040  2120  2163 D UE4     : FAppEventManager::Tick processing, 15
12-26 12:56:47.040  2120  2163 D UE4     : [2019.12.26-11.56.47:040][174]LogAndroidEvents: Display: Event thread callback running.
12-26 12:56:47.040  2120  2163 D UE4     : [2019.12.26-11.56.47:040][174]LogAndroid: performing app backgrounding callback. 0xb1a6f6b0
12-26 12:56:47.046  1998  1998 I AiAiSuggestUi: Showing chips view
12-26 12:56:47.056 13283 22630 I Icing   : IndexChimeraService.getServiceInterface callingPackage=com.google.android.googlequicksearchbox componentName=null serviceId=36
12-26 12:56:47.057  2120  2577 D UE4     : *** JavaEnvDestructor: 2577
12-26 12:56:47.081  8814   783 W LocationOracle: No location history returned by ContextManager
12-26 12:56:47.086  8814  8850 I MicroDetectionState: Should stop hotword detection immediately - false
12-26 12:56:47.099  8814  8814 W NowVeViewportMonitor: Attempting to report viewport hidden that is already hidden.
12-26 12:56:47.113  8814  8814 I StreamRenderer: maybeRegisterNowCardsScope(nowcards-15-29e6167c-da4d, com.google.android.sidekick.shared.remoteapi.CardRenderingContext@abe864d)
12-26 12:56:47.119 13283  5961 I Icing   : IndexChimeraService.getServiceInterface callingPackage=com.google.android.gms componentName=null serviceId=30
12-26 12:56:47.154  2486  2486 W ChimeraUtils: Non Chimera context
12-26 12:56:47.154  2486  2486 W ChimeraUtils: Non Chimera context
12-26 12:56:47.170 13283 30686 I Icing   : Usage reports ok 1, Failed Usage reports 0, indexed 0, rejected 0
12-26 12:56:47.182 13283 30686 I Icing   : Usage reports ok 0, Failed Usage reports 0, indexed 0, rejected 0
12-26 12:56:47.209 13283 26706 I PeopleChimeraService: onService. callbacks = aanr@a207b4e, request = com.google.android.gms.common.internal.GetServiceRequest@1ba746f
12-26 12:56:47.212  2486  2486 W ChimeraUtils: Non Chimera context
12-26 12:56:47.212  2486  2486 W ChimeraUtils: Non Chimera context
12-26 12:56:47.260  2486  4582 I PlaceInferenceEngine: [anon] Changed inference mode: 0
12-26 12:56:47.265  1380  1401 W AppOps  : Noting op not finished: uid 10145 pkg com.google.android.gms code 79 time=1577361351638 duration=-1
12-26 12:56:47.266  8814  8814 D p       : setAvailableAccounts() 0 -> 1.
12-26 12:56:47.266  8814  8814 D p       : modelLoaded
12-26 12:56:47.266  8814  8814 D p       : chooseAccount()
12-26 12:56:47.270  2486  4582 I PlaceInferenceEngine: [account#2000592387] Changed inference mode: 0
12-26 12:56:47.272  1380  1401 W AppOps  : Noting op not finished: uid 10145 pkg com.google.android.gms code 79 time=1577361407265 duration=0
12-26 12:56:47.281   906   906 V ContextHubHal: sendMessageToHub
12-26 12:56:47.283   919  1102 D CHRE    : @ 702947.116: Parsed nanoapp message from host: app ID 0x476f6f676c00100b, endpoint 0x0, msgType 0, payload size 10
12-26 12:56:47.283   919  1102 I CHRE    : @ 702947.116: [NanoMinion] received MSG Type 0x70, Version 1, 6 bytes
12-26 12:56:47.283   919  1102 I CHRE    : @ 702947.116: [AR_CHRE] request.flush
12-26 12:56:47.283   919  1102 I CHRE    : @ 702947.116: [AR_CHRE] send to host, reason=3, sampleSize=36, transitionSize=0, lastAccelTime = 702944343, lastAudioTime = 0 
12-26 12:56:47.284   919  1102 I CHRE    : @ 702947.117: [NanoMinion] sent MSG Type 0x72, Version 0, 566 bytes, MessageId 165
12-26 12:56:47.292  1380  1402 W AppOps  : Noting op not finished: uid 10145 pkg com.google.android.gms code 79 time=1577361407272 duration=0
12-26 12:56:47.296  1380  7830 W AppOps  : Noting op not finished: uid 10145 pkg com.google.android.gms code 79 time=1577361407292 duration=0
12-26 12:56:47.299  1380  3370 W AppOps  : Noting op not finished: uid 10145 pkg com.google.android.gms code 79 time=1577361407296 duration=0
12-26 12:56:47.304  1380  7830 W AppOps  : Noting op not finished: uid 10145 pkg com.google.android.gms code 79 time=1577361407299 duration=0
12-26 12:56:47.316  1380  1402 W AppOps  : Noting op not finished: uid 10123 pkg com.google.android.googlequicksearchbox code 79 time=1577361159284 duration=0
12-26 12:56:47.317  1380  7830 W AppOps  : Noting op not finished: uid 10145 pkg com.google.android.gms code 79 time=1577361407304 duration=0
12-26 12:56:47.319  1380  1402 W AppOps  : Noting op not finished: uid 10145 pkg com.google.android.gms code 79 time=1577361407317 duration=0
12-26 12:56:47.321   906   906 V ContextHubHal: sendMessageToHub
12-26 12:56:47.324   919  1102 D CHRE    : @ 702947.156: Parsed nanoapp message from host: app ID 0x476f6f676c00100b, endpoint 0x0, msgType 0, payload size 10
12-26 12:56:47.324   919  1102 I CHRE    : @ 702947.156: [NanoMinion] received MSG Type 0x70, Version 1, 6 bytes
12-26 12:56:47.324   919  1102 I CHRE    : @ 702947.156: [AR_CHRE] request.flush
12-26 12:56:47.324   919  1102 I CHRE    : @ 702947.156: [AR_CHRE] send to host, reason=3, sampleSize=0, transitionSize=0, lastAccelTime = 702944343, lastAudioTime = 0 
12-26 12:56:47.324   919  1102 I CHRE    : @ 702947.156: [NanoMinion] sent MSG Type 0x72, Version 0, 20 bytes, MessageId 166
12-26 12:56:47.329  2486  4582 I Places  : ?: PlacesBleScanner start() with priority 2
12-26 12:56:47.329  2486  4582 I PlaceInferenceEngine: [anon] Changed inference mode: 1
12-26 12:56:47.329  2486  4582 I PlaceInferenceEngine: [account#2000592387] Changed inference mode: 1
12-26 12:56:47.332  1380  3370 W AppOps  : Noting op not finished: uid 10145 pkg com.google.android.gms code 79 time=1577361407319 duration=0
12-26 12:56:47.334  1380  6105 W AppOps  : Noting op not finished: uid 10145 pkg com.google.android.gms code 79 time=1577361407332 duration=0
12-26 12:56:47.337  1380  1402 W AppOps  : Noting op not finished: uid 10145 pkg com.google.android.gms code 79 time=1577361407334 duration=0
12-26 12:56:47.339  1380  1402 W AppOps  : Noting op not finished: uid 10145 pkg com.google.android.gms code 79 time=1577361407337 duration=0
12-26 12:56:47.344  1380  3327 W AppOps  : Noting op not finished: uid 10145 pkg com.google.android.gms code 79 time=1577361407339 duration=0
12-26 12:56:47.346  2486  4582 I Places  : Converted 0 out of 10 WiFi scans
12-26 12:56:47.348  1380  3327 W AppOps  : Noting op not finished: uid 10145 pkg com.google.android.gms code 79 time=1577361407344 duration=0
12-26 12:56:47.351  1380  7830 W AppOps  : Noting op not finished: uid 10145 pkg com.google.android.gms code 79 time=1577361407348 duration=0
12-26 12:56:47.352  2486  4582 I PlaceInferenceEngine: [account#2000592387] Changed inference mode: 1
12-26 12:56:47.352  2486  4582 I PlaceInferenceEngine: [anon] Changed inference mode: 1
12-26 12:56:47.353   906   906 V ContextHubHal: sendMessageToHub
12-26 12:56:47.353  2486  2486 I BeaconBle: Client requested scan, settings=BleSettings [scanMode=ZERO_POWER, callbackType=ALL_MATCHES, reportDelayMillis=0, 1 filters, 0 clients, callingClientName=Places]
12-26 12:56:47.355   919  1102 D CHRE    : @ 702947.187: Parsed nanoapp message from host: app ID 0x476f6f676c00100b, endpoint 0x0, msgType 0, payload size 10
12-26 12:56:47.355   919  1102 I CHRE    : @ 702947.187: [NanoMinion] received MSG Type 0x70, Version 1, 6 bytes
12-26 12:56:47.355   919  1102 I CHRE    : @ 702947.187: [AR_CHRE] request.flush
12-26 12:56:47.355   919  1102 I CHRE    : @ 702947.188: [AR_CHRE] send to host, reason=3, sampleSize=0, transitionSize=0, lastAccelTime = 702944343, lastAudioTime = 0 
12-26 12:56:47.355   919  1102 I CHRE    : @ 702947.188: [NanoMinion] sent MSG Type 0x72, Version 0, 20 bytes, MessageId 167
12-26 12:56:47.357  2120  2575 D UE4     : *** JavaEnvDestructor: 2575
12-26 12:56:47.358  2120  2576 D UE4     : *** JavaEnvDestructor: 2576
12-26 12:56:47.358  2120  2573 D UE4     : *** JavaEnvDestructor: 2573
12-26 12:56:47.360  1380  3370 W AppOps  : Noting op not finished: uid 10145 pkg com.google.android.gms code 79 time=1577361407351 duration=0
12-26 12:56:47.363  1380  3327 W AppOps  : Noting op not finished: uid 10145 pkg com.google.android.gms code 79 time=1577361407360 duration=0
12-26 12:56:47.365  2486  1469 I PlaceInferenceEngine: No beacon scan available - ignoring candidates.
12-26 12:56:47.369  1380  3327 W AppOps  : Noting op not finished: uid 10123 pkg com.google.android.googlequicksearchbox code 79 time=1577361407316 duration=0
12-26 12:56:47.369  1380  3327 W AppOps  : Noting op not finished: uid 10145 pkg com.google.android.gms code 79 time=1577361407363 duration=0
12-26 12:56:47.370  1380  7830 W AppOps  : Noting op not finished: uid 10123 pkg com.google.android.googlequicksearchbox code 79 time=1577361407369 duration=0
12-26 12:56:47.371  1380  7830 W AppOps  : Noting op not finished: uid 10145 pkg com.google.android.gms code 79 time=1577361407369 duration=0
12-26 12:56:47.374  1380  7830 W AppOps  : Noting op not finished: uid 10145 pkg com.google.android.gms code 79 time=1577361407371 duration=0
12-26 12:56:47.378  1380  3327 W AppOps  : Noting op not finished: uid 10123 pkg com.google.android.googlequicksearchbox code 79 time=1577361407370 duration=0
12-26 12:56:47.379  1380  7830 W AppOps  : Noting op not finished: uid 10123 pkg com.google.android.googlequicksearchbox code 79 time=1577361407378 duration=0
12-26 12:56:47.472  2120  2580 D UE4     : *** JavaEnvDestructor: 2580
12-26 12:56:47.480  2486  1469 I PlaceInferenceEngine: No beacon scan available - ignoring candidates.
12-26 12:56:47.900   899 15179 W audio_hw_primary: out_write: underrun(350) frames_by_time(196) > out->last_fifo_frames_remaining(144)
12-26 12:56:47.900   899 15179 W qc_adm  : margin check: adm_request_focus_v2(p) failed diff -48
12-26 12:56:48.097  1998  1998 I AiAiSuggestUi: Clearing suggestions.
12-26 12:56:48.105  1380  1444 I ActivityManager: Killing 25648:com.google.process.gapps/u0a145 (adj 975): empty #33
12-26 12:56:48.106  1380  1444 I ActivityManager: Killing 2120:com.DawGames.projectWA/u0a268 (adj 905): remove task
12-26 12:56:48.135   887   887 I Zygote  : Process 25648 exited due to signal 9 (Killed)
12-26 12:56:48.157  1380  1452 I libprocessgroup: Successfully killed process cgroup uid 10145 pid 25648 in 51ms
12-26 12:56:48.230  1380  1761 W InputDispatcher: channel '6264b75 com.DawGames.projectWA/com.epicgames.ue4.GameActivity (server)' ~ Consumer closed input channel or an error occurred.  events=0x9
12-26 12:56:48.230  1380  1761 E InputDispatcher: channel '6264b75 com.DawGames.projectWA/com.epicgames.ue4.GameActivity (server)' ~ Channel is unrecoverably broken and will be disposed!
12-26 12:56:48.232  1380  1827 D ConnectivityService: ConnectivityService NetworkRequestInfo binderDied(NetworkRequest [ LISTEN id=2042, [ Capabilities: NOT_RESTRICTED&TRUSTED&NOT_VPN&FOREGROUND Uid: 10268] ], android.os.BinderProxy@ab479e7)
12-26 12:56:48.233  1380  3327 I WindowManager: WIN DEATH: Window{6264b75 u0 com.DawGames.projectWA/com.epicgames.ue4.GameActivity}
12-26 12:56:48.233  1380  3327 W InputDispatcher: Attempted to unregister already unregistered input channel '6264b75 com.DawGames.projectWA/com.epicgames.ue4.GameActivity (server)'
12-26 12:56:48.235   888   888 I Zygote  : Process 2120 exited due to signal 9 (Killed)
12-26 12:56:48.242  1380  1444 W ActivityManager: setHasOverlayUi called on unknown pid: 2120
12-26 12:56:48.262  1380  1452 I libprocessgroup: Successfully killed process cgroup uid 10268 pid 2120 in 104ms
12-26 12:56:48.281   899  1834 D msm8974_platform: Setting audio calibration for snd_device(2) acdb_id(513)
12-26 12:56:48.288   899  1834 I chatty  : uid=1041(audioserver) HwBinder:899_3 identical 2 lines
12-26 12:56:48.290   899  1834 D msm8974_platform: Setting audio calibration for snd_device(2) acdb_id(513)
12-26 12:56:48.290   899  1834 D audio_hw_waves: print_state_log: send volume table -(0,0.000000,F),(1,0.000000,F),(2,0.241964,T),(3,0.000000,F),(4,0.000000,F),(5,0.000000,F)
12-26 12:56:48.400  1380  1401 I ActivityTaskManager: Config changes=20000480 {1.0 208mcc10mnc [fr_FR] ldltr sw392dp w392dp h713dp 440dpi nrml long hdr widecg port night finger -keyb/v/h -nav/h winConfig={ mBounds=Rect(0, 0 - 1080, 2160) mAppBounds=Rect(0, 0 - 1080, 2028) mWindowingMode=fullscreen mDisplayWindowingMode=fullscreen mActivityType=undefined mAlwaysOnTop=undefined mRotation=ROTATION_0} s.14795}
12-26 12:56:48.430  1380  1401 I ActivityTaskManager: Override config changes=20000480 {1.0 208mcc10mnc [fr_FR] ldltr sw392dp w392dp h713dp 440dpi nrml long hdr widecg port night finger -keyb/v/h -nav/h winConfig={ mBounds=Rect(0, 0 - 1080, 2160) mAppBounds=Rect(0, 0 - 1080, 2028) mWindowingMode=fullscreen mDisplayWindowingMode=fullscreen mActivityType=undefined mAlwaysOnTop=undefined mRotation=ROTATION_0} s.14795} for displayId=0
12-26 12:56:48.438  1380  1830 V AudioService.RotationHelper: publishing device rotation =0 (x90deg)
12-26 12:56:48.439   899   899 D msm8974_platform: Setting audio calibration for snd_device(2) acdb_id(513)
12-26 12:56:48.439   899   899 D msm8974_platform: Setting audio calibration for snd_device(2) acdb_id(513)
12-26 12:56:48.441  1380  1444 I InputManager-JNI: Viewport [0] to add: local:0
12-26 12:56:48.450  1998  1998 E libprocessgroup: set_timerslack_ns write failed: Operation not permitted
12-26 12:56:48.450  1380  1762 I InputReader: Reconfiguring input devices.  changes=0x00000004
12-26 12:56:48.450  1998  1998 E libprocessgroup: set_timerslack_ns write failed: Operation not permitted
12-26 12:56:48.450  1998  1998 E libprocessgroup: set_timerslack_ns write failed: Operation not permitted
12-26 12:56:48.450  1380  1762 I InputReader: Device reconfigured: id=2, name='fts', size 1080x2160, orientation 0, mode 1, display id 0
12-26 12:56:48.450  1998  1998 E libprocessgroup: set_timerslack_ns write failed: Operation not permitted
12-26 12:56:48.450  1998  1998 I chatty  : uid=10157(com.google.android.apps.nexuslauncher) identical 5 lines
