12-26 15:34:18.586   899 15179 D ACDB-LOADER: ACDB -> ACDB_CMD_GET_AUDPROC_STREAM_TOPOLOGY_ID
12-26 15:34:18.586   899 15179 D ACDB-LOADER: ACDB -> send_adm_topology
12-26 15:34:18.586   899 15179 D ACDB-LOADER: ACDB -> ACDB_CMD_GET_AUDPROC_COMMON_TOPOLOGY_ID
12-26 15:34:18.586   899 15179 D ACDB-LOADER: ACDB -> send_audtable
12-26 15:34:18.586   899 15179 D ACDB-LOADER: ACDB -> ACDB_CMD_GET_AUDPROC_COMMON_TABLE_SIZE
12-26 15:34:18.586   899 15179 D ACDB-LOADER: ACDB -> ACDB_CMD_GET_AUDPROC_COMMON_TABLE
12-26 15:34:18.586   899 15179 D ACDB-LOADER: ACDB -> AUDIO_SET_AUDPROC_CAL
12-26 15:34:18.586   899 15179 D ACDB-LOADER: ACDB -> send_audvoltable
12-26 15:34:18.586   899 15179 D ACDB-LOADER: ACDB -> ACDB_CMD_GET_AUDPROC_VOL_STEP_TABLE_SIZE
12-26 15:34:18.586   899 15179 D ACDB-LOADER: ACDB -> ACDB_CMD_GET_AUDPROC_GAIN_DEP_STEP_TABLE, vol index 0
12-26 15:34:18.586   899 15179 D         : Failed to fetch the lookup information of the device 00000201 
12-26 15:34:18.586   899 15179 E ACDB-LOADER: Error: ACDB AudProc vol returned = -19
12-26 15:34:18.586   899 15179 D ACDB-LOADER: ACDB -> AUDIO_SET_VOL_CAL cal type = 12
12-26 15:34:18.586   899 15179 D ACDB-LOADER: ACDB -> ACDB_CMD_GET_AUDPROC_STREAM_TABLE_SIZE
12-26 15:34:18.586   899 15179 D ACDB-LOADER: ACDB -> send_audstrmtable
12-26 15:34:18.586   899 15179 D ACDB-LOADER: ACDB -> ACDB_CMD_GET_AUDPROC_STREAM_TABLE_V2
12-26 15:34:18.586   899 15179 D ACDB-LOADER: ACDB -> audstrm_cal->cal_type.cal_data.cal_size = 456
12-26 15:34:18.587   899 15179 D ACDB-LOADER: ACDB -> send_afe_topology
12-26 15:34:18.587   899 15179 D ACDB-LOADER: ACDB -> ACDB_CMD_GET_AFE_TOPOLOGY_ID
12-26 15:34:18.587   899 15179 D ACDB-LOADER: ACDB -> GET_AFE_TOPOLOGY_ID for adcd_id 513, Topology Id 10000ccc
12-26 15:34:18.587   899 15179 D ACDB-LOADER: ACDB -> send_afe_cal
12-26 15:34:18.587   899 15179 D ACDB-LOADER: ACDB -> ACDB_CMD_GET_AFE_COMMON_TABLE_SIZE
12-26 15:34:18.587   899 15179 D ACDB-LOADER: ACDB -> ACDB_CMD_GET_AFE_COMMON_TABLE
12-26 15:34:18.587   899 15179 D ACDB-LOADER: ACDB -> AUDIO_SET_AFE_CAL
12-26 15:34:18.587   899 15179 D ACDB-LOADER: ACDB -> send_hw_delay : acdb_id = 513 path = 0
12-26 15:34:18.587   899 15179 D ACDB-LOADER: ACDB -> ACDB_AVSYNC_INFO: ACDB_CMD_GET_DEVICE_PROPERTY
12-26 15:34:18.587   899 15179 D audio_hw_primary: enable_audio_route: usecase(5) apply and update mixer path: audio-ull-playback speaker
12-26 15:34:18.587   899 15179 D audio_route: Apply path: audio-ull-playback speaker
12-26 15:34:18.596   899 15179 D audio_hw_primary: out_write: retry previous failed cal level set
12-26 15:34:18.596   917   917 D android.hardware.power@1.3-service.pixel-libperfmgr: AUDIO_STREAMING: 0
12-26 15:34:18.596   899 15179 W qc_adm  : margin check: adm_request_focus_v2(p) failed diff -96
12-26 15:34:18.596   899 15179 W qc_adm  : margin check: adm_abandon_focus(p) failed diff -96
12-26 15:34:18.596   917   917 D android.hardware.power@1.3-service.pixel-libperfmgr: AUDIO_LOW_LATENCY: 1
12-26 15:34:18.603 15212 15242 D UE4     : [2019.12.26-14.34.18:603][  0]LogSlate: Updating window title bar state: overlay mode, drag disabled, window buttons hidden, title bar hidden
12-26 15:34:18.605 15212 15242 D UE4     : [2019.12.26-14.34.18:605][  0]LogInit: Display: Game Engine Initialized.
12-26 15:34:18.607 15212 15242 D UE4     : [2019.12.26-14.34.18:607][  0]LogInit: Display: Starting Game.
12-26 15:34:18.607 15212 15242 D UE4     : [2019.12.26-14.34.18:607][  0]LogNet: Browse: /Game/TopDownBP/Maps/TopDownExampleMap?Name=Player
12-26 15:34:18.607 15212 15242 D UE4     : [2019.12.26-14.34.18:607][  0]LogLoad: LoadMap: /Game/TopDownBP/Maps/TopDownExampleMap?Name=Player
12-26 15:34:18.607 15212 15242 D UE4     : [2019.12.26-14.34.18:607][  0]LogWorld: BeginTearingDown for /Temp/Untitled_0
12-26 15:34:18.611 15212 15242 D UE4     : [2019.12.26-14.34.18:611][  0]LogWorld: UWorld::CleanupWorld for Untitled, bSessionEnded=true, bCleanupResources=true
12-26 15:34:18.611 15212 15242 D UE4     : [2019.12.26-14.34.18:611][  0]LogSlate: InvalidateAllWidgets triggered.  All widgets were invalidated
12-26 15:34:18.611 15212 15369 D UE4     : [2019.12.26-14.34.18:611][  0]LogAudioMixer: Display: No commands were queued while flushing the source manager.
12-26 15:34:18.626 15212 15242 D UE4     : [2019.12.26-14.34.18:626][  0]LogUObjectHash: Compacting FUObjectHashTables data took   2.31ms
12-26 15:34:18.716 15212 15242 D UE4     : [2019.12.26-14.34.18:716][  0]LogAIModule: Creating AISystem for world TopDownExampleMap
12-26 15:34:18.717 15212 15242 D UE4     : [2019.12.26-14.34.18:717][  0]LogLoad: Game class is 'TopDownGameMode_C'
12-26 15:34:18.727 15212 15242 D UE4     : [2019.12.26-14.34.18:727][  0]LogWorld: Bringing World /Game/TopDownBP/Maps/TopDownExampleMap.TopDownExampleMap up for play (max tick rate 0) at 2019.12.26-15.34.18
12-26 15:34:18.728 15212 15242 D UE4     : [2019.12.26-14.34.18:728][  0]LogWorld: Bringing up level for play took: 0.009368
12-26 15:34:18.729 15212 15242 D UE4     : [2019.12.26-14.34.18:729][  0]LogOnline: OSS: Creating online subsystem instance for: GooglePlay
12-26 15:34:18.729 15212 15242 D UE4     : [2019.12.26-14.34.18:729][  0]LogOnline: Warning: OSS: FOnlineSubsystemGooglePlayModule was disabled
12-26 15:34:18.736 15212 15242 D UE4     : [2019.12.26-14.34.18:736][  0]LogLoad: Took 0.128750 seconds to LoadMap(/Game/TopDownBP/Maps/TopDownExampleMap)
12-26 15:34:18.738 15212 15347 D UE4     : *** JavaEnvDestructor: 15347
12-26 15:34:18.738 15212 15345 D UE4     : AndroidEGL::  ReleaseContextOwnership,  thread releasing rendering context tid: 15345
12-26 15:34:18.739 15212 15345 D UE4     : AndroidEGL::ResetDisplay()
12-26 15:34:18.739 15212 15345 D UE4     : *** JavaEnvDestructor: 15345
12-26 15:34:18.745 15212 15242 D UE4     : [2019.12.26-14.34.18:745][  0]LogAndroid: Passed GEngineLoop.Init()
12-26 15:34:18.747 15212 15242 D UE4     : [2019.12.26-14.34.18:747][  0]LogAndroidEvents: Display: LogAndroidEvents::DequeueAppEvent : 9, [width=-1, height=-1], APP_EVENT_STATE_ON_START
12-26 15:34:18.747 15212 15242 D UE4     : FAppEventManager::Tick processing, 9
12-26 15:34:18.747 15212 15242 D UE4     : [2019.12.26-14.34.18:747][  0]LogAndroidEvents: Display: LogAndroidEvents::DequeueAppEvent : 7, [width=-1, height=-1], APP_EVENT_STATE_ON_RESUME
12-26 15:34:18.747 15212 15242 D UE4     : FAppEventManager::Tick processing, 7
12-26 15:34:18.747 15212 15242 D UE4     : [2019.12.26-14.34.18:747][  0]LogAndroidEvents: Display: LogAndroidEvents::DequeueAppEvent : 6, [width=-1, height=-1], APP_EVENT_STATE_ON_PAUSE
12-26 15:34:18.747 15212 15242 D UE4     : FAppEventManager::Tick processing, 6
12-26 15:34:18.747 15212 15242 D UE4     : [2019.12.26-14.34.18:747][  0]LogAndroidEvents: Display: LogAndroidEvents::DequeueAppEvent : 12, [width=-1, height=-1], APP_EVENT_STATE_SAVE_STATE
12-26 15:34:18.747 15212 15242 D UE4     : FAppEventManager::Tick processing, 12
12-26 15:34:18.747 15212 15242 D UE4     : [2019.12.26-14.34.18:747][  0]LogAndroidEvents: Display: LogAndroidEvents::DequeueAppEvent : 8, [width=-1, height=-1], APP_EVENT_STATE_ON_STOP
12-26 15:34:18.747 15212 15242 D UE4     : FAppEventManager::Tick processing, 8
12-26 15:34:18.747 15212 15242 D UE4     : [2019.12.26-14.34.18:747][  0]LogTemp: Android release microphone
12-26 15:34:18.747 15212 15242 D UE4     : [2019.12.26-14.34.18:747][  0]LogAndroidEvents: Display: LogAndroidEvents::DequeueAppEvent : 2, [width=-1, height=-1], APP_EVENT_STATE_WINDOW_CHANGED
12-26 15:34:18.747 15212 15242 D UE4     : FAppEventManager::Tick processing, 2
12-26 15:34:18.748 15212 15242 D UE4     : AndroidEGL::ReInitWindow()
12-26 15:34:18.748 15212 15242 D UE4     : [2019.12.26-14.34.18:748][  0]LogAndroid: Mobile HDR: no
12-26 15:34:18.748 15212 15242 D UE4     : [2019.12.26-14.34.18:748][  0]LogAndroidWindowUtils: Setting Width=1344 and Height=720 (requested scale = 1.000000)
12-26 15:34:18.748 15212 15242 D UE4     : [2019.12.26-14.34.18:748][  0]LogAndroid: AndroidEGL::RefreshWindowSize updating window size = 1344, 720, cached size : 0, 0 tid : 15242
12-26 15:34:18.748 15212 15242 D UE4     : [2019.12.26-14.34.18:748][  0]LogAndroidEvents: Display: LogAndroidEvents::DequeueAppEvent : 9, [width=-1, height=-1], APP_EVENT_STATE_ON_START
12-26 15:34:18.748 15212 15242 D UE4     : FAppEventManager::Tick processing, 9
12-26 15:34:18.748 15212 15242 D UE4     : [2019.12.26-14.34.18:748][  0]LogAndroidEvents: Display: LogAndroidEvents::DequeueAppEvent : 7, [width=-1, height=-1], APP_EVENT_STATE_ON_RESUME
12-26 15:34:18.748 15212 15242 D UE4     : FAppEventManager::Tick processing, 7
12-26 15:34:18.748 15212 15242 D UE4     : [2019.12.26-14.34.18:748][  0]LogAndroidEvents: Display: LogAndroidEvents::DequeueAppEvent : 0, [width=2028, height=1080], APP_EVENT_STATE_WINDOW_CREATED
12-26 15:34:18.748 15212 15242 D UE4     : FAppEventManager::Tick processing, 0
12-26 15:34:18.748 15212 15242 D UE4     : [2019.12.26-14.34.18:748][  0]LogAndroidEvents: Display: ExecWindowCreated
12-26 15:34:18.748 15212 15242 D UE4     : AndroidEGL::ReInitWindow()
12-26 15:34:18.748 15212 15242 D UE4     : [2019.12.26-14.34.18:748][  0]LogAndroid: AndroidEGL::RefreshWindowSize updating window size = 1344, 720, cached size : 1344, 720 tid : 15242
12-26 15:34:18.748 15212 15242 D UE4     : ExecWindowCreated, 0, 1, 1
12-26 15:34:18.748 15212 15242 D UE4     : [2019.12.26-14.34.18:748][  0]LogAndroidEvents: Display: LogAndroidEvents::DequeueAppEvent : 11, [width=-1, height=-1], APP_EVENT_STATE_WINDOW_GAINED_FOCUS
12-26 15:34:18.748 15212 15242 D UE4     : FAppEventManager::Tick processing, 11
12-26 15:34:18.748 15212 15242 D UE4     : [2019.12.26-14.34.18:748][  0]LogAndroidEvents: Display: LogAndroidEvents::DequeueAppEvent : 14, [width=-1, height=-1], APP_EVENT_STATE_APP_ACTIVATED
12-26 15:34:18.748 15212 15242 D UE4     : FAppEventManager::Tick processing, 14
12-26 15:34:18.748 15212 15242 D UE4     : Execution will be resumed!
12-26 15:34:18.748 15212 15242 D UE4     : [2019.12.26-14.34.18:748][  0]LogAndroidEvents: Display: LogAndroidEvents::DequeueAppEvent : 15, [width=-1, height=-1], APP_EVENT_RUN_CALLBACK
12-26 15:34:18.748 15212 15242 D UE4     : FAppEventManager::Tick processing, 15
12-26 15:34:18.748 15212 15242 D UE4     : [2019.12.26-14.34.18:748][  0]LogAndroidEvents: Display: Event thread callback running.
12-26 15:34:18.748 15212 15242 D UE4     : [2019.12.26-14.34.18:748][  0]LogAndroid: performing app foregrounding callback.
12-26 15:34:18.748 15212 15242 D UE4     : [GameActivity] Registering volume receiver
12-26 15:34:18.751 15212 15242 D UE4     : [GameActivity] startVolumeReceiver: 11
12-26 15:34:18.751 15212 15242 D UE4     : nativeVolumeEvent(11)
12-26 15:34:18.751 15212 15242 D UE4     : [GameActivity] Registering battery receiver
12-26 15:34:18.753 15212 15242 D UE4     : [GameActivity] Registering headset receiver
12-26 15:34:18.753 15212 15212 D UE4     : [GameActivity] Battery: status = 2, rawlevel = 87, scale = 100
12-26 15:34:18.753 15212 15212 D UE4     : nativeBatteryEvent(stat = 2, lvl = 87  temp = 25.60 °C)
12-26 15:34:18.754 15212 15242 D UE4     : [GameActivity] startHeadsetReceiver: 0
12-26 15:34:18.754 15212 15242 D UE4     : nativeHeadsetEvent(0)
12-26 15:34:18.754 15212 15242 D UE4     : [2019.12.26-14.34.18:754][  0]LogCore: Display: AppLifetime: Application has entered foreground
12-26 15:34:18.754 15212 15212 D UE4     : [GameActivity] headsetReceiver::onReceive
12-26 15:34:18.754 15212 15212 D UE4     : nativeHeadsetEvent(0)
12-26 15:34:18.765 15212 15374 D UE4     : [2019.12.26-14.34.18:765][  0]LogRenderer: Reallocating scene render targets to support 1344x720 Format 2 NumSamples 1 (Frame:1).
12-26 15:34:18.793 15212 15374 D UE4     : [2019.12.26-14.34.18:793][  0]LogRHI: Using OpenGL program LRU cache: 0
12-26 15:34:18.815 15212 15356 D UE4     : *** JavaEnvDestructor: 15356
12-26 15:34:18.928  2855  2879 I QcrilOemhookMsgTunnel: [0]processOemHookIndication length=21
12-26 15:34:18.928  2855  2855 D QcrilMsgTunnelIfaceManager: handleMessage what = 0
12-26 15:34:18.970  1380  2905 I LocationAccessPolicy: com.google.android.apps.scone is aware of coarse but the app-ops permission is specifically denied.
12-26 15:34:18.972  1380  2905 I LocationAccessPolicy: com.android.chrome is aware of fine but the app-ops permission is specifically denied.
12-26 15:34:18.973  1380  2905 I LocationAccessPolicy: com.android.chrome is aware of coarse but the app-ops permission is specifically denied.
12-26 15:34:18.978  2226  2226 D ServiceStateProvider: subId=1
12-26 15:34:18.979  2944  2944 I CarrierServices: [2] cnv.onReceive: Received SERVICE_STATE intent, clearing cached cell info
12-26 15:34:18.981  2113  2261 I QCNEJ/CndHalConnector: -> SND notifyWwanSubtypeChanged(13)
12-26 15:34:18.983  2113  2261 I QCNEJ/CndHalConnector: -> SND notifyMobileDataEnabledChanged(true)
12-26 15:34:18.984  1380  2905 D AlarmManagerService: Kernel timezone updated to -60 minutes west of GMT
12-26 15:34:18.986 11674 11674 D CellBroadcastReceiver: onReceive Intent { act=android.intent.action.SERVICE_STATE flg=0x1000010 cmp=com.android.cellbroadcastreceiver/.CellBroadcastReceiver (has extras) }
12-26 15:34:19.246  1380  1444 I system_server: Explicit concurrent copying GC freed 129883(7613KB) AllocSpace objects, 28(736KB) LOS objects, 37% free, 40MB/64MB, paused 178us total 301.801ms
12-26 15:34:19.256  1380  1399 V MediaPlayer: resetDrmState:  mDrmInfo=null mDrmProvisioningThread=null mPrepareDrmInProgress=false mActiveDrmScheme=false
12-26 15:34:19.256  1380  1399 V MediaPlayer: cleanDrmObj: mDrmObj=null mDrmSessionId=null
12-26 15:34:19.256  1028  5780 D NuPlayerDriver: reset(0xed12d700) at state 4
12-26 15:34:19.258  1028 14576 D NuPlayerDriver: notifyResetComplete(0xed12d700)
12-26 15:34:19.413 15212 15380 D UE4     : [2019.12.26-14.34.19:413][  0]LogTcpMessaging: Started Connection to '127.0.0.1:45409'
12-26 15:34:19.414 15212 15380 D UE4     : [2019.12.26-14.34.19:414][  0]LogTcpMessaging: Discovered node '2B870EC74963095D82B16E8D02CFDEAE' on connection '127.0.0.1:45409'...
12-26 15:34:19.418 15212 15354 D UE4     : *** JavaEnvDestructor: 15354
12-26 15:34:19.418 15212 15355 D UE4     : *** JavaEnvDestructor: 15355
12-26 15:34:19.419 15212 15353 D UE4     : *** JavaEnvDestructor: 15353
12-26 15:34:19.519 15212 15242 D UE4     : [2019.12.26-14.34.19:519][  0]LogUdpMessaging: Initializing bridge on interface 0.0.0.0:0 to multicast group 230.0.0.1:6666.
12-26 15:34:19.527 15212 15352 D UE4     : *** JavaEnvDestructor: 15352
12-26 15:34:19.541   919  1102 I ASH     : @ 712399.372: tmd2725: PROX sample: NEAR (82)
12-26 15:34:19.547   919  1102 D VSC     : @ 712399.379: [Binned Brightness] Stop ambient_light
12-26 15:34:19.548   919  1102 D VSC     : @ 712399.380: Timer set for 3000 ms by Binned Brightness
12-26 15:34:19.831 15212 15380 D UE4     : [2019.12.26-14.34.19:831][  0]LogTcpMessaging: Lost node '2B870EC74963095D82B16E8D02CFDEAE' on connection '127.0.0.1:45409'...
12-26 15:34:19.831 15212 15380 D UE4     : *** JavaEnvDestructor: 15380
12-26 15:34:19.901   919  1102 I ASH     : @ 712399.732: tmd2725: PROX sample. FAR (1d)
12-26 15:34:19.905   919  1102 D VSC     : @ 712399.737: [Binned Brightness] Request ambient_light, interval 250000000 ns, latency 0 ns
12-26 15:34:19.906   919  1102 D VSC     : @ 712399.738: Timer stopped by Binned Brightness
12-26 15:34:19.932 15212 15242 D UE4     : [2019.12.26-14.34.19:932][  0]LogTcpMessaging: Initializing TcpMessaging bridge, listening on 127.0.0.1:6666
12-26 15:34:19.935 15212 15242 D UE4     : [2019.12.26-14.34.19:935][  0]LogCore: Display: AppLifetime: Application has reactivated
12-26 15:34:19.935 15212 15242 D UE4     : [2019.12.26-14.34.19:935][  0]LogTemp: Android resume audio
12-26 15:34:19.947 15212 15242 D UE4     : [2019.12.26-14.34.19:947][  0]LogAndroid: Display: Low Power Mode Changed: 0
12-26 15:34:19.960 15212 15374 D UE4     : [2019.12.26-14.34.19:960][  0]LogRenderer: Reallocating scene render targets to support 128x128 Format 2 NumSamples 1 (Frame:1).
12-26 15:34:20.032 15212 15374 D UE4     : [2019.12.26-14.34.20:032][  1]LogRenderer: Reallocating scene render targets to support 1344x720 Format 2 NumSamples 1 (Frame:2).
12-26 15:34:20.070   899  1122 D audio_hw_primary: disable_audio_route: usecase(1) reset and update mixer path: low-latency-playback speaker
12-26 15:34:20.141   919  1102 I ASH     : @ 712399.972: tmd2725: PROX sample: NEAR (83)
12-26 15:34:20.147   919  1102 D VSC     : @ 712399.979: [Binned Brightness] Stop ambient_light
12-26 15:34:20.148   919  1102 D VSC     : @ 712399.980: Timer set for 3000 ms by Binned Brightness
12-26 15:34:20.413 15212 15351 D UE4     : *** JavaEnvDestructor: 15351
12-26 15:34:20.526 15212 15243 D UE4     : [2019.12.26-14.34.20:526][  8]LogAndroid: Mobile HDR: no
12-26 15:34:20.527 15212 15243 D UE4     : [2019.12.26-14.34.20:527][  8]LogAndroidWindowUtils: Setting Width=1344 and Height=720 (requested scale = 1.000000)
12-26 15:34:21.934 15212 15393 D UE4     : [2019.12.26-14.34.21:934][ 94]LogTcpMessaging: Started Connection to '127.0.0.1:38371'
12-26 15:34:21.934 15212 15393 D UE4     : [2019.12.26-14.34.21:934][ 94]LogTcpMessaging: Discovered node '2B870EC74963095D82B16E8D02CFDEAE' on connection '127.0.0.1:38371'...
12-26 15:34:23.148   919  1102 I VSC     : @ 712402.980: [BINNED_BRIGHTNESS] Changing state to 0 at 712402979 ms
12-26 15:34:23.382   919  1102 I ASH     : @ 712403.213: tmd2725: PROX sample. FAR (1e)
12-26 15:34:23.385   919  1102 D VSC     : @ 712403.217: [Binned Brightness] Request ambient_light, interval 250000000 ns, latency 0 ns
12-26 15:34:23.386   919  1102 D VSC     : @ 712403.218: Timer set for 400 ms by Binned Brightness
12-26 15:34:23.786   919  1102 I VSC     : @ 712403.618: [BINNED_BRIGHTNESS] Changing state to 1 at 712403618 ms
12-26 15:34:26.243  1380  1761 V InputDispatcher: Asynchronous input event injection succeeded.
12-26 15:34:26.244   917   917 D android.hardware.power@1.3-service.pixel-libperfmgr: LAUNCH: 1
12-26 15:34:26.246   917   917 D android.hardware.power@1.3-service.pixel-libperfmgr: LAUNCH: 0
12-26 15:34:26.277  1998  1998 E libprocessgroup: set_timerslack_ns write failed: Operation not permitted
12-26 15:34:26.277  1998  1998 I chatty  : uid=10157(com.google.android.apps.nexuslauncher) identical 8 lines
12-26 15:34:26.277  1998  1998 E libprocessgroup: set_timerslack_ns write failed: Operation not permitted
12-26 15:34:26.294  8814  8814 I StreamRenderer: cleanUpRendererScope(nowcards-15-2a443394-c2a7)
12-26 15:34:26.297  1998  3282 W ziparchive: Unable to open '/data/app/com.DawGames.projectWA-fr910CiH31Ub4hai5DHmcA==/base.apk': No such file or directory
12-26 15:34:26.298  1998  3282 E s.nexuslaunche: Failed to open APK '/data/app/com.DawGames.projectWA-fr910CiH31Ub4hai5DHmcA==/base.apk' I/O error
12-26 15:34:26.298  1998  3282 E ResourcesManager: failed to add asset path /data/app/com.DawGames.projectWA-fr910CiH31Ub4hai5DHmcA==/base.apk
12-26 15:34:26.298  1998  3282 W PackageManager: Failure retrieving resources for com.DawGames.projectWA
12-26 15:34:26.313  1380  1761 V InputDispatcher: Asynchronous input event injection succeeded.
12-26 15:34:26.317  1380  1442 I ActivityTaskManager: START u0 {act=android.intent.action.MAIN cat=[android.intent.category.HOME] flg=0x10000100 cmp=com.google.android.apps.nexuslauncher/.NexusLauncherActivity (has extras)} from uid 0
12-26 15:34:26.319 26942 26942 V StatusBar: mStatusBarWindow: com.android.systemui.statusbar.phone.StatusBarWindowView{a2cae73 V.E...... ........ 0,0-2160,66} canPanelBeCollapsed(): false
12-26 15:34:26.320   899  1122 D audio_hw_primary: out_set_parameters: enter: usecase(1: low-latency-playback) kvpairs: routing=2
12-26 15:34:26.323   917   917 D android.hardware.power@1.3-service.pixel-libperfmgr: LAUNCH: 1
12-26 15:34:26.324   917   917 D android.hardware.power@1.3-service.pixel-libperfmgr: AUDIO_STREAMING: 1
12-26 15:34:26.324   899  2875 D msm8974_platform: Setting audio calibration for snd_device(2) acdb_id(513)
12-26 15:34:26.324   899  2875 E ACDB-LOADER: [acdb_loader_adsp_set_audio_cal] active device/stream not found (result=-100) for topology 0x1000dffb and apptype 0x11130
12-26 15:34:26.324   899  2875 E ACDB-LOADER: [acdb_loader_adsp_set_audio_cal] set parameters failed with status -100
12-26 15:34:26.324   899  2875 D msm8974_platform: Setting audio calibration for snd_device(2) acdb_id(513)
12-26 15:34:26.327   899  2875 D audio_hw_waves: print_state_log: send volume table -(0,0.000000,F),(1,0.000000,F),(2,0.000000,T),(3,0.000000,T),(4,0.000000,F),(5,0.000000,F)
12-26 15:34:26.327   899  2875 D ACDB-LOADER: ACDB -> send_audio_cal, acdb_id = 513, path = 0, app id = 0x11130, sample rate = 48000
12-26 15:34:26.327   899  2875 D ACDB-LOADER: ACDB -> send_asm_topology
12-26 15:34:26.327   899  2875 D ACDB-LOADER: ACDB -> ACDB_CMD_GET_AUDPROC_STREAM_TOPOLOGY_ID
12-26 15:34:26.327   899  2875 D ACDB-LOADER: ACDB -> send_adm_topology
12-26 15:34:26.327   899  2875 D ACDB-LOADER: ACDB -> ACDB_CMD_GET_AUDPROC_COMMON_TOPOLOGY_ID
12-26 15:34:26.327   899  2875 D ACDB-LOADER: ACDB -> send_audtable
12-26 15:34:26.327   899  2875 D ACDB-LOADER: ACDB -> ACDB_CMD_GET_AUDPROC_COMMON_TABLE_SIZE
12-26 15:34:26.327   899  2875 D ACDB-LOADER: ACDB -> ACDB_CMD_GET_AUDPROC_COMMON_TABLE
12-26 15:34:26.327   899  2875 D ACDB-LOADER: ACDB -> AUDIO_SET_AUDPROC_CAL
12-26 15:34:26.327   899  2875 D ACDB-LOADER: ACDB -> send_audvoltable
12-26 15:34:26.327   899  2875 D ACDB-LOADER: ACDB -> ACDB_CMD_GET_AUDPROC_VOL_STEP_TABLE_SIZE
12-26 15:34:26.327   899  2875 D ACDB-LOADER: ACDB -> ACDB_CMD_GET_AUDPROC_GAIN_DEP_STEP_TABLE, vol index 0
12-26 15:34:26.327   899  2875 D         : Failed to fetch the lookup information of the device 00000201 
12-26 15:34:26.327   899  2875 E ACDB-LOADER: Error: ACDB AudProc vol returned = -19
12-26 15:34:26.327   899  2875 D ACDB-LOADER: ACDB -> AUDIO_SET_VOL_CAL cal type = 12
12-26 15:34:26.327   899  2875 D ACDB-LOADER: ACDB -> ACDB_CMD_GET_AUDPROC_STREAM_TABLE_SIZE
12-26 15:34:26.327   899  2875 D ACDB-LOADER: ACDB -> send_audstrmtable
12-26 15:34:26.327   899  2875 D ACDB-LOADER: ACDB -> ACDB_CMD_GET_AUDPROC_STREAM_TABLE_V2
12-26 15:34:26.327   899  2875 D ACDB-LOADER: ACDB -> audstrm_cal->cal_type.cal_data.cal_size = 456
12-26 15:34:26.327   899  2875 D ACDB-LOADER: ACDB -> send_afe_topology
12-26 15:34:26.327   899  2875 D ACDB-LOADER: ACDB -> ACDB_CMD_GET_AFE_TOPOLOGY_ID
12-26 15:34:26.327   899  2875 D ACDB-LOADER: ACDB -> GET_AFE_TOPOLOGY_ID for adcd_id 513, Topology Id 10000ccc
12-26 15:34:26.327   899  2875 D ACDB-LOADER: ACDB -> send_afe_cal
12-26 15:34:26.327   899  2875 D ACDB-LOADER: ACDB -> ACDB_CMD_GET_AFE_COMMON_TABLE_SIZE
12-26 15:34:26.327   899  2875 D ACDB-LOADER: ACDB -> ACDB_CMD_GET_AFE_COMMON_TABLE
12-26 15:34:26.327   899  2875 D ACDB-LOADER: ACDB -> AUDIO_SET_AFE_CAL
12-26 15:34:26.327   899  2875 D ACDB-LOADER: ACDB -> send_hw_delay : acdb_id = 513 path = 0
12-26 15:34:26.327   899  2875 D ACDB-LOADER: ACDB -> ACDB_AVSYNC_INFO: ACDB_CMD_GET_DEVICE_PROPERTY
12-26 15:34:26.327   899  2875 D audio_hw_primary: enable_audio_route: usecase(1) apply and update mixer path: low-latency-playback speaker
12-26 15:34:26.327   899  2875 D audio_route: Apply path: low-latency-playback speaker
12-26 15:34:26.331   670   670 E Layer   : [Surface(name=Task=545)/@0xad83239 - animation-leash#0] No local sync point found
12-26 15:34:26.331   670   670 E Layer   : [Surface(name=Task=968)/@0x4d197f9 - animation-leash#0] No local sync point found
12-26 15:34:26.341   899  2875 D audio_hw_primary: out_write: retry previous failed cal level set
12-26 15:34:26.341   917   917 D android.hardware.power@1.3-service.pixel-libperfmgr: AUDIO_STREAMING: 0
12-26 15:34:26.356 15212 15212 D UE4     : [GameActivity] onPause: stop memory reporter runnable
12-26 15:34:26.356 15212 15212 D UE4     : [GameActivity] Unregistering sensor listeners
12-26 15:34:26.357   919  1082 I sensors-hal: activate_physical_sensor:155, android.sensor.gyroscope/10 en=0
12-26 15:34:26.359   919  1082 I sensors-hal: activate_physical_sensor:166, android.sensor.gyroscope/10 en=0 completed
12-26 15:34:26.359  1998  1998 E libprocessgroup: set_timerslack_ns write failed: Operation not permitted
12-26 15:34:26.359   919  1082 I sensors-hal: activate_physical_sensor:155, android.sensor.magnetic_field/14 en=0
12-26 15:34:26.361   919  1082 I sensors-hal: activate_physical_sensor:166, android.sensor.magnetic_field/14 en=0 completed
12-26 15:34:26.362   919  1082 I sensors-hal: activate_physical_sensor:155, android.sensor.accelerometer/16 en=0
12-26 15:34:26.368  8814  8814 W PhoneWindow: Previously focused view reported id 2131431541 during save, but can't be found during restore.
12-26 15:34:26.368   919  1082 I sensors-hal: activate_physical_sensor:166, android.sensor.accelerometer/16 en=0 completed
12-26 15:34:26.372   919  1102 D CHRE    : @ 712406.204: [ImuCal] Dynamic sensor configuration: stand-by.
12-26 15:34:26.372 15212 15243 D UE4     : Case APP_CMD_PAUSE
12-26 15:34:26.372 15212 15212 D UE4     : [GameActivity] ==============> GameActive.onPause complete!
12-26 15:34:26.372 15212 15243 D UE4     : [2019.12.26-14.34.26:372][362]LogAndroid: Case APP_CMD_PAUSE
12-26 15:34:26.372 15212 15243 D UE4     : LogAndroidEvents::EnqueueAppEvent : 6, [width=-1, height=-1], tid = 15243, APP_EVENT_STATE_ON_PAUSE
12-26 15:34:26.372 15212 15243 D UE4     : [2019.12.26-14.34.26:372][362]LogAndroid: event thread, suspending app, acquiring HW window lock.
12-26 15:34:26.372 15212 15243 D UE4     : LogAndroidEvents::EnqueueAppEvent : 15, [width=-1, height=-1], tid = 15243, APP_EVENT_RUN_CALLBACK
12-26 15:34:26.372 15212 15243 D UE4     : [2019.12.26-14.34.26:372][362]LogAndroid: AndroidEGL::  SuspendApp_EventThread, waiting for event manager to process. tid: 15243
12-26 15:34:26.373 15212 15242 D UE4     : [2019.12.26-14.34.26:373][362]LogAndroidEvents: Display: LogAndroidEvents::DequeueAppEvent : 6, [width=-1, height=-1], APP_EVENT_STATE_ON_PAUSE
12-26 15:34:26.373 15212 15242 D UE4     : FAppEventManager::Tick processing, 6
12-26 15:34:26.373 15212 15242 D UE4     : [2019.12.26-14.34.26:373][362]LogAndroidEvents: Display: LogAndroidEvents::DequeueAppEvent : 15, [width=-1, height=-1], APP_EVENT_RUN_CALLBACK
12-26 15:34:26.373 15212 15242 D UE4     : FAppEventManager::Tick processing, 15
12-26 15:34:26.373 15212 15242 D UE4     : [2019.12.26-14.34.26:373][362]LogAndroidEvents: Display: Event thread callback running.
12-26 15:34:26.373 15212 15242 D UE4     : [2019.12.26-14.34.26:373][362]LogAndroid: performing app backgrounding callback. 0xb1e14480
12-26 15:34:26.409  1380  2151 I ActivityTaskManager: Config changes=20000480 {1.0 208mcc10mnc [fr_FR] ldltr sw392dp w392dp h713dp 440dpi nrml long hdr widecg port night finger -keyb/v/h -nav/h winConfig={ mBounds=Rect(0, 0 - 1080, 2160) mAppBounds=Rect(0, 0 - 1080, 2028) mWindowingMode=fullscreen mDisplayWindowingMode=fullscreen mActivityType=undefined mAlwaysOnTop=undefined mRotation=ROTATION_0} s.15044}
12-26 15:34:26.441  1380  2151 I ActivityTaskManager: Override config changes=20000480 {1.0 208mcc10mnc [fr_FR] ldltr sw392dp w392dp h713dp 440dpi nrml long hdr widecg port night finger -keyb/v/h -nav/h winConfig={ mBounds=Rect(0, 0 - 1080, 2160) mAppBounds=Rect(0, 0 - 1080, 2028) mWindowingMode=fullscreen mDisplayWindowingMode=fullscreen mActivityType=undefined mAlwaysOnTop=undefined mRotation=ROTATION_0} s.15044} for displayId=0
12-26 15:34:26.442 15212 15384 D UE4     : *** JavaEnvDestructor: 15384
12-26 15:34:26.468  1380  1830 V AudioService.RotationHelper: publishing device rotation =0 (x90deg)
12-26 15:34:26.469   899  1122 D msm8974_platform: Setting audio calibration for snd_device(2) acdb_id(513)
12-26 15:34:26.471   899  1122 D msm8974_platform: Setting audio calibration for snd_device(2) acdb_id(513)
12-26 15:34:26.475  1380  1444 I InputManager-JNI: Viewport [0] to add: local:0
12-26 15:34:26.480  1380  1762 I InputReader: Reconfiguring input devices.  changes=0x00000004
12-26 15:34:26.480  1380  1762 I InputReader: Device reconfigured: id=2, name='fts', size 1080x2160, orientation 0, mode 1, display id 0
12-26 15:34:26.486 26942 26954 I ndroid.systemu: NativeAlloc concurrent copying GC freed 183846(7382KB) AllocSpace objects, 93(1872KB) LOS objects, 49% free, 10MB/20MB, paused 41us total 121.847ms
12-26 15:34:26.489  1998  1998 E libprocessgroup: set_timerslack_ns write failed: Operation not permitted
12-26 15:34:26.490  1998  1998 I chatty  : uid=10157(com.google.android.apps.nexuslauncher) identical 8 lines
12-26 15:34:26.490  1998  1998 E libprocessgroup: set_timerslack_ns write failed: Operation not permitted
12-26 15:34:26.491 26942 26942 D StatusBar: disable<e i a s b h r c s > disable2<q i n >
12-26 15:34:26.541 15212 15382 D UE4     : *** JavaEnvDestructor: 15382
12-26 15:34:26.544 15212 15383 D UE4     : *** JavaEnvDestructor: 15383
12-26 15:34:26.548   899 15179 W audio_hw_primary: out_write: underrun(367) frames_by_time(208) > out->last_fifo_frames_remaining(96)
12-26 15:34:26.548   899 15179 W qc_adm  : margin check: adm_request_focus_v2(p) failed diff -96
12-26 15:34:26.548   899 15179 W audio_hw_primary: out_write: underrun(368) frames_by_time(10) > out->last_fifo_frames_remaining(0)
12-26 15:34:26.550   899 15179 W audio_hw_primary: out_write: underrun(369) frames_by_time(109) > out->last_fifo_frames_remaining(96)
12-26 15:34:26.552  8042  8042 W GoogleInputMethodService: onConfigurationChanged() : NewConfig = {1.0 208mcc10mnc [fr_FR] ldltr sw392dp w392dp h713dp 440dpi nrml long hdr widecg port night finger -keyb/v/h -nav/h winConfig={ mBounds=Rect(0, 0 - 1080, 2160) mAppBounds=Rect(0, 0 - 1080, 2028) mWindowingMode=fullscreen mDisplayWindowingMode=fullscreen mActivityType=undefined mAlwaysOnTop=undefined mRotation=ROTATION_0} s.15104}
12-26 15:34:26.552  8042  8042 W KeyboardModeManager: reloadOrientationAwareData() : orientation = 1
12-26 15:34:26.553 15212 15381 D UE4     : *** JavaEnvDestructor: 15381
12-26 15:34:26.565   899 15179 W audio_hw_primary: out_get_presentation_position: avail:24624 > kernel_buffer_size:24576 clamping!
12-26 15:34:26.565   899 15179 W audio_hw_primary: out_write: underrun(370) frames_by_time(16) > out->last_fifo_frames_remaining(0)
12-26 15:34:26.565   899 15179 W qc_adm  : margin check: adm_request_focus_v2(p) failed diff -48
12-26 15:34:26.565  8042  8042 W KeyboardModeManager: setInputView() : inputView = null
12-26 15:34:26.567  8042  8042 I GoogleInputMethodService: Apply keyboard theme: theme_stylesheet_googleblue_assets:theme_package_metadata_google_blue_dark.binarypb_port
12-26 15:34:26.567   899 15179 W audio_hw_primary: out_write: underrun(371) frames_by_time(115) > out->last_fifo_frames_remaining(48)
12-26 15:34:26.567   899 15179 W qc_adm  : margin check: adm_request_focus_v2(p) failed diff -48
12-26 15:34:26.573 26942 26942 D StatusBar: disable<e i a s b h r c s > disable2<q i n >
12-26 15:34:26.596  8042  8042 I KeyboardViewUtil: systemKeyboardHeightRatio:1.200000; userKeyboardHeightRatio:1.000000.
12-26 15:34:26.606   899 15179 W audio_hw_primary: out_get_presentation_position: avail:24624 > kernel_buffer_size:24576 clamping!
12-26 15:34:26.606   899 15179 W audio_hw_primary: out_write: underrun(372) frames_by_time(15) > out->last_fifo_frames_remaining(0)
12-26 15:34:26.606   899 15179 W qc_adm  : margin check: adm_request_focus_v2(p) failed diff -96
12-26 15:34:26.606  1998  1998 E libprocessgroup: set_timerslack_ns write failed: Operation not permitted
12-26 15:34:26.607  8042  8042 I DeviceStatusMonitor: onReceive() : Action = android.intent.action.CONFIGURATION_CHANGED
12-26 15:34:26.607  8042  8042 I ConfigurationNotification: Get device mode by ui mode:1 and smallestScreenWidthDp:392
12-26 15:34:26.607  8042  8042 I chatty  : uid=10206(com.google.android.inputmethod.latin) identical 2 lines
12-26 15:34:26.607  8042  8042 I ConfigurationNotification: Get device mode by ui mode:1 and smallestScreenWidthDp:392
12-26 15:34:26.608   899 15179 W audio_hw_primary: out_write: underrun(373) frames_by_time(94) > out->last_fifo_frames_remaining(0)
12-26 15:34:26.608   899 15179 W qc_adm  : margin check: adm_request_focus_v2(p) failed diff -96
12-26 15:34:26.608   899 15179 W audio_hw_primary: out_write: underrun(374) frames_by_time(15) > out->last_fifo_frames_remaining(0)
12-26 15:34:26.610   899 15179 W audio_hw_primary: out_write: underrun(375) frames_by_time(110) > out->last_fifo_frames_remaining(96)
12-26 15:34:26.619  1998  2015 E System  : Uncaught exception thrown by finalizer
12-26 15:34:26.619  1998  2015 E System  : java.lang.NullPointerException: Attempt to invoke virtual method 'void android.content.res.StringBlock.close()' on a null object reference
12-26 15:34:26.619  1998  2015 E System  : 	at android.content.res.ApkAssets.close(ApkAssets.java:195)
12-26 15:34:26.619  1998  2015 E System  : 	at android.content.res.ApkAssets.finalize(ApkAssets.java:185)
12-26 15:34:26.619  1998  2015 E System  : 	at java.lang.Daemons$FinalizerDaemon.doFinalize(Daemons.java:289)
12-26 15:34:26.619  1998  2015 E System  : 	at java.lang.Daemons$FinalizerDaemon.runInternal(Daemons.java:276)
12-26 15:34:26.619  1998  2015 E System  : 	at java.lang.Daemons$Daemon.run(Daemons.java:137)
12-26 15:34:26.619  1998  2015 E System  : 	at java.lang.Thread.run(Thread.java:919)
12-26 15:34:26.619  1998  2015 W System  : A resource failed to call release. 
12-26 15:34:26.660 15212 15387 D UE4     : *** JavaEnvDestructor: 15387
12-26 15:34:26.668   899 15179 W audio_hw_primary: out_write: underrun(376) frames_by_time(12) > out->last_fifo_frames_remaining(0)
12-26 15:34:26.669   917   917 D android.hardware.power@1.3-service.pixel-libperfmgr: LAUNCH: 0
12-26 15:34:26.670   899 15179 W audio_hw_primary: out_write: underrun(377) frames_by_time(104) > out->last_fifo_frames_remaining(96)
12-26 15:34:26.696 26942 26942 I OpaEnabledReceiver: Dispatching OPA eligble = true; AGSA = true; OPA enabled = true
12-26 15:34:26.696 26942 26942 I OpaLayout: Setting opa enabled to true
12-26 15:34:26.696 26942 26942 I OpaLayout: Setting opa enabled to true
12-26 15:34:26.717  1380  2151 E WindowManager: Window Session Crash
12-26 15:34:26.717  1380  2151 E WindowManager: java.lang.IllegalArgumentException: Requested window android.os.BinderProxy@478c48f does not exist
12-26 15:34:26.717  1380  2151 E WindowManager: 	at com.android.server.wm.WindowManagerService.windowForClientLocked(WindowManagerService.java:5310)
12-26 15:34:26.717  1380  2151 E WindowManager: 	at com.android.server.wm.WindowManagerService.windowForClientLocked(WindowManagerService.java:5302)
12-26 15:34:26.717  1380  2151 E WindowManager: 	at com.android.server.wm.WindowManagerService.reportSystemGestureExclusionChanged(WindowManagerService.java:3906)
12-26 15:34:26.717  1380  2151 E WindowManager: 	at com.android.server.wm.Session.reportSystemGestureExclusionChanged(Session.java:334)
12-26 15:34:26.717  1380  2151 E WindowManager: 	at android.view.IWindowSession$Stub.onTransact(IWindowSession.java:1196)
12-26 15:34:26.717  1380  2151 E WindowManager: 	at com.android.server.wm.Session.onTransact(Session.java:134)
12-26 15:34:26.717  1380  2151 E WindowManager: 	at android.os.Binder.execTransactInternal(Binder.java:1021)
12-26 15:34:26.717  1380  2151 E WindowManager: 	at android.os.Binder.execTransact(Binder.java:994)
12-26 15:34:26.718  1380  2151 W Binder  : Caught a RuntimeException from the binder stub implementation.
12-26 15:34:26.718  1380  2151 W Binder  : java.lang.IllegalArgumentException: Requested window android.os.BinderProxy@478c48f does not exist
12-26 15:34:26.718  1380  2151 W Binder  : 	at com.android.server.wm.WindowManagerService.windowForClientLocked(WindowManagerService.java:5310)
12-26 15:34:26.718  1380  2151 W Binder  : 	at com.android.server.wm.WindowManagerService.windowForClientLocked(WindowManagerService.java:5302)
12-26 15:34:26.718  1380  2151 W Binder  : 	at com.android.server.wm.WindowManagerService.reportSystemGestureExclusionChanged(WindowManagerService.java:3906)
12-26 15:34:26.718  1380  2151 W Binder  : 	at com.android.server.wm.Session.reportSystemGestureExclusionChanged(Session.java:334)
12-26 15:34:26.718  1380  2151 W Binder  : 	at android.view.IWindowSession$Stub.onTransact(IWindowSession.java:1196)
12-26 15:34:26.718  1380  2151 W Binder  : 	at com.android.server.wm.Session.onTransact(Session.java:134)
12-26 15:34:26.718  1380  2151 W Binder  : 	at android.os.Binder.execTransactInternal(Binder.java:1021)
12-26 15:34:26.718  1380  2151 W Binder  : 	at android.os.Binder.execTransact(Binder.java:994)
12-26 15:34:26.718  1380  1450 I DropBoxManagerService: add tag=system_server_wtf isTagEnabled=true flags=0x2
12-26 15:34:26.731  8814  8850 W ThreadPoolDumper: Queue length for executor EventBus is now 11. Perhaps some tasks are too long, or the pool is too small.
12-26 15:34:26.742  1380  1445 I WindowManager: Screen frozen for +373ms due to Window{48db643 u0 StatusBar}
12-26 15:34:26.749 13283 12293 I Icing   : IndexChimeraService.getServiceInterface callingPackage=com.google.android.googlequicksearchbox componentName=null serviceId=36
12-26 15:34:26.768  8814 14311 W LocationOracle: No location history returned by ContextManager
12-26 15:34:26.772  8814  8850 I MicroDetectionState: Should stop hotword detection immediately - false
12-26 15:34:26.776  8814  8850 I MicroDetectionState: Should stop hotword detection immediately - false
12-26 15:34:26.777  8814  8850 I MicroDetectionState: Keep running DSP hotword
12-26 15:34:26.789  8814  8814 W NowVeViewportMonitor: Attempting to report viewport hidden that is already hidden.
12-26 15:34:26.791   670   670 W HwcComposer: command 0x4080000 generated error 4
12-26 15:34:26.791   670   670 I chatty  : uid=1000(system) /system/bin/surfaceflinger identical 5 lines
12-26 15:34:26.791   670   670 W HwcComposer: command 0x4080000 generated error 4
12-26 15:34:26.801  8814  8814 I StreamRenderer: maybeRegisterNowCardsScope(nowcards-15-2a766e67-728f, com.google.android.sidekick.shared.remoteapi.CardRenderingContext@a20f429)
12-26 15:34:26.807   670   670 W HwcComposer: command 0x4080000 generated error 4
12-26 15:34:26.807   670   670 I chatty  : uid=1000(system) /system/bin/surfaceflinger identical 6 lines
12-26 15:34:26.807   670   670 W HwcComposer: command 0x4080000 generated error 4
12-26 15:34:26.810 13283 22630 I Icing   : IndexChimeraService.getServiceInterface callingPackage=com.google.android.gms componentName=null serviceId=30
12-26 15:34:26.823   670   670 W HwcComposer: command 0x4080000 generated error 4
12-26 15:34:26.823   670   670 I chatty  : uid=1000(system) /system/bin/surfaceflinger identical 7 lines
12-26 15:34:26.823   670   670 W HwcComposer: command 0x4080000 generated error 4
12-26 15:34:26.825  2486  2486 W ChimeraUtils: Non Chimera context
12-26 15:34:26.825  2486  2486 W ChimeraUtils: Non Chimera context
12-26 15:34:26.830 13283  8726 I Icing   : Usage reports ok 1, Failed Usage reports 0, indexed 0, rejected 0
12-26 15:34:26.833 13283 13300 I PeopleChimeraService: onService. callbacks = aanr@8f63dbd, request = com.google.android.gms.common.internal.GetServiceRequest@4d60fb2
12-26 15:34:26.839   670   670 W HwcComposer: command 0x4080000 generated error 4
12-26 15:34:26.839   670   670 I chatty  : uid=1000(system) /system/bin/surfaceflinger identical 7 lines
12-26 15:34:26.839   670   670 W HwcComposer: command 0x4080000 generated error 4
12-26 15:34:26.841 13283  8726 I Icing   : Usage reports ok 0, Failed Usage reports 0, indexed 0, rejected 0
12-26 15:34:26.842 15212 15388 D UE4     : *** JavaEnvDestructor: 15388
12-26 15:34:26.856   670   670 W HwcComposer: command 0x4080000 generated error 4
12-26 15:34:26.872   670   670 I chatty  : uid=1000(system) /system/bin/surfaceflinger identical 16 lines
12-26 15:34:26.872   670   670 W HwcComposer: command 0x4080000 generated error 4
12-26 15:34:26.885  2486  2486 W ChimeraUtils: Non Chimera context
12-26 15:34:26.885  2486  2486 W ChimeraUtils: Non Chimera context
12-26 15:34:26.889   670   670 W HwcComposer: command 0x4080000 generated error 4
12-26 15:34:26.889   670   670 I chatty  : uid=1000(system) /system/bin/surfaceflinger identical 7 lines
12-26 15:34:26.889   670   670 W HwcComposer: command 0x4080000 generated error 4
12-26 15:34:26.898  8814  8814 D p       : setAvailableAccounts() 0 -> 1.
12-26 15:34:26.898  8814  8814 D p       : modelLoaded
12-26 15:34:26.898  8814  8814 D p       : chooseAccount()
12-26 15:34:26.906   670   670 W HwcComposer: command 0x4080000 generated error 4
12-26 15:34:26.922   670   670 I chatty  : uid=1000(system) /system/bin/surfaceflinger identical 16 lines
12-26 15:34:26.922   670   670 W HwcComposer: command 0x4080000 generated error 4
12-26 15:34:26.923  1380  2905 W AppOps  : Noting op not finished: uid 10145 pkg com.google.android.gms code 79 time=1577370857889 duration=-1576658461133
12-26 15:34:26.923  2486  4582 I PlaceInferenceEngine: [anon] Changed inference mode: 0
12-26 15:34:26.931  2486  4582 I PlaceInferenceEngine: [account#2000592387] Changed inference mode: 0
12-26 15:34:26.934  1380  2136 W AppOps  : Noting op not finished: uid 10145 pkg com.google.android.gms code 79 time=1577370866923 duration=0
12-26 15:34:26.939   670   670 W HwcComposer: command 0x4080000 generated error 4
12-26 15:34:26.949  1380  2905 W AppOps  : Noting op not finished: uid 10145 pkg com.google.android.gms code 79 time=1577370866934 duration=0
12-26 15:34:26.957  1380  2136 W AppOps  : Noting op not finished: uid 10145 pkg com.google.android.gms code 79 time=1577370866949 duration=0
12-26 15:34:26.962  1380  2136 W AppOps  : Noting op not finished: uid 10145 pkg com.google.android.gms code 79 time=1577370866957 duration=0
12-26 15:34:26.965  1380  2136 W AppOps  : Noting op not finished: uid 10145 pkg com.google.android.gms code 79 time=1577370866963 duration=0
12-26 15:34:26.987  1380  2904 W AppOps  : Noting op not finished: uid 10123 pkg com.google.android.googlequicksearchbox code 79 time=1577370625608 duration=0
12-26 15:34:26.995  1380  5547 W AppOps  : Noting op not finished: uid 10145 pkg com.google.android.gms code 79 time=1577370866965 duration=0
12-26 15:34:27.000  1380  5547 W AppOps  : Noting op not finished: uid 10145 pkg com.google.android.gms code 79 time=1577370866995 duration=0
12-26 15:34:27.010  1380  5547 W AppOps  : Noting op not finished: uid 10145 pkg com.google.android.gms code 79 time=1577370867000 duration=0
12-26 15:34:27.012  1380  2136 W AppOps  : Noting op not finished: uid 10145 pkg com.google.android.gms code 79 time=1577370867010 duration=0
12-26 15:34:27.016  1380  5547 W AppOps  : Noting op not finished: uid 10145 pkg com.google.android.gms code 79 time=1577370867012 duration=0
12-26 15:34:27.018  1380  2136 W AppOps  : Noting op not finished: uid 10145 pkg com.google.android.gms code 79 time=1577370867016 duration=0
12-26 15:34:27.028  1380  5547 W AppOps  : Noting op not finished: uid 10123 pkg com.google.android.googlequicksearchbox code 79 time=1577370866987 duration=0
12-26 15:34:27.029  1380  5547 W AppOps  : Noting op not finished: uid 10123 pkg com.google.android.googlequicksearchbox code 79 time=1577370867028 duration=0
12-26 15:34:27.037   670   670 I chatty  : uid=1000(system) /system/bin/surfaceflinger identical 61 lines
12-26 15:34:27.037   670   670 W HwcComposer: command 0x4080000 generated error 4
12-26 15:34:27.043  2486  4582 I Places  : ?: PlacesBleScanner start() with priority 2
12-26 15:34:27.043  2486  4582 I PlaceInferenceEngine: [anon] Changed inference mode: 1
12-26 15:34:27.043  2486  4582 I PlaceInferenceEngine: [account#2000592387] Changed inference mode: 1
12-26 15:34:27.053  2486  4582 I Places  : Converted 0 out of 10 WiFi scans
12-26 15:34:27.053   670   670 W HwcComposer: command 0x4080000 generated error 4
12-26 15:34:27.053   670   670 I chatty  : uid=1000(system) /system/bin/surfaceflinger identical 7 lines
12-26 15:34:27.053   670   670 W HwcComposer: command 0x4080000 generated error 4
12-26 15:34:27.055  1380  2151 W AppOps  : Noting op not finished: uid 10145 pkg com.google.android.gms code 79 time=1577370867018 duration=0
12-26 15:34:27.056  1380  2151 W AppOps  : Noting op not finished: uid 10145 pkg com.google.android.gms code 79 time=1577370867055 duration=0
12-26 15:34:27.056  2486  4582 I PlaceInferenceEngine: [account#2000592387] Changed inference mode: 1
12-26 15:34:27.057  2486  4582 I PlaceInferenceEngine: [anon] Changed inference mode: 1
12-26 15:34:27.061  1380  2151 W AppOps  : Noting op not finished: uid 10145 pkg com.google.android.gms code 79 time=1577370867056 duration=0
12-26 15:34:27.067  2486 14909 I PlaceInferenceEngine: No beacon scan available - ignoring candidates.
12-26 15:34:27.069  1380  2905 W AppOps  : Noting op not finished: uid 10145 pkg com.google.android.gms code 79 time=1577370867061 duration=0
12-26 15:34:27.070   670   670 W HwcComposer: command 0x4080000 generated error 4
12-26 15:34:27.070   670   670 I chatty  : uid=1000(system) /system/bin/surfaceflinger identical 7 lines
12-26 15:34:27.070   670   670 W HwcComposer: command 0x4080000 generated error 4
12-26 15:34:27.072  1380  2905 W AppOps  : Noting op not finished: uid 10145 pkg com.google.android.gms code 79 time=1577370867069 duration=0
12-26 15:34:27.075  1380  2905 W AppOps  : Noting op not finished: uid 10145 pkg com.google.android.gms code 79 time=1577370867072 duration=0
12-26 15:34:27.076  1380  2905 W AppOps  : Noting op not finished: uid 10145 pkg com.google.android.gms code 79 time=1577370867075 duration=0
12-26 15:34:27.078  1380  2905 W AppOps  : Noting op not finished: uid 10145 pkg com.google.android.gms code 79 time=1577370867076 duration=0
12-26 15:34:27.079  2486  2486 I BeaconBle: Client requested scan, settings=BleSettings [scanMode=ZERO_POWER, callbackType=ALL_MATCHES, reportDelayMillis=0, 1 filters, 0 clients, callingClientName=Places]
12-26 15:34:27.086   670   670 W HwcComposer: command 0x4080000 generated error 4
12-26 15:34:27.093  1380  5547 W AppOps  : Noting op not finished: uid 10123 pkg com.google.android.googlequicksearchbox code 79 time=1577370867029 duration=0
12-26 15:34:27.093  1380  5547 W AppOps  : Noting op not finished: uid 10123 pkg com.google.android.googlequicksearchbox code 79 time=1577370867093 duration=0
12-26 15:34:27.103   670   670 I chatty  : uid=1000(system) /system/bin/surfaceflinger identical 12 lines
12-26 15:34:27.103   670   670 W HwcComposer: command 0x4080000 generated error 4
12-26 15:34:27.158  2486 14909 I PlaceInferenceEngine: No beacon scan available - ignoring candidates.
12-26 15:34:27.314  1380  1761 V InputDispatcher: Asynchronous input event injection succeeded.
12-26 15:34:27.400  1380  1761 I WindowManager: Ignoring HOME; event canceled.
12-26 15:34:27.400  1380  1761 V InputDispatcher: Asynchronous input event injection succeeded.
12-26 15:34:27.412 26942 26942 V StatusBar: mStatusBarWindow: com.android.systemui.statusbar.phone.StatusBarWindowView{a2cae73 V.E...... ........ 0,0-1080,66} canPanelBeCollapsed(): false
12-26 15:34:27.671 15212 15393 D UE4     : [2019.12.26-14.34.27:671][362]LogTcpMessaging: Lost node '2B870EC74963095D82B16E8D02CFDEAE' on connection '127.0.0.1:38371'...
12-26 15:34:27.672 15212 15393 D UE4     : *** JavaEnvDestructor: 15393
12-26 15:34:27.751  1380  2151 I ActivityTaskManager: Config changes=20000480 {1.0 208mcc10mnc [fr_FR] ldltr sw392dp w737dp h368dp 440dpi nrml long hdr widecg land night finger -keyb/v/h -nav/h winConfig={ mBounds=Rect(0, 0 - 2160, 1080) mAppBounds=Rect(0, 0 - 2028, 1080) mWindowingMode=fullscreen mDisplayWindowingMode=fullscreen mActivityType=undefined mAlwaysOnTop=undefined mRotation=ROTATION_90} s.15105}
12-26 15:34:27.788  1380  2151 I ActivityTaskManager: Override config changes=20000480 {1.0 208mcc10mnc [fr_FR] ldltr sw392dp w737dp h368dp 440dpi nrml long hdr widecg land night finger -keyb/v/h -nav/h winConfig={ mBounds=Rect(0, 0 - 2160, 1080) mAppBounds=Rect(0, 0 - 2028, 1080) mWindowingMode=fullscreen mDisplayWindowingMode=fullscreen mActivityType=undefined mAlwaysOnTop=undefined mRotation=ROTATION_90} s.15105} for displayId=0
12-26 15:34:27.793 15212 15366 D UE4     : [2019.12.26-14.34.27:793][362]LogAudioMixer: Display: Audio Buffer Underrun detected.
12-26 15:34:27.797  1380  1830 V AudioService.RotationHelper: publishing device rotation =1 (x90deg)
12-26 15:34:27.800   899  1122 D msm8974_platform: Setting audio calibration for snd_device(2) acdb_id(513)
12-26 15:34:27.800   899  1122 D msm8974_platform: Setting audio calibration for snd_device(2) acdb_id(513)
12-26 15:34:27.802  1380  1444 I InputManager-JNI: Viewport [0] to add: local:0
12-26 15:34:27.805  1380  1762 I InputReader: Reconfiguring input devices.  changes=0x00000004
12-26 15:34:27.805  1380  1762 I InputReader: Device reconfigured: id=2, name='fts', size 1080x2160, orientation 1, mode 1, display id 0
12-26 15:34:27.811 15212 15242 D UE4     : [2019.12.26-14.34.27:810][362]LogCore: Display: AppLifetime: Application will deactivate
12-26 15:34:27.811 15212 15242 D UE4     : [GameActivity] Unregistering volume receiver
12-26 15:34:27.815  1998  1998 E libprocessgroup: set_timerslack_ns write failed: Operation not permitted
12-26 15:34:27.815  1998  1998 I chatty  : uid=10157(com.google.android.apps.nexuslauncher) identical 8 lines
12-26 15:34:27.815  1998  1998 E libprocessgroup: set_timerslack_ns write failed: Operation not permitted
12-26 15:34:27.828 15212 15242 D UE4     : [GameActivity] Unregistering battery receiver
12-26 15:34:27.832 15212 15242 D UE4     : [GameActivity] Unregistering headset receiver
12-26 15:34:27.833 26942 26942 D StatusBar: disable<e i a s b h r c s > disable2<q i n >
