12-26 15:34:27.835 15212 15242 D UE4     : [2019.12.26-14.34.27:834][362]LogCore: Display: AppLifetime: Application will enter background
12-26 15:34:27.835 15212 15242 D UE4     : [2019.12.26-14.34.27:835][362]LogTemp: Android pause audio
12-26 15:34:27.835 15212 15242 D UE4     : [2019.12.26-14.34.27:835][362]LogAudioMixerAndroid: Display: Suspending android audio renderer
12-26 15:34:27.835 15212 15242 D         : PlayerBase::pause() from IPlayer
12-26 15:34:27.847  8814  8850 I MicroDetectionState: Should stop hotword detection immediately - false
12-26 15:34:27.849 15212 15243 D UE4     : [2019.12.26-14.34.27:849][362]LogAndroid: Blocking renderer on invalid window.
12-26 15:34:27.849 15212 15243 D UE4     : [2019.12.26-14.34.27:849][362]LogAndroid: Waiting for renderer to encounter blocking command.
12-26 15:34:27.850 15212 15374 D UE4     : [2019.12.26-14.34.27:849][362]LogAndroid: Blocking renderer
12-26 15:34:27.850 15212 15243 D UE4     : LogAndroidEvents::EnqueueAppEvent : 13, [width=-1, height=-1], tid = 15243, APP_EVENT_STATE_APP_SUSPENDED
12-26 15:34:27.850 15212 15243 D UE4     : [2019.12.26-14.34.27:850][362]LogAndroid: Case APP_CMD_LOST_FOCUS
12-26 15:34:27.850 15212 15243 D UE4     : LogAndroidEvents::EnqueueAppEvent : 10, [width=-1, height=-1], tid = 15243, APP_EVENT_STATE_WINDOW_LOST_FOCUS
12-26 15:34:27.850 15212 15243 D UE4     : Case APP_CMD_TERM_WINDOW, tid = 15243
12-26 15:34:27.850 15212 15243 D UE4     : [2019.12.26-14.34.27:850][362]LogAndroid: Case APP_CMD_TERM_WINDOW
12-26 15:34:27.850 15212 15243 D UE4     : LogAndroidEvents::EnqueueAppEvent : 3, [width=-1, height=-1], tid = 15243, APP_EVENT_STATE_WINDOW_DESTROYED
12-26 15:34:27.851 15212 15242 D UE4     : [2019.12.26-14.34.27:851][362]LogAndroidEvents: Display: LogAndroidEvents::DequeueAppEvent : 13, [width=-1, height=-1], APP_EVENT_STATE_APP_SUSPENDED
12-26 15:34:27.853 15212 15242 D UE4     : FAppEventManager::Tick processing, 13
12-26 15:34:27.853 15212 15242 D UE4     : Execution will be paused...
12-26 15:34:27.853 15212 15242 D UE4     : [2019.12.26-14.34.27:853][362]LogAndroidEvents: Display: LogAndroidEvents::DequeueAppEvent : 10, [width=-1, height=-1], APP_EVENT_STATE_WINDOW_LOST_FOCUS
12-26 15:34:27.853 15212 15242 D UE4     : FAppEventManager::Tick processing, 10
12-26 15:34:27.853 15212 15242 D UE4     : [2019.12.26-14.34.27:853][362]LogAndroidEvents: Display: LogAndroidEvents::DequeueAppEvent : 3, [width=-1, height=-1], APP_EVENT_STATE_WINDOW_DESTROYED
12-26 15:34:27.853 15212 15242 D UE4     : FAppEventManager::Tick processing, 3
12-26 15:34:27.853 15212 15242 D UE4     : APP_EVENT_STATE_WINDOW_DESTROYED, 0, 0, 0
12-26 15:34:27.853 15212 15242 D UE4     : FAppEventManager::Tick EventHandlerEvent Wait 
12-26 15:34:27.853 15212 15242 D UE4     : FAppEventManager::Tick EventHandlerEvent DONE Wait 
12-26 15:34:27.860  8814  8814 I StreamRenderer: cleanUpRendererScope(nowcards-15-2a766e67-728f)
12-26 15:34:27.870  8814 14762 I PBSessionCacheImpl: Deleted sessionId[38765959264162005] from persistence.
12-26 15:34:27.871  8814  8850 W SearchServiceCore: Abort, client detached.
12-26 15:34:27.872  8814  8850 I StreamController: cleanUpControllerScope(nowcards-15-2a766e67-728f)
12-26 15:34:27.874 15212 15212 D UE4     : [GameActivity] ==============> GameActive.onTrimMemory(TRIM_MEMORY_UI_HIDDEN) called!
12-26 15:34:27.880  8042  8042 W GoogleInputMethodService: onConfigurationChanged() : NewConfig = {1.0 208mcc10mnc [fr_FR] ldltr sw392dp w737dp h368dp 440dpi nrml long hdr widecg land night finger -keyb/v/h -nav/h winConfig={ mBounds=Rect(0, 0 - 2160, 1080) mAppBounds=Rect(0, 0 - 2028, 1080) mWindowingMode=fullscreen mDisplayWindowingMode=fullscreen mActivityType=undefined mAlwaysOnTop=undefined mRotation=ROTATION_90} s.15165}
12-26 15:34:27.880  8042  8042 W KeyboardModeManager: reloadOrientationAwareData() : orientation = 2
12-26 15:34:27.881  8814  8850 I MicroDetectionState: Should stop hotword detection immediately - false
12-26 15:34:27.885   899  1122 D msm8974_platform: Setting audio calibration for snd_device(2) acdb_id(513)
12-26 15:34:27.885 15212 15243 D UE4     : [2019.12.26-14.34.27:885][362]LogAndroid: Case APP_CMD_SAVE_STATE
12-26 15:34:27.885 15212 15243 D UE4     : LogAndroidEvents::EnqueueAppEvent : 12, [width=-1, height=-1], tid = 15243, APP_EVENT_STATE_SAVE_STATE
12-26 15:34:27.886   899  1122 D msm8974_platform: Setting audio calibration for snd_device(2) acdb_id(513)
12-26 15:34:27.887   899  1122 D msm8974_platform: Setting audio calibration for snd_device(2) acdb_id(513)
12-26 15:34:27.888  8042  8042 W KeyboardModeManager: setInputView() : inputView = null
12-26 15:34:27.888 15212 15243 D UE4     : [2019.12.26-14.34.27:888][362]LogAndroid: Case APP_CMD_STOP
12-26 15:34:27.889 15212 15243 D UE4     : LogAndroidEvents::EnqueueAppEvent : 8, [width=-1, height=-1], tid = 15243, APP_EVENT_STATE_ON_STOP
12-26 15:34:27.889 15212 15212 D UE4     : [GameActivity] ==============> GameActive.onStop complete!
12-26 15:34:27.890   899  1122 D msm8974_platform: Setting audio calibration for snd_device(2) acdb_id(513)
12-26 15:34:27.890  8042  8042 I GoogleInputMethodService: Apply keyboard theme: theme_stylesheet_googleblue_assets:theme_package_metadata_google_blue_dark.binarypb_land
12-26 15:34:27.890   899  1122 D audio_hw_waves: print_state_log: send volume table -(0,0.000000,F),(1,0.000000,F),(2,0.000000,T),(3,0.000000,F),(4,0.000000,F),(5,0.000000,F)
12-26 15:34:27.891  8814  8814 W PhoneWindow: Previously focused view reported id 2131431541 during save, but can't be found during restore.
12-26 15:34:27.891 15212 15212 V UE4     : [GameApp] App in background
12-26 15:34:27.898  1998  1998 E libprocessgroup: set_timerslack_ns write failed: Operation not permitted
12-26 15:34:27.908  1998  1998 I AiAiSuggestUi: Fetching contents @ null, isPrimaryTask = false
12-26 15:34:27.909  8042  8042 I KeyboardViewUtil: systemKeyboardHeightRatio:1.200000; userKeyboardHeightRatio:1.000000.
12-26 15:34:27.913  8042  8042 I DeviceStatusMonitor: onReceive() : Action = android.intent.action.CONFIGURATION_CHANGED
12-26 15:34:27.913  8042  8042 I ConfigurationNotification: Get device mode by ui mode:1 and smallestScreenWidthDp:392
12-26 15:34:27.914  8042  8042 I chatty  : uid=10206(com.google.android.inputmethod.latin) identical 2 lines
12-26 15:34:27.914  8042  8042 I ConfigurationNotification: Get device mode by ui mode:1 and smallestScreenWidthDp:392
12-26 15:34:27.919  3166  3639 E AiAiScreenProcessor: Can't run parseContents because there are InputSources that are missing.
12-26 15:34:27.934  1380  8195 E WindowManager: Window Session Crash
12-26 15:34:27.934  1380  8195 E WindowManager: java.lang.IllegalArgumentException: Requested window android.os.BinderProxy@ed0444d does not exist
12-26 15:34:27.934  1380  8195 E WindowManager: 	at com.android.server.wm.WindowManagerService.windowForClientLocked(WindowManagerService.java:5310)
12-26 15:34:27.934  1380  8195 E WindowManager: 	at com.android.server.wm.WindowManagerService.windowForClientLocked(WindowManagerService.java:5302)
12-26 15:34:27.934  1380  8195 E WindowManager: 	at com.android.server.wm.WindowManagerService.reportSystemGestureExclusionChanged(WindowManagerService.java:3906)
12-26 15:34:27.934  1380  8195 E WindowManager: 	at com.android.server.wm.Session.reportSystemGestureExclusionChanged(Session.java:334)
12-26 15:34:27.934  1380  8195 E WindowManager: 	at android.view.IWindowSession$Stub.onTransact(IWindowSession.java:1196)
12-26 15:34:27.934  1380  8195 E WindowManager: 	at com.android.server.wm.Session.onTransact(Session.java:134)
12-26 15:34:27.934  1380  8195 E WindowManager: 	at android.os.Binder.execTransactInternal(Binder.java:1021)
12-26 15:34:27.934  1380  8195 E WindowManager: 	at android.os.Binder.execTransact(Binder.java:994)
12-26 15:34:27.934  1380  8195 W Binder  : Caught a RuntimeException from the binder stub implementation.
12-26 15:34:27.934  1380  8195 W Binder  : java.lang.IllegalArgumentException: Requested window android.os.BinderProxy@ed0444d does not exist
12-26 15:34:27.934  1380  8195 W Binder  : 	at com.android.server.wm.WindowManagerService.windowForClientLocked(WindowManagerService.java:5310)
12-26 15:34:27.934  1380  8195 W Binder  : 	at com.android.server.wm.WindowManagerService.windowForClientLocked(WindowManagerService.java:5302)
12-26 15:34:27.934  1380  8195 W Binder  : 	at com.android.server.wm.WindowManagerService.reportSystemGestureExclusionChanged(WindowManagerService.java:3906)
12-26 15:34:27.934  1380  8195 W Binder  : 	at com.android.server.wm.Session.reportSystemGestureExclusionChanged(Session.java:334)
12-26 15:34:27.934  1380  8195 W Binder  : 	at android.view.IWindowSession$Stub.onTransact(IWindowSession.java:1196)
12-26 15:34:27.934  1380  8195 W Binder  : 	at com.android.server.wm.Session.onTransact(Session.java:134)
12-26 15:34:27.934  1380  8195 W Binder  : 	at android.os.Binder.execTransactInternal(Binder.java:1021)
12-26 15:34:27.934  1380  8195 W Binder  : 	at android.os.Binder.execTransact(Binder.java:994)
12-26 15:34:27.935  1380  1450 I DropBoxManagerService: add tag=system_server_wtf isTagEnabled=true flags=0x2
12-26 15:34:27.971 26942 26942 D StatusBar: disable<e i a s b h r c s > disable2<q i n >
12-26 15:34:27.976 15212 15242 D UE4     : [2019.12.26-14.34.27:976][362]LogAndroidEvents: Display: LogAndroidEvents::DequeueAppEvent : 12, [width=-1, height=-1], APP_EVENT_STATE_SAVE_STATE
12-26 15:34:27.976 15212 15242 D UE4     : FAppEventManager::Tick processing, 12
12-26 15:34:27.976 15212 15242 D UE4     : [2019.12.26-14.34.27:976][362]LogAndroidEvents: Display: LogAndroidEvents::DequeueAppEvent : 8, [width=-1, height=-1], APP_EVENT_STATE_ON_STOP
12-26 15:34:27.976 15212 15242 D UE4     : FAppEventManager::Tick processing, 8
12-26 15:34:27.976 15212 15242 D UE4     : FAppEventManager::Tick EventHandlerEvent Wait 
12-26 15:34:27.976 15212 15242 D UE4     : FAppEventManager::Tick EventHandlerEvent DONE Wait 
12-26 15:34:27.995  8814  8850 I MicroDetectionState: Should stop hotword detection immediately - false
12-26 15:34:27.996  8814  8850 I MicroDetectionState: Keep running DSP hotword
12-26 15:34:27.999   899 15179 W audio_hw_primary: out_write: underrun(378) frames_by_time(33) > out->last_fifo_frames_remaining(0)
12-26 15:34:27.999   899 15179 W qc_adm  : margin check: adm_request_focus_v2(p) failed diff -48
12-26 15:34:28.001   899 15179 W audio_hw_primary: out_write: underrun(379) frames_by_time(91) > out->last_fifo_frames_remaining(48)
12-26 15:34:28.001   899 15179 W qc_adm  : margin check: adm_request_focus_v2(p) failed diff -48
12-26 15:34:28.017 26942 26942 I OpaEnabledReceiver: Dispatching OPA eligble = true; AGSA = true; OPA enabled = true
12-26 15:34:28.017 26942 26942 I OpaLayout: Setting opa enabled to true
12-26 15:34:28.017 26942 26942 I OpaLayout: Setting opa enabled to true
12-26 15:34:28.018  1380  1445 I WindowManager: Screen frozen for +291ms due to Window{48db643 u0 StatusBar}
12-26 15:34:28.025  8814  8814 W NowVeViewportMonitor: Attempting to report viewport hidden that is already hidden.
12-26 15:34:28.031  8814  8814 I StreamRenderer: maybeRegisterNowCardsScope(nowcards-15-2a76732d-22b5, com.google.android.sidekick.shared.remoteapi.CardRenderingContext@e738881)
12-26 15:34:28.061   670   670 W HwcComposer: command 0x4080000 generated error 4
12-26 15:34:28.061   670   670 I chatty  : uid=1000(system) /system/bin/surfaceflinger identical 6 lines
12-26 15:34:28.061   670   670 W HwcComposer: command 0x4080000 generated error 4
12-26 15:34:28.061  2486  2486 W ChimeraUtils: Non Chimera context
12-26 15:34:28.062  2486  2486 W ChimeraUtils: Non Chimera context
12-26 15:34:28.076   670   670 W HwcComposer: command 0x4080000 generated error 4
12-26 15:34:28.094   670   670 I chatty  : uid=1000(system) /system/bin/surfaceflinger identical 15 lines
12-26 15:34:28.094   670   670 W HwcComposer: command 0x4080000 generated error 4
12-26 15:34:28.094 15212 15242 D UE4     : FAppEventManager::Tick EventHandlerEvent Wait 
12-26 15:34:28.112   670   670 W HwcComposer: command 0x4080000 generated error 4
12-26 15:34:28.112   670   670 I chatty  : uid=1000(system) /system/bin/surfaceflinger identical 7 lines
12-26 15:34:28.112   670   670 W HwcComposer: command 0x4080000 generated error 4
12-26 15:34:28.113 13283 13300 I PeopleChimeraService: onService. callbacks = aanr@c8ea56b, request = com.google.android.gms.common.internal.GetServiceRequest@ae538c8
12-26 15:34:28.126   670   670 W HwcComposer: command 0x4080000 generated error 4
12-26 15:34:28.126   670   670 I chatty  : uid=1000(system) /system/bin/surfaceflinger identical 7 lines
12-26 15:34:28.126   670   670 W HwcComposer: command 0x4080000 generated error 4
12-26 15:34:28.130  8814  8814 D p       : setAvailableAccounts() 0 -> 1.
12-26 15:34:28.130  8814  8814 D p       : modelLoaded
12-26 15:34:28.131  8814  8814 D p       : chooseAccount()
12-26 15:34:28.142   670   670 W HwcComposer: command 0x4080000 generated error 4
12-26 15:34:28.373   670   670 I chatty  : uid=1000(system) /system/bin/surfaceflinger identical 129 lines
12-26 15:34:28.373   670   670 W HwcComposer: command 0x4080000 generated error 4
12-26 15:34:28.729  1380  1450 W BroadcastQueue: Background execution not allowed: receiving Intent { act=android.intent.action.DROPBOX_ENTRY_ADDED flg=0x10 (has extras) } to com.google.android.gms/.stats.service.DropBoxEntryAddedReceiver
12-26 15:34:28.729  1380  1450 W BroadcastQueue: Background execution not allowed: receiving Intent { act=android.intent.action.DROPBOX_ENTRY_ADDED flg=0x10 (has extras) } to com.google.android.gms/.chimera.GmsIntentOperationService$PersistentTrustedReceiver
12-26 15:34:28.786   919  1102 I ASH     : @ 712408.617: tmd2725: PROX sample: NEAR (ff)
12-26 15:34:28.793   919  1102 D VSC     : @ 712408.625: [Binned Brightness] Stop ambient_light
12-26 15:34:28.794   919  1102 D VSC     : @ 712408.626: Timer set for 3000 ms by Binned Brightness
12-26 15:34:28.885  1998  1998 I AiAiSuggestUi: Clearing suggestions.
12-26 15:34:28.888 15212 15212 D UE4     : [GameActivity] onDestroy: destroy memoryHandlerThread
12-26 15:34:28.889 15212 15243 D UE4     : [2019.12.26-14.34.28:889][362]LogAndroid: Case APP_CMD_INPUT_CHANGED
12-26 15:34:28.890 15212 15242 D UE4     : FAppEventManager::Tick EventHandlerEvent DONE Wait 
12-26 15:34:28.891 15212 15243 D UE4     : [2019.12.26-14.34.28:891][362]LogAndroid: Case APP_CMD_DESTROY
12-26 15:34:28.891 15212 15243 D UE4     : LogAndroidEvents::EnqueueAppEvent : 15, [width=-1, height=-1], tid = 15243, APP_EVENT_RUN_CALLBACK
12-26 15:34:28.891 15212 15243 D UE4     : LogAndroidEvents::EnqueueAppEvent : 5, [width=-1, height=-1], tid = 15243, APP_EVENT_STATE_ON_DESTROY
12-26 15:34:28.892  1380  1444 I ActivityManager: Killing 15212:com.DawGames.projectWA/u0a269 (adj 905): remove task
12-26 15:34:28.900   888   888 I Zygote  : Process 15212 exited due to signal 9 (Killed)
12-26 15:34:28.915  1380  1452 I libprocessgroup: Successfully killed process cgroup uid 10269 pid 15212 in 20ms
12-26 15:34:29.306  1380  1444 I ActivityManager: Killing 12294:com.google.android.apps.messaging/u0a180 (adj 905): remove task
12-26 15:34:29.365  1380  1761 W InputDispatcher: channel '7882522 com.google.android.apps.messaging/com.google.android.apps.messaging.conversation.screen.ConversationActivity (server)' ~ Consumer closed input channel or an error occurred.  events=0x9
12-26 15:34:29.365  1380  1761 E InputDispatcher: channel '7882522 com.google.android.apps.messaging/com.google.android.apps.messaging.conversation.screen.ConversationActivity (server)' ~ Channel is unrecoverably broken and will be disposed!
12-26 15:34:29.374  1380  7079 D AutofillSession: handling death of Token{e7873f ActivityRecord{f7dd75e u0 com.google.android.apps.messaging/.conversation.screen.ConversationActivity t966 f}} when saving=false
12-26 15:34:29.374  1380  3366 I WindowManager: WIN DEATH: Window{7882522 u0 com.google.android.apps.messaging/com.google.android.apps.messaging.conversation.screen.ConversationActivity}
12-26 15:34:29.374  1380  2136 D ConnectivityService: ConnectivityService NetworkRequestInfo binderDied(NetworkRequest [ TRACK_DEFAULT id=2067, [ Capabilities: INTERNET&NOT_RESTRICTED&TRUSTED Uid: 10180] ], android.os.BinderProxy@893df73)
12-26 15:34:29.374  1380  3366 W InputDispatcher: Attempted to unregister already unregistered input channel '7882522 com.google.android.apps.messaging/com.google.android.apps.messaging.conversation.screen.ConversationActivity (server)'
12-26 15:34:29.374  1380  1819 D ConnectivityService: releasing NetworkRequest [ TRACK_DEFAULT id=2067, [ Capabilities: INTERNET&NOT_RESTRICTED&TRUSTED Uid: 10180] ] (release request)
12-26 15:34:29.375   887   887 I Zygote  : Process 12294 exited due to signal 9 (Killed)
12-26 15:34:29.375  1380  3365 D ConnectivityService: ConnectivityService NetworkRequestInfo binderDied(NetworkRequest [ LISTEN id=2068, [ Capabilities: INTERNET&NOT_RESTRICTED&TRUSTED Uid: 10180] ], android.os.BinderProxy@afd5e30)
12-26 15:34:29.394  1380  1452 I libprocessgroup: Successfully killed process cgroup uid 10180 pid 12294 in 87ms
12-26 15:34:29.503   899  1834 D audio_hw_primary: disable_audio_route: usecase(1) reset and update mixer path: low-latency-playback speaker
12-26 15:34:29.589  1380  6105 I ActivityTaskManager: Config changes=20000480 {1.0 208mcc10mnc [fr_FR] ldltr sw392dp w392dp h713dp 440dpi nrml long hdr widecg port night finger -keyb/v/h -nav/h winConfig={ mBounds=Rect(0, 0 - 1080, 2160) mAppBounds=Rect(0, 0 - 1080, 2028) mWindowingMode=fullscreen mDisplayWindowingMode=fullscreen mActivityType=undefined mAlwaysOnTop=undefined mRotation=ROTATION_0} s.15166}
12-26 15:34:29.622  1380  6105 I ActivityTaskManager: Override config changes=20000480 {1.0 208mcc10mnc [fr_FR] ldltr sw392dp w392dp h713dp 440dpi nrml long hdr widecg port night finger -keyb/v/h -nav/h winConfig={ mBounds=Rect(0, 0 - 1080, 2160) mAppBounds=Rect(0, 0 - 1080, 2028) mWindowingMode=fullscreen mDisplayWindowingMode=fullscreen mActivityType=undefined mAlwaysOnTop=undefined mRotation=ROTATION_0} s.15166} for displayId=0
12-26 15:34:29.632  1380  1830 V AudioService.RotationHelper: publishing device rotation =0 (x90deg)
12-26 15:34:29.634  1380  1444 I InputManager-JNI: Viewport [0] to add: local:0
12-26 15:34:29.636  1380  1762 I InputReader: Reconfiguring input devices.  changes=0x00000004
12-26 15:34:29.637  1380  1762 I InputReader: Device reconfigured: id=2, name='fts', size 1080x2160, orientation 0, mode 1, display id 0
12-26 15:34:29.646  1998  1998 E libprocessgroup: set_timerslack_ns write failed: Operation not permitted
12-26 15:34:29.646  1998  1998 I chatty  : uid=10157(com.google.android.apps.nexuslauncher) identical 8 lines
12-26 15:34:29.646  1998  1998 E libprocessgroup: set_timerslack_ns write failed: Operation not permitted
12-26 15:34:29.658 26942 26942 D StatusBar: disable<e i a s b h r c s > disable2<q i n >
12-26 15:34:29.686  8814  8850 I MicroDetectionState: Should stop hotword detection immediately - false
12-26 15:34:29.695 29736 29736 E adbd    : failed to connect to socket 'tcp:6666': Connection refused
12-26 15:34:29.700  8814  8814 I StreamRenderer: cleanUpRendererScope(nowcards-15-2a76732d-22b5)
12-26 15:34:29.705  1998  1998 E libprocessgroup: set_timerslack_ns write failed: Operation not permitted
12-26 15:34:29.709  8042  8042 W GoogleInputMethodService: onConfigurationChanged() : NewConfig = {1.0 208mcc10mnc [fr_FR] ldltr sw392dp w392dp h713dp 440dpi nrml long hdr widecg port night finger -keyb/v/h -nav/h winConfig={ mBounds=Rect(0, 0 - 1080, 2160) mAppBounds=Rect(0, 0 - 1080, 2028) mWindowingMode=fullscreen mDisplayWindowingMode=fullscreen mActivityType=undefined mAlwaysOnTop=undefined mRotation=ROTATION_0} s.15225}
12-26 15:34:29.710  8042  8042 W KeyboardModeManager: reloadOrientationAwareData() : orientation = 1
12-26 15:34:29.711  8814 14762 I PBSessionCacheImpl: Deleted sessionId[38765959264162008] from persistence.
12-26 15:34:29.719  8042  8042 W KeyboardModeManager: setInputView() : inputView = null
12-26 15:34:29.721  8042  8042 I GoogleInputMethodService: Apply keyboard theme: theme_stylesheet_googleblue_assets:theme_package_metadata_google_blue_dark.binarypb_port
12-26 15:34:29.732  8814  8850 W SearchServiceCore: Abort, client detached.
12-26 15:34:29.733  8814  8850 I StreamController: cleanUpControllerScope(nowcards-15-2a76732d-22b5)
12-26 15:34:29.734  8042  8042 I KeyboardViewUtil: systemKeyboardHeightRatio:1.200000; userKeyboardHeightRatio:1.000000.
12-26 15:34:29.736  8814  8814 W PhoneWindow: Previously focused view reported id 2131431541 during save, but can't be found during restore.
12-26 15:34:29.738  8042  8042 I DeviceStatusMonitor: onReceive() : Action = android.intent.action.CONFIGURATION_CHANGED
12-26 15:34:29.739  8042  8042 I ConfigurationNotification: Get device mode by ui mode:1 and smallestScreenWidthDp:392
12-26 15:34:29.739  8042  8042 I chatty  : uid=10206(com.google.android.inputmethod.latin) identical 2 lines
12-26 15:34:29.739  8042  8042 I ConfigurationNotification: Get device mode by ui mode:1 and smallestScreenWidthDp:392
12-26 15:34:29.747  1380  1761 W InputDispatcher: channel '6107ed com.DawGames.projectWA/com.epicgames.ue4.GameActivity (server)' ~ Consumer closed input channel or an error occurred.  events=0x9
12-26 15:34:29.747  1380  1761 E InputDispatcher: channel '6107ed com.DawGames.projectWA/com.epicgames.ue4.GameActivity (server)' ~ Channel is unrecoverably broken and will be disposed!
12-26 15:34:29.748  1380  2286 D ConnectivityService: ConnectivityService NetworkRequestInfo binderDied(NetworkRequest [ LISTEN id=2081, [ Capabilities: NOT_RESTRICTED&TRUSTED&NOT_VPN&FOREGROUND Uid: 10269] ], android.os.BinderProxy@dcd1a24)
12-26 15:34:29.753  1380  2286 I WindowManager: WIN DEATH: Window{6107ed u0 com.DawGames.projectWA/com.epicgames.ue4.GameActivity}
12-26 15:34:29.753  1380  2286 W InputDispatcher: Attempted to unregister already unregistered input channel '6107ed com.DawGames.projectWA/com.epicgames.ue4.GameActivity (server)'
12-26 15:34:29.759 26942 26942 D StatusBar: disable<e i a s b h r c s > disable2<q i n >
12-26 15:34:29.765  1380  1444 W ActivityManager: setHasOverlayUi called on unknown pid: 15212
12-26 15:34:29.766  1380  1762 D WindowManager: powerPress: eventTime=215641984 interactive=true count=1 beganFromNonInteractive=false mShortPressOnPowerBehavior=1
12-26 15:34:29.766  1380  1762 I PowerManagerService: Going to sleep due to power_button (uid 1000)...
12-26 15:34:29.767  1380  1380 W UsageStatsService: Event reported without a package name, eventType:16
12-26 15:34:29.768  1380  1463 E libc    : Access denied finding property "vendor.debug.egl.changepixelformat"
12-26 15:34:29.771  8814  8828 W FeedDoodleHeaderRndr: finalize() without destroy() dc5d9c6
12-26 15:34:29.789   947  1267 D AF::TrackHandle: OpPlayAudio: track:5936 usage:13 not muted
12-26 15:34:29.794 26942 26969 I AudioTrack: createTrack_l(10130): AUDIO_OUTPUT_FLAG_FAST successful; frameCount 0 -> 5280
12-26 15:34:29.795  1380  1463 E libc    : Access denied finding property "vendor.debug.egl.swapinterval"
12-26 15:34:29.799   899  1122 D audio_hw_primary: out_set_parameters: enter: usecase(1: low-latency-playback) kvpairs: routing=2
12-26 15:34:29.801  1380  1463 E libc    : Access denied finding property "vendor.debug.egl.swapinterval"
12-26 15:34:29.804   917   917 D android.hardware.power@1.3-service.pixel-libperfmgr: AUDIO_STREAMING: 1
12-26 15:34:29.804   899  2875 D msm8974_platform: Setting audio calibration for snd_device(2) acdb_id(513)
12-26 15:34:29.804   899  2875 E ACDB-LOADER: [acdb_loader_adsp_set_audio_cal] active device/stream not found (result=-100) for topology 0x1000dffb and apptype 0x11130
12-26 15:34:29.804   899  2875 E ACDB-LOADER: [acdb_loader_adsp_set_audio_cal] set parameters failed with status -100
12-26 15:34:29.804   899  2875 D msm8974_platform: Setting audio calibration for snd_device(2) acdb_id(513)
12-26 15:34:29.805  1380  1463 E libc    : Access denied finding property "vendor.debug.egl.swapinterval"
12-26 15:34:29.808   899  2875 D audio_hw_waves: print_state_log: send volume table -(0,0.000000,F),(1,0.000000,F),(2,0.000000,T),(3,0.000000,F),(4,0.000000,F),(5,0.000000,F)
12-26 15:34:29.809   899  2875 D ACDB-LOADER: ACDB -> send_audio_cal, acdb_id = 513, path = 0, app id = 0x11130, sample rate = 48000
12-26 15:34:29.809   899  2875 D ACDB-LOADER: ACDB -> send_asm_topology
12-26 15:34:29.809   899  2875 D ACDB-LOADER: ACDB -> ACDB_CMD_GET_AUDPROC_STREAM_TOPOLOGY_ID
12-26 15:34:29.809   899  2875 D ACDB-LOADER: ACDB -> send_adm_topology
12-26 15:34:29.809   899  2875 D ACDB-LOADER: ACDB -> ACDB_CMD_GET_AUDPROC_COMMON_TOPOLOGY_ID
12-26 15:34:29.809   899  2875 D ACDB-LOADER: ACDB -> send_audtable
12-26 15:34:29.809   899  2875 D ACDB-LOADER: ACDB -> ACDB_CMD_GET_AUDPROC_COMMON_TABLE_SIZE
12-26 15:34:29.809   899  2875 D ACDB-LOADER: ACDB -> ACDB_CMD_GET_AUDPROC_COMMON_TABLE
12-26 15:34:29.809   899  2875 D ACDB-LOADER: ACDB -> AUDIO_SET_AUDPROC_CAL
12-26 15:34:29.809   899  2875 D ACDB-LOADER: ACDB -> send_audvoltable
12-26 15:34:29.809   899  2875 D ACDB-LOADER: ACDB -> ACDB_CMD_GET_AUDPROC_VOL_STEP_TABLE_SIZE
12-26 15:34:29.809   899  2875 D ACDB-LOADER: ACDB -> ACDB_CMD_GET_AUDPROC_GAIN_DEP_STEP_TABLE, vol index 0
12-26 15:34:29.809   899  2875 D         : Failed to fetch the lookup information of the device 00000201 
12-26 15:34:29.809   899  2875 E ACDB-LOADER: Error: ACDB AudProc vol returned = -19
12-26 15:34:29.809   899  2875 D ACDB-LOADER: ACDB -> AUDIO_SET_VOL_CAL cal type = 12
12-26 15:34:29.809   899  2875 D ACDB-LOADER: ACDB -> ACDB_CMD_GET_AUDPROC_STREAM_TABLE_SIZE
12-26 15:34:29.809   899  2875 D ACDB-LOADER: ACDB -> send_audstrmtable
12-26 15:34:29.809   899  2875 D ACDB-LOADER: ACDB -> ACDB_CMD_GET_AUDPROC_STREAM_TABLE_V2
12-26 15:34:29.809   899  2875 D ACDB-LOADER: ACDB -> audstrm_cal->cal_type.cal_data.cal_size = 456
12-26 15:34:29.809   899  2875 D ACDB-LOADER: ACDB -> send_afe_topology
12-26 15:34:29.809   899  2875 D ACDB-LOADER: ACDB -> ACDB_CMD_GET_AFE_TOPOLOGY_ID
12-26 15:34:29.809   899  2875 D ACDB-LOADER: ACDB -> GET_AFE_TOPOLOGY_ID for adcd_id 513, Topology Id 10000ccc
12-26 15:34:29.809   899  2875 D ACDB-LOADER: ACDB -> send_afe_cal
12-26 15:34:29.809   899  2875 D ACDB-LOADER: ACDB -> ACDB_CMD_GET_AFE_COMMON_TABLE_SIZE
12-26 15:34:29.809   899  2875 D ACDB-LOADER: ACDB -> ACDB_CMD_GET_AFE_COMMON_TABLE
12-26 15:34:29.809   899  2875 D ACDB-LOADER: ACDB -> AUDIO_SET_AFE_CAL
12-26 15:34:29.809   899  2875 D ACDB-LOADER: ACDB -> send_hw_delay : acdb_id = 513 path = 0
12-26 15:34:29.809   899  2875 D ACDB-LOADER: ACDB -> ACDB_AVSYNC_INFO: ACDB_CMD_GET_DEVICE_PROPERTY
12-26 15:34:29.809   899  2875 D audio_hw_primary: enable_audio_route: usecase(1) apply and update mixer path: low-latency-playback speaker
12-26 15:34:29.809   899  2875 D audio_route: Apply path: low-latency-playback speaker
12-26 15:34:29.818 26942 26942 I OpaEnabledReceiver: Dispatching OPA eligble = true; AGSA = true; OPA enabled = true
12-26 15:34:29.818 26942 26942 I OpaLayout: Setting opa enabled to true
12-26 15:34:29.818 26942 26942 I OpaLayout: Setting opa enabled to true
12-26 15:34:29.822   899  2875 D audio_hw_primary: out_write: retry previous failed cal level set
12-26 15:34:29.822   917   917 D android.hardware.power@1.3-service.pixel-libperfmgr: AUDIO_STREAMING: 0
12-26 15:34:29.826 26942 26942 I Elmyra/ElmyraService: Gated by SystemKeyPress
12-26 15:34:29.826   906   906 V ContextHubHal: sendMessageToHub
12-26 15:34:29.828   919  1102 D CHRE    : @ 712409.660: Parsed nanoapp message from host: app ID 0x476f6f676c00100e, endpoint 0x4, msgType 201, payload size 0
12-26 15:34:29.829  1380  1445 I WindowManager: Screen frozen for +252ms due to Window{48db643 u0 StatusBar}
12-26 15:34:29.832  1380  1463 E libc    : Access denied finding property "vendor.debug.egl.swapinterval"
12-26 15:34:29.840  8814  8850 I MicroDetectionState: Should stop hotword detection immediately - false
12-26 15:34:29.841  8814  8850 I MicroDetectionState: Keep running DSP hotword
12-26 15:34:29.848  1380  1463 E libc    : Access denied finding property "vendor.debug.egl.swapinterval"
12-26 15:34:29.855  8814  8814 W NowVeViewportMonitor: Attempting to report viewport hidden that is already hidden.
12-26 15:34:29.859  1380  1463 E libc    : Access denied finding property "vendor.debug.egl.swapinterval"
12-26 15:34:29.863  8814  8814 I StreamRenderer: maybeRegisterNowCardsScope(nowcards-15-2a767a5f-cfed, com.google.android.sidekick.shared.remoteapi.CardRenderingContext@52e80e6)
12-26 15:34:29.875  1380  1463 E libc    : Access denied finding property "vendor.debug.egl.swapinterval"
12-26 15:34:29.888  2486  2486 W ChimeraUtils: Non Chimera context
12-26 15:34:29.889  2486  2486 W ChimeraUtils: Non Chimera context
12-26 15:34:29.892  1380  1463 E libc    : Access denied finding property "vendor.debug.egl.swapinterval"
12-26 15:34:29.893 13283 13320 I PeopleChimeraService: onService. callbacks = aanr@275a0c2, request = com.google.android.gms.common.internal.GetServiceRequest@b1cbed3
12-26 15:34:29.908  1380  1463 E libc    : Access denied finding property "vendor.debug.egl.swapinterval"
12-26 15:34:29.925  1380  1463 I chatty  : uid=1000(system) PowerManagerSer identical 1 line
12-26 15:34:29.941  1380  1463 E libc    : Access denied finding property "vendor.debug.egl.swapinterval"
12-26 15:34:29.945  8814  8814 D p       : setAvailableAccounts() 0 -> 1.
12-26 15:34:29.945  8814  8814 D p       : modelLoaded
12-26 15:34:29.946  8814  8814 D p       : chooseAccount()
12-26 15:34:29.957  1380  1463 E libc    : Access denied finding property "vendor.debug.egl.swapinterval"
12-26 15:34:30.089  1380  1463 I chatty  : uid=1000(system) PowerManagerSer identical 8 lines
12-26 15:34:30.106  1380  1463 E libc    : Access denied finding property "vendor.debug.egl.swapinterval"
12-26 15:34:30.106   919  1102 I ASH     : @ 712409.937: tmd2725: PROX sample. FAR (23)
12-26 15:34:30.113   919  1102 D VSC     : @ 712409.945: [Binned Brightness] Request ambient_light, interval 250000000 ns, latency 0 ns
12-26 15:34:30.115   919  1102 D VSC     : @ 712409.947: Timer stopped by Binned Brightness
12-26 15:34:30.123  1380  1463 E libc    : Access denied finding property "vendor.debug.egl.swapinterval"
