--------- beginning of system
12-26 15:34:12.927  1380  5452 I ActivityTaskManager: START u0 {flg=0x10000000 cmp=com.DawGames.projectWA/com.epicgames.ue4.SplashActivity} from uid 2000
--------- beginning of main
12-26 15:34:12.966   917   917 D android.hardware.power@1.3-service.pixel-libperfmgr: LAUNCH: 1
12-26 15:34:12.968   917   917 D android.hardware.power@1.3-service.pixel-libperfmgr: LAUNCH: 0
12-26 15:34:12.988   888   888 D Zygote  : Forked child process 15212
12-26 15:34:12.990  1380  1451 I ActivityManager: Start proc 15212:com.DawGames.projectWA/u0a269 for activity {com.DawGames.projectWA/com.epicgames.ue4.SplashActivity}
12-26 15:34:12.995 15212 15212 I Games.projectW: Late-enabling -Xcheck:jni
12-26 15:34:13.027 15212 15212 E Games.projectW: Unknown bits set in runtime_flags: 0x8000
12-26 15:34:13.112 15212 15212 I Games.projectW: The ClassLoaderContext is a special shared library.
12-26 15:34:13.467 15212 15233 V UE4     : [NetworkChangedManager] Network Available
12-26 15:34:13.534  1380  2904 I ActivityTaskManager: START u0 {flg=0x10000 cmp=com.DawGames.projectWA/com.epicgames.ue4.GameActivity (has extras)} from uid 10269
12-26 15:34:13.536   917   917 D android.hardware.power@1.3-service.pixel-libperfmgr: LAUNCH: 1
12-26 15:34:13.541   917   917 D android.hardware.power@1.3-service.pixel-libperfmgr: LAUNCH: 0
12-26 15:34:13.567  1380  1444 W ActivityTaskManager: Activity pause timeout for ActivityRecord{dfa050e u0 com.DawGames.projectWA/com.epicgames.ue4.SplashActivity t968 f}
12-26 15:34:13.660 15212 15212 D OVRPlugin: JNI_OnLoad
12-26 15:34:14.017 15212 15212 D UE4     : Used memory before allocating anything was 78.48MB
12-26 15:34:14.074  1380  1444 W ActivityTaskManager: Activity top resumed state loss timeout for ActivityRecord{a190641 u0 com.DawGames.projectWA/com.epicgames.ue4.GameActivity t968}
12-26 15:34:14.074  1380  1444 W ActivityTaskManager: Activity pause timeout for ActivityRecord{a190641 u0 com.DawGames.projectWA/com.epicgames.ue4.GameActivity t968}
12-26 15:34:14.461 15212 15212 D UE4     : In the JNI_OnLoad function
12-26 15:34:14.463 15212 15212 D UE4     : [JNI] - Failed to determine if app purchasing is enabled!
12-26 15:34:14.467 15212 15212 D UE4     : Path found as '/storage/emulated/0'
12-26 15:34:14.468 15212 15212 D UE4     : Font Path found as '/system/fonts/'
12-26 15:34:14.468 15212 15212 D UE4     : In the JNI_OnLoad function 5
12-26 15:34:14.498 15212 15242 D UE4     : Entering native app glue main function
12-26 15:34:14.498 15212 15242 D UE4     : Created event thread
12-26 15:34:14.498 15212 15242 D UE4     : Entered AndroidMain()
12-26 15:34:14.500 15212 15243 D UE4     : Entering event processing thread engine entry point
12-26 15:34:14.501 15212 15243 D UE4     : Prepared looper for event thread
12-26 15:34:14.501 15212 15243 D UE4     : Passed callback initialization
12-26 15:34:14.501 15212 15243 D UE4     : Passed sensor initialization
12-26 15:34:14.501 15212 15242 D UE4     : Controller interface supported
12-26 15:34:14.513 29736 29736 E adbd    : failed to connect to socket 'tcp:6666': Connection refused
12-26 15:34:14.546 15212 15212 D UE4     : [GameActivity] Target SDK is 26.  This may cause issues if permissions are denied by the user.
12-26 15:34:14.549 15212 15212 E PermissionHelper: GVRTransition2DActivity.getActivity() failed. Trying to get GameActivity.
12-26 15:34:14.551 15212 15212 D PermissionHelper: checkPermission: android.permission.WRITE_EXTERNAL_STORAGE has granted
12-26 15:34:14.558 15212 15212 D UE4     : [GameActivity] Vulkan version: 1.1.0
12-26 15:34:14.559 15212 15212 D UE4     : [GameActivity] Vulkan level: 1
12-26 15:34:14.561 15212 15212 D UE4     : [GameActivity] Found DepthBufferPreference = 0
12-26 15:34:14.561 15212 15212 D UE4     : [GameActivity] Found bPackageDataInsideApk = 0
12-26 15:34:14.562 15212 15212 D UE4     : [GameActivity] Found ProjectName = projectWA
12-26 15:34:14.562 15212 15212 D UE4     : [GameActivity] Found AppType = 
12-26 15:34:14.562 15212 15212 D UE4     : [GameActivity] Found bHasOBBFiles = 0
12-26 15:34:14.562 15212 15212 D UE4     : [GameActivity] Found bVerifyOBBOnStartUp = false
12-26 15:34:14.562 15212 15212 D UE4     : [GameActivity] UI hiding set to false
12-26 15:34:14.562 15212 15212 D UE4     : [GameActivity] BuildConfiguration set to Development
12-26 15:34:14.562 15212 15212 D UE4     : [GameActivity] UseExternalFilesDir set to false
12-26 15:34:14.562 15212 15212 D UE4     : [GameActivity] PublicLogFiles set to false
12-26 15:34:14.563 15212 15212 D UE4     : [GameActivity] AllowIMU set to true
12-26 15:34:14.563 15212 15212 D UE4     : [GameActivity] SupportsVulkan set to false
12-26 15:34:14.563 15212 15212 D UE4     : [GameActivity] No Oculus Mobile mode detected.
12-26 15:34:14.567 15212 15212 D UE4     : [GameActivity] Using commandline from: /storage/emulated/0/UE4Game/projectWA/UE4CommandLine.txt
12-26 15:34:14.569 15212 15212 D UE4     : [GameActivity] Parsing commandline: ../../../projectWA/projectWA.uproject  /Game/TopDownBP/Maps/TopDownExampleMap -Messaging -SessionId=2295E0CD46FC71FFC6BF649B0DF07664 -SessionOwner="whaid" -SessionName="Launch On Device" -iterative
12-26 15:34:14.572 15212 15212 I Adreno  : QUALCOMM build                   : 4a00b69, I4e7e888065
12-26 15:34:14.572 15212 15212 I Adreno  : Build Date                       : 04/09/19
12-26 15:34:14.572 15212 15212 I Adreno  : OpenGL ES Shader Compiler Version: EV031.26.06.00
12-26 15:34:14.572 15212 15212 I Adreno  : Local Branch                     : mybranche95a5ea3-cf05-f19a-a0e7-5cb90179c3d8
12-26 15:34:14.572 15212 15212 I Adreno  : Remote Branch                    : quic/gfx-adreno.lnx.1.0
12-26 15:34:14.572 15212 15212 I Adreno  : Remote Branch                    : NONE
12-26 15:34:14.572 15212 15212 I Adreno  : Reconstruct Branch               : NOTHING
12-26 15:34:14.572 15212 15212 I Adreno  : Build Config                     : S P 8.0.6 AArch32
12-26 15:34:14.579 15212 15212 I Adreno  : PFP: 0x016ee183, ME: 0x00000000
12-26 15:34:14.618 15212 15212 D UE4     : [GameActivity] Hardware: Qualcomm Technologies, Inc SDM845
12-26 15:34:14.618 15212 15212 D UE4     : [GameActivity] ro.hardware: blueline
12-26 15:34:14.619 15212 15212 D UE4     : [GameActivity] Memory: 3580 MB
12-26 15:34:14.626 15212 15212 D UE4     : [GameActivity] UseAffinity: false
12-26 15:34:14.626 15212 15212 D UE4     : [GameActivity] BigCoreMask: 0xffff
12-26 15:34:14.626 15212 15212 D UE4     : [GameActivity] LittleCoreMask: 0x0
12-26 15:34:14.635 15212 15212 D UE4     : [GameActivity] APK path: /data/app/com.DawGames.projectWA-5v-VYsMPXEypMzQxGV_TPg==/base.apk
12-26 15:34:14.636 15212 15212 D UE4     : [GameActivity] OBB in APK: false
12-26 15:34:14.638 15212 15212 D UE4     : InternalFilePath found as '/data/user/0/com.DawGames.projectWA/files'
12-26 15:34:14.638 15212 15212 D UE4     : ExternalFilePath found as '/storage/emulated/0/Android/data/com.DawGames.projectWA/files'
12-26 15:34:14.639 15212 15212 D UE4     : App is running in Portrait
12-26 15:34:14.640 15212 15212 D UE4     : [GameActivity] Android version is 10
12-26 15:34:14.640 15212 15212 D UE4     : [GameActivity] Android manufacturer is Google
12-26 15:34:14.640 15212 15212 D UE4     : [GameActivity] Android model is Pixel 3
12-26 15:34:14.640 15212 15212 D UE4     : [GameActivity] Android build number is QQ1A.191205.008
12-26 15:34:14.640 15212 15212 D UE4     : [GameActivity] OS language is set to fr_FR
12-26 15:34:14.640 15212 15212 D UE4     : [GameActivity] Debugger attached is false
12-26 15:34:14.651 15212 15244 D UE4     : [GameActivity] Used memory: 65562
12-26 15:34:14.804 15212 15212 W PopupManager: You have not specified a View to use as content view for popups. Falling back to the Activity content view. Note that this may not work as expected in multi-screen environments
12-26 15:34:14.812 15212 15212 D UE4     : [GameActivity] googleClient is valid
12-26 15:34:14.812 15212 15212 D UE4     : [GameActivity] ==============> GameActive.onCreate complete!
12-26 15:34:14.820 15212 15212 D UE4     : [GameActivity] Creating console command broadcast listener
12-26 15:34:14.820 15212 15243 D UE4     : LogAndroidEvents::EnqueueAppEvent : 9, [width=-1, height=-1], tid = 15243, APP_EVENT_STATE_ON_START
12-26 15:34:14.823 15212 15212 D UE4     : [GameActivity] ==================================> Inside onStart function in GameActivity
12-26 15:34:14.824 15212 15212 V UE4     : [GameApp] App in foreground
12-26 15:34:14.828   919   919 W sensors@1.0-ser: type=1400 audit(0.0:48864): avc: denied { read write } for name="diag" dev="tmpfs" ino=25689 scontext=u:r:hal_sensors_default:s0 tcontext=u:object_r:diag_device:s0 tclass=chr_file permissive=0
12-26 15:34:14.828 15212 15243 D UE4     : Case APP_CMD_RESUME
12-26 15:34:14.828 15212 15243 D UE4     : LogAndroidEvents::EnqueueAppEvent : 7, [width=-1, height=-1], tid = 15243, APP_EVENT_STATE_ON_RESUME
12-26 15:34:14.828 15212 15212 D UE4     : [GameActivity] ==============> [JAVA] AndroidThunkJava_KeepScreenOn(false) - Enabled screen saver
12-26 15:34:14.828 15212 15212 D UE4     : [GameActivity] Registering sensor listeners
12-26 15:34:14.832   919   919 I sensors-hal: batch_physical_sensor:218, android.sensor.accelerometer/16, period=20000000, max_latency=0
12-26 15:34:14.832   919   919 I sensors-hal: batch_physical_sensor:227, android.sensor.accelerometer/16, period=20000000, max_latency=0 request completed
12-26 15:34:14.832   919   919 I sensors-hal: activate_physical_sensor:155, android.sensor.accelerometer/16 en=1
12-26 15:34:14.834   919   919 D Diag_Lib:  Diag_LSM_Init: Failed to open handle to diag driver, error = 13
12-26 15:34:14.839   919 15248 I sensors-hal: handle_indication_realtime:371,  SCHED_FIFO(10) for qmi_cbk
12-26 15:34:14.841   919   919 W sensors@1.0-ser: type=1400 audit(0.0:48865): avc: denied { read write } for name="diag" dev="tmpfs" ino=25689 scontext=u:r:hal_sensors_default:s0 tcontext=u:object_r:diag_device:s0 tclass=chr_file permissive=0
12-26 15:34:14.843   919   919 I sensors-hal: activate_physical_sensor:166, android.sensor.accelerometer/16 en=1 completed
12-26 15:34:14.844   919   919 I sensors-hal: batch_physical_sensor:218, android.sensor.magnetic_field/14, period=20000000, max_latency=0
12-26 15:34:14.844   919   919 I sensors-hal: batch_physical_sensor:227, android.sensor.magnetic_field/14, period=20000000, max_latency=0 request completed
12-26 15:34:14.844   919   919 I sensors-hal: activate_physical_sensor:155, android.sensor.magnetic_field/14 en=1
12-26 15:34:14.845   919   919 D Diag_Lib:  Diag_LSM_Init: Failed to open handle to diag driver, error = 13
12-26 15:34:14.850   919 15253 I sensors-hal: handle_indication_realtime:371,  SCHED_FIFO(10) for qmi_cbk
12-26 15:34:14.850   919 15251 I sensors-hal: handle_indication_realtime:371,  SCHED_FIFO(10) for qmi_cbk
12-26 15:34:14.851   919   919 W sensors@1.0-ser: type=1400 audit(0.0:48866): avc: denied { read write } for name="diag" dev="tmpfs" ino=25689 scontext=u:r:hal_sensors_default:s0 tcontext=u:object_r:diag_device:s0 tclass=chr_file permissive=0
12-26 15:34:14.854   919   919 I sensors-hal: activate:287, mag_filter is disabled
12-26 15:34:14.854   919   919 I sensors-hal: activate_physical_sensor:166, android.sensor.magnetic_field/14 en=1 completed
12-26 15:34:14.855   919 15256 I sensors-hal: handle_indication_realtime:371,  SCHED_FIFO(10) for qmi_cbk
12-26 15:34:14.855   919   919 I sensors-hal: batch_physical_sensor:218, android.sensor.gyroscope/10, period=20000000, max_latency=0
12-26 15:34:14.855   919   919 I sensors-hal: batch_physical_sensor:227, android.sensor.gyroscope/10, period=20000000, max_latency=0 request completed
12-26 15:34:14.855   919   919 I sensors-hal: activate_physical_sensor:155, android.sensor.gyroscope/10 en=1
12-26 15:34:14.856   919   919 D Diag_Lib:  Diag_LSM_Init: Failed to open handle to diag driver, error = 13
12-26 15:34:14.859   919 15260 I sensors-hal: handle_indication_realtime:371,  SCHED_FIFO(10) for qmi_cbk
12-26 15:34:14.865   919   919 I sensors-hal: activate_physical_sensor:166, android.sensor.gyroscope/10 en=1 completed
12-26 15:34:14.866 15212 15212 D UE4     : App is running in Portrait
12-26 15:34:14.866 15212 15212 D UE4     : [GameActivity] ==============> Resuming main init
12-26 15:34:14.908 15212 15242 D UE4     : APK Commandline: ../../../projectWA/projectWA.uproject  /Game/TopDownBP/Maps/TopDownExampleMap -Messaging -SessionId=2295E0CD46FC71FFC6BF649B0DF07664 -SessionOwner="whaid" -SessionName="Launch On Device" -iterative
12-26 15:34:14.911 15212 15242 D UE4     : Override Commandline: ../../../projectWA/projectWA.uproject  /Game/TopDownBP/Maps/TopDownExampleMap -Messaging -SessionId=2295E0CD46FC71FFC6BF649B0DF07664 -SessionOwner="whaid" -SessionName="Launch On Device" -iterative
12-26 15:34:14.911 15212 15242 D UE4     : Final commandline: ../../../projectWA/projectWA.uproject  /Game/TopDownBP/Maps/TopDownExampleMap -Messaging -SessionId=2295E0CD46FC71FFC6BF649B0DF07664 -SessionOwner="whaid" -SessionName="Launch On Device" -iterative
12-26 15:34:14.912 15212 15242 D UE4     : Created sync event
12-26 15:34:14.947   919 15263 I sensors-hal: handle_indication_realtime:371,  SCHED_FIFO(10) for qmi_cbk
12-26 15:34:14.947   919  1102 D CHRE    : @ 712394.779: [ImuCal] Dynamic sensor configuration: high-performance.
12-26 15:34:14.955 15212 15212 D UE4     : [GameActivity] ==============> GameActive.onResume complete!
12-26 15:34:14.983 15212 15212 D UE4     : [GameActivity] onPause: stop memory reporter runnable
12-26 15:34:14.983 15212 15212 D UE4     : [GameActivity] Unregistering sensor listeners
12-26 15:34:14.984   919  1082 I sensors-hal: activate_physical_sensor:155, android.sensor.gyroscope/10 en=0
12-26 15:34:14.986   919  1082 I sensors-hal: activate_physical_sensor:166, android.sensor.gyroscope/10 en=0 completed
12-26 15:34:14.987   919   919 I sensors-hal: activate_physical_sensor:155, android.sensor.magnetic_field/14 en=0
12-26 15:34:14.988   919   919 I sensors-hal: activate_physical_sensor:166, android.sensor.magnetic_field/14 en=0 completed
12-26 15:34:14.989   919   919 I sensors-hal: activate_physical_sensor:155, android.sensor.accelerometer/16 en=0
12-26 15:34:14.991   919   919 I sensors-hal: activate_physical_sensor:166, android.sensor.accelerometer/16 en=0 completed
12-26 15:34:14.992   919  1102 D CHRE    : @ 712394.822: [ImuCal] Dynamic sensor configuration: stand-by.
12-26 15:34:14.993 15212 15243 D UE4     : Case APP_CMD_PAUSE
12-26 15:34:14.993 15212 15212 D UE4     : [GameActivity] ==============> GameActive.onPause complete!
12-26 15:34:14.993 15212 15243 D UE4     : LogAndroidEvents::EnqueueAppEvent : 6, [width=-1, height=-1], tid = 15243, APP_EVENT_STATE_ON_PAUSE
12-26 15:34:14.999 15212 15212 D UE4     : [GameActivity] ==============> GameActive.onTrimMemory(TRIM_MEMORY_UI_HIDDEN) called!
12-26 15:34:15.001 15212 15243 D UE4     : LogAndroidEvents::EnqueueAppEvent : 12, [width=-1, height=-1], tid = 15243, APP_EVENT_STATE_SAVE_STATE
12-26 15:34:15.003 15212 15243 D UE4     : LogAndroidEvents::EnqueueAppEvent : 8, [width=-1, height=-1], tid = 15243, APP_EVENT_STATE_ON_STOP
12-26 15:34:15.003 15212 15212 D UE4     : [GameActivity] ==============> GameActive.onStop complete!
12-26 15:34:15.180   919  1102 I ASH     : @ 712395.011: tmd2725: PROX sample: NEAR (71)
12-26 15:34:15.185   919  1102 D VSC     : @ 712395.017: [Proximity Gated Double Tap Gesture] Stop touch_gesture
12-26 15:34:15.186   919  1102 I ASH     : @ 712395.018: touch gesture: [touch gesture] unsubscribed
12-26 15:34:15.190 26942 26942 I Elmyra/ElmyraService: Gated by KeyguardProximity [mIsListening -> true]
12-26 15:34:15.192   906   906 V ContextHubHal: sendMessageToHub
12-26 15:34:15.194   919  1102 D CHRE    : @ 712395.026: Parsed nanoapp message from host: app ID 0x476f6f676c00100e, endpoint 0x4, msgType 201, payload size 0
12-26 15:34:15.342   919  1102 D VSC     : @ 712395.170: [Device Pickup Sensor] Request accel, interval 20000000 ns, latency 100000000 ns
12-26 15:34:15.343   919  1102 I CHRE    : @ 712395.172: [AR_CHRE] IDLE => ON
12-26 15:34:15.343   919  1102 I CHRE    : @ 712395.173: [AR_CHRE] audiofusion:HandleIdleStateChange: state = 0 
12-26 15:34:15.343   919  1102 D VSC     : @ 712395.173: [Device Pickup Sensor] Stop motion_detect
12-26 15:34:15.343   919  1102 D VSC     : @ 712395.173: [Significant Motion] Stop motion_detect
12-26 15:34:15.343   919  1102 D VSC     : @ 712395.174: [Significant Motion] Request accel, interval 20000000 ns, latency 3200000000 ns
12-26 15:34:15.357   919  1102 I ASH     : @ 712395.185: tmd2725: PROX sample. FAR (1f)
12-26 15:34:15.357   919  1102 D ASH     : @ 712395.187: SensorType 19 resampler quality 0
12-26 15:34:15.357   919  1102 D CHRE    : @ 712395.187: SensorType 19 resampler quality 0
12-26 15:34:15.357   919  1102 D VSC     : @ 712395.188: [Proximity Gated Double Tap Gesture] Request touch_gesture, interval 1000000 ns, latency 0 ns
12-26 15:34:15.360 26942 26942 I Elmyra/ElmyraService: Unblocked; current action: LaunchOpa [mIsGestureEnabled -> true; mIsOpaEnabled -> true]
12-26 15:34:15.363   906   906 V ContextHubHal: sendMessageToHub
12-26 15:34:15.366   919  1102 D CHRE    : @ 712395.197: Parsed nanoapp message from host: app ID 0x476f6f676c00100e, endpoint 0x4, msgType 200, payload size 10
12-26 15:34:15.388   919  1102 I ASH     : @ 712395.219: touch gesture: [touch gesture] subscribed
12-26 15:34:15.736 15212 15212 V UE4     : [GameApp] App in background
12-26 15:34:16.273  1075  1339 D fpc_hidl: onAcquired(code=0, vendor=0)
12-26 15:34:16.276  1380  1380 V FingerprintService: Acquired: 0 0
12-26 15:34:16.279  1075  1339 D fpc_hidl: onAuthenticated(fid=1189435504, gid=0)
12-26 15:34:16.280  1380  1380 V BiometricStats: Authentication latency: 5
12-26 15:34:16.281 26942 26942 I BiometricUnlockController: biometric acquired, grabbing biometric wakelock
12-26 15:34:16.281  1380  1380 V FingerprintService: onAuthenticated(true), ID:1189435504, Owner: com.android.systemui, isBP: false, listener: com.android.server.biometrics.fingerprint.FingerprintService$ServiceListenerImpl@55335e9, requireConfirmation: false, user: 0
12-26 15:34:16.287  1014  1014 D keystore: AddAuthenticationToken: timestamp = 712395858, time_received = 215628
12-26 15:34:16.288  1380  1380 V FingerprintService: Done with client: com.android.systemui
12-26 15:34:16.296 26942 26942 V BiometricUnlockController: startWakeAndUnlock(1)
12-26 15:34:16.296 26942 26942 I BiometricUnlockController: bio wakelock: Authenticated, waking up...
12-26 15:34:16.297  1380  7830 I PowerManagerService: Waking up from Dozing (uid=10158, reason=WAKE_REASON_GESTURE, details=android.policy:BIOMETRIC)...
12-26 15:34:16.297  1380  1380 W UsageStatsService: Event reported without a package name, eventType:15
12-26 15:34:16.298  1380  1463 I DisplayPowerController: Blocking screen on until initial contents have been drawn.
12-26 15:34:16.298 26942 26942 I BiometricUnlockController: releasing biometric wakelock
12-26 15:34:16.324   919   919 I sensors-hal: batch_physical_sensor:218, android.sensor.light/15, period=250000000, max_latency=0
12-26 15:34:16.324   919   919 I sensors-hal: batch_physical_sensor:227, android.sensor.light/15, period=250000000, max_latency=0 request completed
12-26 15:34:16.324   919   919 I sensors-hal: activate_physical_sensor:155, android.sensor.light/15 en=1
12-26 15:34:16.328   919  1102 I ASH     : @ 712396.160: tmd2725: Enabling sensor 0
12-26 15:34:16.329 26942 26942 D StatusBar: updateQsExpansionEnabled - QS Expand enabled: true
12-26 15:34:16.329   919   919 I sensors-hal: activate_physical_sensor:166, android.sensor.light/15 en=1 completed
12-26 15:34:16.330  1380  1463 V DisplayPowerController: Brightness [32] reason changing to: 'manual', previous reason: 'screen_off'.
12-26 15:34:16.331  1380  1444 I DisplayManagerService: Display device changed state: "Écran intégré", ON
12-26 15:34:16.331   670   670 D SurfaceFlinger: Setting power mode 2 on display 0
12-26 15:34:16.333   672   692 I SDM     : DisplayBase::SetDisplayState: Set state = 1, display 0
12-26 15:34:16.335   919 15272 I sensors-hal: handle_indication_realtime:371,  SCHED_FIFO(10) for qmi_cbk
12-26 15:34:16.345 26942 26942 D StatusBar: updateQsExpansionEnabled - QS Expand enabled: true
12-26 15:34:16.346  1380  1816 E WifiClientModeImpl: getWifiLinkLayerStats called without an interface
12-26 15:34:16.350 26942 26942 D KeyguardUpdateMonitor: fingerprintRunningState: 0
12-26 15:34:16.351  1380  7079 W ActivityManager: Background start not allowed: service Intent { act=Orca.PERSISTENT_KICK_SKIP_PING cmp=com.facebook.orca/com.facebook.mqttlite.MqttService (has extras) } to com.facebook.orca/com.facebook.mqttlite.MqttService from pid=25771 uid=10217 pkg=com.facebook.orca startFg?=false
12-26 15:34:16.356   919  1102 I CHRE    : @ 712396.188: [ImuCal] [NanoSensorCal:GYRO_RPS] Offset | Temperature [C]: -0.001686, 0.001635, 0.000260 | 28.10
12-26 15:34:16.356   919  1102 I CHRE    : @ 712396.188: [ImuCal] [NanoSensorCal:GYRO_RPS] Temp Sensitivity: 0.000025, 0.000012, -0.000014
12-26 15:34:16.356   919  1102 I CHRE    : @ 712396.188: [ImuCal] [NanoSensorCal:GYRO_RPS] Temp Intercept: -0.002197, 0.001380, 0.000791
12-26 15:34:16.356   919  1102 I VSC     : @ 712396.188: [BINNED_BRIGHTNESS] Created instance at 0xb20611c8
12-26 15:34:16.356   919  1102 D VSC     : @ 712396.188: [Binned Brightness] Request ambient_light, interval 250000000 ns, latency 0 ns
12-26 15:34:16.357   919  1102 D VSC     : @ 712396.189: [Binned Brightness] Request proximity, interval 200000000 ns, latency 0 ns
12-26 15:34:16.359   906   906 V ContextHubHal: sendMessageToHub
12-26 15:34:16.359 26942 26942 D StatusBar: updateQsExpansionEnabled - QS Expand enabled: true
12-26 15:34:16.362   919  1102 D CHRE    : @ 712396.193: Parsed nanoapp message from host: app ID 0x476f6f676c00100e, endpoint 0x4, msgType 202, payload size 5
12-26 15:34:16.363   919   919 I sensors-hal: batch_physical_sensor:218, android.sensor.light/15, period=200000000, max_latency=0
12-26 15:34:16.363   919   919 I sensors-hal: batch_physical_sensor:227, android.sensor.light/15, period=200000000, max_latency=0 request completed
12-26 15:34:16.364  2113  2261 I QCNEJ/CndHalConnector: -> SND notifyScreenStateChanged(true)
12-26 15:34:16.364  2113  2261 I QCNEJ/CndHalConnector: -> SND notifyScreenStateChanged(false)
12-26 15:34:16.365 26942 26942 D StatusBar: disable<e i a s b H R c s > disable2<q i n >
12-26 15:34:16.370  1380  8195 D ActivityTaskManager: Top Process State changed to PROCESS_STATE_TOP
12-26 15:34:16.436   919  1102 I VSC     : @ 712396.267: [BINNED_BRIGHTNESS] Changing state to 1 at 712396267 ms
12-26 15:34:16.439  1380  1463 V DisplayPowerController: Brightness [28] reason changing to: 'automatic', previous reason: 'manual'.
12-26 15:34:16.522 29736 29736 E adbd    : failed to connect to socket 'tcp:6666': Connection refused
12-26 15:34:16.570   670   670 D SurfaceFlinger: Finished setting power mode 2 on display 0
12-26 15:34:16.571   919  1102 I ASH     : @ 712396.402: touch gesture: received SNS_TBN_ACQUIRE_BUS_REQ_V01: kernel requesting bus
12-26 15:34:16.584  1380  1852 D SurfaceControl: Excessive delay in setPowerMode()
12-26 15:34:16.613  1380  8195 I ActivityTaskManager: Config changes=20000480 {1.0 208mcc10mnc [fr_FR] ldltr sw392dp w737dp h368dp 440dpi nrml long hdr widecg land night finger -keyb/v/h -nav/h winConfig={ mBounds=Rect(0, 0 - 2160, 1080) mAppBounds=Rect(0, 0 - 2028, 1080) mWindowingMode=fullscreen mDisplayWindowingMode=fullscreen mActivityType=undefined mAlwaysOnTop=undefined mRotation=ROTATION_90} s.14983}
12-26 15:34:16.666  1380  8195 I ActivityTaskManager: Override config changes=20000480 {1.0 208mcc10mnc [fr_FR] ldltr sw392dp w737dp h368dp 440dpi nrml long hdr widecg land night finger -keyb/v/h -nav/h winConfig={ mBounds=Rect(0, 0 - 2160, 1080) mAppBounds=Rect(0, 0 - 2028, 1080) mWindowingMode=fullscreen mDisplayWindowingMode=fullscreen mActivityType=undefined mAlwaysOnTop=undefined mRotation=ROTATION_90} s.14983} for displayId=0
12-26 15:34:16.676  1380  1830 V AudioService.RotationHelper: publishing device rotation =1 (x90deg)
12-26 15:34:16.696  1380  1444 I InputManager-JNI: Viewport [0] to add: local:0
12-26 15:34:16.699  1380  1380 V SettingsProvider: Notifying for 0: content://settings/system/screen_brightness
12-26 15:34:16.699  1380  1380 W Looper  : Slow dispatch took 261ms main h=com.android.providers.settings.SettingsProvider$SettingsRegistry$MyHandler c=null m=1
12-26 15:34:16.700  1380  1762 I InputReader: Reconfiguring input devices.  changes=0x00000004
12-26 15:34:16.700  1380  1762 I InputReader: Device reconfigured: id=2, name='fts', size 1080x2160, orientation 1, mode 1, display id 0
12-26 15:34:16.700  1380  1380 W Looper  : Slow delivery took 261ms main h=com.android.providers.settings.SettingsProvider$SettingsRegistry$MyHandler c=null m=2
12-26 15:34:16.701  1380  1380 W Looper  : Drained
12-26 15:34:16.703  2486  2486 I GeofencerStateMachine: sendNewLocationAvailability: availability=LocationAvailability[isLocationAvailable: true]
12-26 15:34:16.706 15212 15234 I Adreno  : QUALCOMM build                   : 4a00b69, I4e7e888065
12-26 15:34:16.706 15212 15234 I Adreno  : Build Date                       : 04/09/19
12-26 15:34:16.706 15212 15234 I Adreno  : OpenGL ES Shader Compiler Version: EV031.26.06.00
12-26 15:34:16.706 15212 15234 I Adreno  : Local Branch                     : mybranche95a5ea3-cf05-f19a-a0e7-5cb90179c3d8
12-26 15:34:16.706 15212 15234 I Adreno  : Remote Branch                    : quic/gfx-adreno.lnx.1.0
12-26 15:34:16.706 15212 15234 I Adreno  : Remote Branch                    : NONE
12-26 15:34:16.706 15212 15234 I Adreno  : Reconstruct Branch               : NOTHING
12-26 15:34:16.706 15212 15234 I Adreno  : Build Config                     : S P 8.0.6 AArch32
12-26 15:34:16.710 15212 15234 I Adreno  : PFP: 0x016ee183, ME: 0x00000000
12-26 15:34:16.717  3274  3274 D NfcService: MSG_APPLY_SCREEN_STATE 4
12-26 15:34:16.734 26942 26942 D StatusBar: disable<e i a s b H R c s > disable2<q i n >
12-26 15:34:16.741 15212 15212 W RenderThread: type=1400 audit(0.0:48867): avc: denied { read } for name="u:object_r:vendor_default_prop:s0" dev="tmpfs" ino=19817 scontext=u:r:untrusted_app_27:s0:c512,c768 tcontext=u:object_r:vendor_default_prop:s0 tclass=file permissive=0
12-26 15:34:16.742   625   625 I hwservicemanager: getTransport: Cannot find entry android.hardware.graphics.mapper@3.0::IMapper/default in either framework or device manifest.
12-26 15:34:16.742 15212 15234 W Gralloc3: mapper 3.x is not supported
12-26 15:34:16.746 15212 15234 E libc    : Access denied finding property "vendor.gralloc.disable_ahardware_buffer"
12-26 15:34:16.756 26942 26942 D StatusBar: disable<e i a s b H R c s > disable2<q i n >
12-26 15:34:16.759 26942 26942 D StatusBar: disable<e i a s b H R c s > disable2<q i n >
12-26 15:34:16.761 15212 15212 D UE4     : LogAndroidEvents::EnqueueAppEvent : 2, [width=-1, height=-1], tid = 15212, APP_EVENT_STATE_WINDOW_CHANGED
12-26 15:34:16.762 26942 26942 D KeyguardUpdateMonitor: onKeyguardVisibilityChanged(false)
12-26 15:34:16.766  8042  8042 W GoogleInputMethodService: onConfigurationChanged() : NewConfig = {1.0 208mcc10mnc [fr_FR] ldltr sw392dp w737dp h368dp 440dpi nrml long hdr widecg land night finger -keyb/v/h -nav/h winConfig={ mBounds=Rect(0, 0 - 2160, 1080) mAppBounds=Rect(0, 0 - 2028, 1080) mWindowingMode=fullscreen mDisplayWindowingMode=fullscreen mActivityType=undefined mAlwaysOnTop=undefined mRotation=ROTATION_90} s.15043}
12-26 15:34:16.766  8042  8042 W KeyboardModeManager: reloadOrientationAwareData() : orientation = 2
12-26 15:34:16.767 15212 15243 D UE4     : LogAndroidEvents::EnqueueAppEvent : 9, [width=-1, height=-1], tid = 15243, APP_EVENT_STATE_ON_START
12-26 15:34:16.767 15212 15212 D UE4     : [GameActivity] Creating console command broadcast listener
12-26 15:34:16.767   947 12747 D AF::TrackHandle: OpPlayAudio: track:5934 usage:13 not muted
12-26 15:34:16.768   919  1102 D VSC     : @ 712396.599: [Binned Brightness] Stop proximity
12-26 15:34:16.768   919  1102 D VSC     : @ 712396.599: [Binned Brightness] Stop ambient_light
12-26 15:34:16.769   919  1102 I VSC     : @ 712396.601: [BINNED_BRIGHTNESS] Deleted instance at 0xb20611c8
12-26 15:34:16.771  8042  8042 W AndroidIME: initializeViews() : keyboard full width = -1; root view width = 1080; measured keyboard height = 2094
12-26 15:34:16.771  8042  8042 I EmojiPickerKeyboard: onKeyboardViewDiscarded(), type=HEADER, com.google.android.apps.inputmethod.libs.search.emoji.EmojiPickerKeyboard@b3b0dba
12-26 15:34:16.771  8042  8042 I EmojiPickerKeyboard: onKeyboardViewDiscarded(), type=BODY, com.google.android.apps.inputmethod.libs.search.emoji.EmojiPickerKeyboard@b3b0dba
12-26 15:34:16.773  8042  8042 W KeyboardModeManager: setInputView() : inputView = null
12-26 15:34:16.774  8042  8042 I GoogleInputMethodService: Apply keyboard theme: theme_stylesheet_googleblue_assets:theme_package_metadata_google_blue_dark.binarypb_land
12-26 15:34:16.777  8042 15277 I DlamWrapper: close(): Successfully wrote DLAM properties file.
12-26 15:34:16.783 15212 15212 D UE4     : [GameActivity] ==================================> Inside onStart function in GameActivity
12-26 15:34:16.783 15212 15212 V UE4     : [GameApp] App in foreground
12-26 15:34:16.784 15212 15243 D UE4     : Case APP_CMD_RESUME
12-26 15:34:16.784 15212 15243 D UE4     : LogAndroidEvents::EnqueueAppEvent : 7, [width=-1, height=-1], tid = 15243, APP_EVENT_STATE_ON_RESUME
12-26 15:34:16.784 15212 15212 D UE4     : [GameActivity] onResume: start memory reporter runnable
12-26 15:34:16.784 15212 15212 D UE4     : [GameActivity] ==============> [JAVA] AndroidThunkJava_KeepScreenOn(false) - Enabled screen saver
12-26 15:34:16.785   919   919 W sensors@1.0-ser: type=1400 audit(0.0:48868): avc: denied { read write } for name="diag" dev="tmpfs" ino=25689 scontext=u:r:hal_sensors_default:s0 tcontext=u:object_r:diag_device:s0 tclass=chr_file permissive=0
12-26 15:34:16.785 15212 15212 D UE4     : [GameActivity] Registering sensor listeners
12-26 15:34:16.786 26942 26969 I AudioTrack: createTrack_l(10129): AUDIO_OUTPUT_FLAG_FAST successful; frameCount 0 -> 4800
12-26 15:34:16.787   919   919 I sensors-hal: batch_physical_sensor:218, android.sensor.accelerometer/16, period=20000000, max_latency=0
12-26 15:34:16.787   919   919 I sensors-hal: batch_physical_sensor:227, android.sensor.accelerometer/16, period=20000000, max_latency=0 request completed
12-26 15:34:16.787   919   919 I sensors-hal: activate_physical_sensor:155, android.sensor.accelerometer/16 en=1
12-26 15:34:16.788   899  1122 D audio_hw_primary: out_set_parameters: enter: usecase(1: low-latency-playback) kvpairs: routing=2
12-26 15:34:16.789   919   919 D Diag_Lib:  Diag_LSM_Init: Failed to open handle to diag driver, error = 13
12-26 15:34:16.794   899  2875 D audio_route: Apply path: speaker
12-26 15:34:16.795   899  2875 D audio_hw_primary: enable_snd_device: snd_device(104: vi-feedback)
12-26 15:34:16.795   899  2875 D audio_route: Apply path: vi-feedback
12-26 15:34:16.795   899  2875 E audio_hw_utils: audio_extn_utils_send_app_type_cfg: Failed to derive app_type for uc type : 0x1
12-26 15:34:16.795   899  2875 D ACDB-LOADER: ACDB -> send_audio_cal, acdb_id = 512, path = 1, app id = 0x11132, sample rate = 48000
12-26 15:34:16.795   899  2875 D ACDB-LOADER: ACDB -> send_asm_topology
12-26 15:34:16.795   899  2875 D ACDB-LOADER: ACDB -> ACDB_CMD_GET_AUDPROC_STREAM_TOPOLOGY_ID
12-26 15:34:16.795   899  2875 D ACDB-LOADER: ACDB -> send_adm_topology
12-26 15:34:16.795   899  2875 D ACDB-LOADER: ACDB -> ACDB_CMD_GET_AUDPROC_COMMON_TOPOLOGY_ID
12-26 15:34:16.795   899  2875 D ACDB-LOADER: ACDB -> send_audtable
12-26 15:34:16.795   899  2875 D ACDB-LOADER: ACDB -> ACDB_CMD_GET_AUDPROC_COMMON_TABLE_SIZE
12-26 15:34:16.795   899  2875 D ACDB-LOADER: ACDB -> ACDB_CMD_GET_AUDPROC_COMMON_TABLE
12-26 15:34:16.795   899  2875 D ACDB-LOADER: ACDB -> AUDIO_SET_AUDPROC_CAL
12-26 15:34:16.795   899  2875 D ACDB-LOADER: ACDB -> send_audvoltable
12-26 15:34:16.795   899  2875 D ACDB-LOADER: ACDB -> ACDB_CMD_GET_AUDPROC_VOL_STEP_TABLE_SIZE
12-26 15:34:16.795   899  2875 D ACDB-LOADER: ACDB -> ACDB_CMD_GET_AUDPROC_GAIN_DEP_STEP_TABLE, vol index 0
12-26 15:34:16.795   899  2875 D         : Failed to fetch the lookup information of the device 00000200 
12-26 15:34:16.795   899  2875 E ACDB-LOADER: Error: ACDB AudProc vol returned = -19
12-26 15:34:16.795   899  2875 D ACDB-LOADER: ACDB -> AUDIO_SET_VOL_CAL cal type = 12
12-26 15:34:16.795   899  2875 D ACDB-LOADER: ACDB -> ACDB_CMD_GET_AUDPROC_STREAM_TABLE_SIZE
12-26 15:34:16.795   899  2875 D ACDB-LOADER: ACDB -> send_audstrmtable
12-26 15:34:16.795   899  2875 D ACDB-LOADER: ACDB -> ACDB_CMD_GET_AUDPROC_STREAM_TABLE_V2
12-26 15:34:16.795   899  2875 D ACDB-LOADER: ACDB -> audstrm_cal->cal_type.cal_data.cal_size = 16
12-26 15:34:16.795   899  2875 D ACDB-LOADER: ACDB -> send_afe_topology
12-26 15:34:16.795   899  2875 D ACDB-LOADER: ACDB -> ACDB_CMD_GET_AFE_TOPOLOGY_ID
12-26 15:34:16.795   899  2875 D ACDB-LOADER: ACDB -> GET_AFE_TOPOLOGY_ID for adcd_id 512, Topology Id 10001ccc
12-26 15:34:16.795   899  2875 D ACDB-LOADER: ACDB -> send_afe_cal
12-26 15:34:16.795   899  2875 D ACDB-LOADER: ACDB -> ACDB_CMD_GET_AFE_COMMON_TABLE_SIZE
12-26 15:34:16.795   899  2875 D ACDB-LOADER: ACDB -> ACDB_CMD_GET_AFE_COMMON_TABLE
12-26 15:34:16.795   899  2875 D ACDB-LOADER: ACDB -> AUDIO_SET_AFE_CAL
12-26 15:34:16.795   899  2875 D ACDB-LOADER: ACDB -> send_hw_delay : acdb_id = 512 path = 1
12-26 15:34:16.795   899  2875 D ACDB-LOADER: ACDB -> ACDB_AVSYNC_INFO: ACDB_CMD_GET_DEVICE_PROPERTY
12-26 15:34:16.795   899  2875 D audio_hw_primary: enable_audio_route: usecase(25) apply and update mixer path: spkr-vi-record vi-feedback
12-26 15:34:16.795   899  2875 D audio_route: Apply path: spkr-vi-record vi-feedback
12-26 15:34:16.795   917   917 D android.hardware.power@1.3-service.pixel-libperfmgr: AUDIO_STREAMING: 1
12-26 15:34:16.799  1380  1444 W UsageStatsService: Event reported without a package name, eventType:18
12-26 15:34:16.800   919 15280 I sensors-hal: handle_indication_realtime:371,  SCHED_FIFO(10) for qmi_cbk
12-26 15:34:16.801   919   919 W sensors@1.0-ser: type=1400 audit(0.0:48869): avc: denied { read write } for name="diag" dev="tmpfs" ino=25689 scontext=u:r:hal_sensors_default:s0 tcontext=u:object_r:diag_device:s0 tclass=chr_file permissive=0
12-26 15:34:16.801   919   919 I sensors-hal: activate_physical_sensor:166, android.sensor.accelerometer/16 en=1 completed
12-26 15:34:16.801  8042  8042 I KeyboardViewUtil: systemKeyboardHeightRatio:1.200000; userKeyboardHeightRatio:1.000000.
12-26 15:34:16.802   919   919 I sensors-hal: batch_physical_sensor:218, android.sensor.magnetic_field/14, period=20000000, max_latency=0
12-26 15:34:16.802   919   919 I sensors-hal: batch_physical_sensor:227, android.sensor.magnetic_field/14, period=20000000, max_latency=0 request completed
12-26 15:34:16.802   919   919 I sensors-hal: activate_physical_sensor:155, android.sensor.magnetic_field/14 en=1
12-26 15:34:16.802  2113  2261 I QCNEJ/CndHalConnector: -> SND notifyScreenStateChanged(true)
12-26 15:34:16.804  3166  3592 I AiAiReflection: Filtering unlaunchable event /deleted_app/1
12-26 15:34:16.805   919 15283 I sensors-hal: handle_indication_realtime:371,  SCHED_FIFO(10) for qmi_cbk
12-26 15:34:16.805  8390  8390 I GsaVoiceInteractionSrv: O received Intent { act=android.intent.action.USER_PRESENT flg=0x24200010 }
12-26 15:34:16.805  1380  1450 W BroadcastQueue: Background execution not allowed: receiving Intent { act=android.intent.action.USER_PRESENT flg=0x24200010 } to com.sfr.android.moncompte/com.ezeeworld.b4s.android.sdk.NeerBy
12-26 15:34:16.805  1380  1450 W BroadcastQueue: Background execution not allowed: receiving Intent { act=android.intent.action.USER_PRESENT flg=0x24200010 } to com.android.chrome/org.chromium.chrome.browser.sharing.click_to_call.ClickToCallMessageHandler$PhoneUnlockedReceiver
12-26 15:34:16.805  1380  1450 W BroadcastQueue: Background execution not allowed: receiving Intent { act=android.intent.action.USER_PRESENT flg=0x24200010 } to com.google.android.gms/.auth.setup.devicesignals.LockScreenReceiver
12-26 15:34:16.805  1380  1450 W BroadcastQueue: Background execution not allowed: receiving Intent { act=android.intent.action.USER_PRESENT flg=0x24200010 } to com.google.android.gms/.trustagent.UserPresentBroadcastReceiver
12-26 15:34:16.805  1380  1450 W BroadcastQueue: Background execution not allowed: receiving Intent { act=android.intent.action.USER_PRESENT flg=0x24200010 } to com.google.android.gms/.chimera.GmsIntentOperationService$PersistentTrustedReceiver
12-26 15:34:16.805  1380  1450 W BroadcastQueue: Background execution not allowed: receiving Intent { act=android.intent.action.USER_PRESENT flg=0x24200010 } to com.instagram.android/com.instagram.push.fbns.FbnsInitBroadcastReceiver
12-26 15:34:16.807   919   919 D Diag_Lib:  Diag_LSM_Init: Failed to open handle to diag driver, error = 13
12-26 15:34:16.807  3368  3368 E SUI_svcsock: svc_sock_send_message(suisvc): invalid remote socket suilst
12-26 15:34:16.808  3274  3274 D NfcService: MSG_APPLY_SCREEN_STATE 8
12-26 15:34:16.808  3274  3274 D NfcService: Discovery configuration equal, not updating.
12-26 15:34:16.809  3166  3592 I AiAiReflection: Filtering unlaunchable event /deleted_app/0
12-26 15:34:16.811   919 15285 I sensors-hal: handle_indication_realtime:371,  SCHED_FIFO(10) for qmi_cbk
12-26 15:34:16.814  8042  8042 I DeviceStatusMonitor: onReceive() : Action = android.intent.action.CONFIGURATION_CHANGED
12-26 15:34:16.815   919   919 W HwBinder:919_1: type=1400 audit(0.0:48870): avc: denied { read write } for name="diag" dev="tmpfs" ino=25689 scontext=u:r:hal_sensors_default:s0 tcontext=u:object_r:diag_device:s0 tclass=chr_file permissive=0
12-26 15:34:16.815  8042  8042 I ConfigurationNotification: Get device mode by ui mode:1 and smallestScreenWidthDp:392
12-26 15:34:16.815  8042  8042 I chatty  : uid=10206(com.google.android.inputmethod.latin) identical 2 lines
12-26 15:34:16.815  8042  8042 I ConfigurationNotification: Get device mode by ui mode:1 and smallestScreenWidthDp:392
12-26 15:34:16.815  8042  8042 I DeviceStatusMonitor: onReceive() : Action = android.intent.action.SCREEN_ON
12-26 15:34:16.817   919   919 I sensors-hal: activate:287, mag_filter is disabled
12-26 15:34:16.817   919   919 I sensors-hal: activate_physical_sensor:166, android.sensor.magnetic_field/14 en=1 completed
12-26 15:34:16.818   919 15290 I sensors-hal: handle_indication_realtime:371,  SCHED_FIFO(10) for qmi_cbk
12-26 15:34:16.819   919  1082 I sensors-hal: batch_physical_sensor:218, android.sensor.gyroscope/10, period=20000000, max_latency=0
12-26 15:34:16.819   919  1082 I sensors-hal: batch_physical_sensor:227, android.sensor.gyroscope/10, period=20000000, max_latency=0 request completed
12-26 15:34:16.819   919  1082 I sensors-hal: activate_physical_sensor:155, android.sensor.gyroscope/10 en=1
12-26 15:34:16.819   919  1082 D Diag_Lib:  Diag_LSM_Init: Failed to open handle to diag driver, error = 13
12-26 15:34:16.825   919 15295 I sensors-hal: handle_indication_realtime:371,  SCHED_FIFO(10) for qmi_cbk
12-26 15:34:16.830  3166  3592 I AiAiReflection: Filtering unlaunchable event /deleted_app/2
12-26 15:34:16.831   919  1082 I sensors-hal: activate_physical_sensor:166, android.sensor.gyroscope/10 en=1 completed
12-26 15:34:16.831 15212 15212 D UE4     : App is running in Landscape
12-26 15:34:16.832 15212 15212 D UE4     : [GameActivity] ==============> Resuming main init
12-26 15:34:16.832 15212 15212 D UE4     : [GameActivity] ==============> GameActive.onResume complete!
12-26 15:34:16.834   899  2875 D msm8974_platform: Setting audio calibration for snd_device(2) acdb_id(513)
12-26 15:34:16.834   899  2875 E ACDB-LOADER: [acdb_loader_adsp_set_audio_cal] active device/stream not found (result=-100) for topology 0x1000dffb and apptype 0x11130
12-26 15:34:16.834   899  2875 E ACDB-LOADER: [acdb_loader_adsp_set_audio_cal] set parameters failed with status -100
12-26 15:34:16.834   899  2875 D msm8974_platform: Setting audio calibration for snd_device(2) acdb_id(513)
12-26 15:34:16.835   899  2875 D audio_hw_waves: print_state_log: send volume table -(0,0.000000,F),(1,0.000000,F),(2,0.000000,T),(3,0.000000,F),(4,0.000000,F),(5,0.000000,F)
12-26 15:34:16.835   899  2875 D ACDB-LOADER: ACDB -> send_audio_cal, acdb_id = 513, path = 0, app id = 0x11130, sample rate = 48000
12-26 15:34:16.835   899  2875 D ACDB-LOADER: ACDB -> send_asm_topology
12-26 15:34:16.835   899  2875 D ACDB-LOADER: ACDB -> ACDB_CMD_GET_AUDPROC_STREAM_TOPOLOGY_ID
12-26 15:34:16.835   899  2875 D ACDB-LOADER: ACDB -> send_adm_topology
12-26 15:34:16.835   899  2875 D ACDB-LOADER: ACDB -> ACDB_CMD_GET_AUDPROC_COMMON_TOPOLOGY_ID
12-26 15:34:16.835   899  2875 D ACDB-LOADER: ACDB -> send_audtable
12-26 15:34:16.835   899  2875 D ACDB-LOADER: ACDB -> ACDB_CMD_GET_AUDPROC_COMMON_TABLE_SIZE
12-26 15:34:16.835   899  2875 D ACDB-LOADER: ACDB -> ACDB_CMD_GET_AUDPROC_COMMON_TABLE
12-26 15:34:16.835   899  2875 D ACDB-LOADER: ACDB -> AUDIO_SET_AUDPROC_CAL
12-26 15:34:16.835   899  2875 D ACDB-LOADER: ACDB -> send_audvoltable
12-26 15:34:16.835   899  2875 D ACDB-LOADER: ACDB -> ACDB_CMD_GET_AUDPROC_VOL_STEP_TABLE_SIZE
12-26 15:34:16.835   899  2875 D ACDB-LOADER: ACDB -> ACDB_CMD_GET_AUDPROC_GAIN_DEP_STEP_TABLE, vol index 0
12-26 15:34:16.835   899  2875 D         : Failed to fetch the lookup information of the device 00000201 
12-26 15:34:16.835   899  2875 E ACDB-LOADER: Error: ACDB AudProc vol returned = -19
12-26 15:34:16.835   899  2875 D ACDB-LOADER: ACDB -> AUDIO_SET_VOL_CAL cal type = 12
12-26 15:34:16.835   899  2875 D ACDB-LOADER: ACDB -> ACDB_CMD_GET_AUDPROC_STREAM_TABLE_SIZE
12-26 15:34:16.835   899  2875 D ACDB-LOADER: ACDB -> send_audstrmtable
12-26 15:34:16.835   899  2875 D ACDB-LOADER: ACDB -> ACDB_CMD_GET_AUDPROC_STREAM_TABLE_V2
12-26 15:34:16.835   899  2875 D ACDB-LOADER: ACDB -> audstrm_cal->cal_type.cal_data.cal_size = 456
12-26 15:34:16.835   899  2875 D ACDB-LOADER: ACDB -> send_afe_topology
12-26 15:34:16.835   899  2875 D ACDB-LOADER: ACDB -> ACDB_CMD_GET_AFE_TOPOLOGY_ID
12-26 15:34:16.835   899  2875 D ACDB-LOADER: ACDB -> GET_AFE_TOPOLOGY_ID for adcd_id 513, Topology Id 10000ccc
12-26 15:34:16.835   899  2875 D ACDB-LOADER: ACDB -> send_afe_cal
12-26 15:34:16.835   899  2875 D ACDB-LOADER: ACDB -> ACDB_CMD_GET_AFE_COMMON_TABLE_SIZE
12-26 15:34:16.835   899  2875 D ACDB-LOADER: ACDB -> ACDB_CMD_GET_AFE_COMMON_TABLE
12-26 15:34:16.835   899  2875 D ACDB-LOADER: ACDB -> AUDIO_SET_AFE_CAL
12-26 15:34:16.835   899  2875 D ACDB-LOADER: ACDB -> send_hw_delay : acdb_id = 513 path = 0
12-26 15:34:16.835   899  2875 D ACDB-LOADER: ACDB -> ACDB_AVSYNC_INFO: ACDB_CMD_GET_DEVICE_PROPERTY
12-26 15:34:16.835   899  2875 D audio_hw_primary: enable_audio_route: usecase(1) apply and update mixer path: low-latency-playback speaker
12-26 15:34:16.835   899  2875 D audio_route: Apply path: low-latency-playback speaker
12-26 15:34:16.838  2486  2486 I TrustAgent: [PhonePositionTracker] 1 PhonePositionInfo added to playlog
12-26 15:34:16.838  2486  2486 I TrustAgent: [HomeAddressChangeTracker] User Present. Maybe fetch home.
12-26 15:34:16.842  2486  2486 I TrustAgent: [HomeFetcher] return existing home address!
12-26 15:34:16.842  2486  2486 I TrustAgent: [HomeAddressChangeTracker] home address is not changed.
12-26 15:34:16.867 26942 26942 D StatusBar: disable<e i a s b h!r!c s > disable2<q i n >
12-26 15:34:16.871 15212 15243 D UE4     : Case APP_CMD_INIT_WINDOW
12-26 15:34:16.871 15212 15243 D UE4     : LogAndroidEvents::EnqueueAppEvent : 0, [width=2028, height=1080], tid = 15243, APP_EVENT_STATE_WINDOW_CREATED
12-26 15:34:16.882  8814  8850 I MicroDataManager: isInitializing-false locale not changed-true model not changed-true
12-26 15:34:16.886 26942 26942 I OpaEnabledReceiver: Dispatching OPA eligble = true; AGSA = true; OPA enabled = true
12-26 15:34:16.886 26942 26942 I OpaLayout: Setting opa enabled to true
12-26 15:34:16.886 26942 26942 I OpaLayout: Setting opa enabled to true
12-26 15:34:16.888   919  1102 D VSC     : @ 712396.719: [Device Orientation] Request accel, interval 66666666 ns, latency 40000000 ns
12-26 15:34:16.888   899  2875 D audio_hw_primary: out_write: retry previous failed cal level set
12-26 15:34:16.888   917   917 D android.hardware.power@1.3-service.pixel-libperfmgr: AUDIO_STREAMING: 0
12-26 15:34:16.890  1380  1463 I DisplayPowerController: Unblocked screen on after 592 ms
12-26 15:34:16.890  8814  8850 I MicroDetectionState: Should stop hotword detection immediately - false
12-26 15:34:16.891  1380  1463 W PowerManagerService: Screen on took 595 ms
12-26 15:34:16.891  1380  1463 I DreamManagerService: Gently waking up from dream.
12-26 15:34:16.892  1380  1441 I DreamManagerService: Performing gentle wake from dream.
12-26 15:34:16.892 15212 15243 D UE4     : LogAndroidEvents::EnqueueAppEvent : 11, [width=-1, height=-1], tid = 15243, APP_EVENT_STATE_WINDOW_GAINED_FOCUS
12-26 15:34:16.892 15212 15243 D UE4     : LogAndroidEvents::EnqueueAppEvent : 14, [width=-1, height=-1], tid = 15243, APP_EVENT_STATE_APP_ACTIVATED
12-26 15:34:16.892 15212 15243 D UE4     : LogAndroidEvents::EnqueueAppEvent : 15, [width=-1, height=-1], tid = 15243, APP_EVENT_RUN_CALLBACK
12-26 15:34:16.900 26942 26942 I Elmyra/ElmyraService: Unblocked; current action: LaunchOpa [mIsGestureEnabled -> true; mIsOpaEnabled -> true]
12-26 15:34:16.906   919  1082 I sensors-hal: activate_physical_sensor:155, android.sensor.proximity/1 en=0
12-26 15:34:16.908   919  1082 I sensors-hal: activate_physical_sensor:166, android.sensor.proximity/1 en=0 completed
12-26 15:34:16.917   919 15298 I sensors-hal: handle_indication_realtime:371,  SCHED_FIFO(10) for qmi_cbk
12-26 15:34:16.920   919  1102 D CHRE    : @ 712396.752: [ImuCal] Dynamic sensor configuration: high-performance.
12-26 15:34:16.939  1380  1445 I WindowManager: Screen frozen for +568ms due to Window{6107ed u0 com.DawGames.projectWA/com.epicgames.ue4.GameActivity}
12-26 15:34:16.967  1380  3252 I DreamManagerService: Leaving dreamland.
12-26 15:34:16.967  1380  1441 I DreamManagerService: Performing gentle wake from dream.
12-26 15:34:16.967  1380  1441 I DreamController: Stopping dream: name=ComponentInfo{com.android.systemui/com.android.systemui.doze.DozeService}, isTest=false, canDoze=true, userId=0
12-26 15:34:16.968 26942 26942 I Elmyra/ElmyraService: Unblocked; current action: LaunchOpa [mIsGestureEnabled -> true; mIsOpaEnabled -> true]
12-26 15:34:16.968 26942 26942 I Elmyra/ElmyraService: Unblocked; current action: LaunchOpa [mIsGestureEnabled -> true; mIsOpaEnabled -> true]
12-26 15:34:16.971  1380  1380 W AlarmManager: Unrecognized alarm listener com.android.server.job.controllers.idle.-$$Lambda$DeviceIdlenessTracker$-H1-ZwZAJ-vh10A0PeYXaZLj_R0@5811151
12-26 15:34:16.982   919  1102 I VSC     : @ 712396.814: [BINNED_BRIGHTNESS] Created instance at 0xb20611c8
12-26 15:34:16.982   919  1102 D VSC     : @ 712396.814: [Binned Brightness] Request ambient_light, interval 250000000 ns, latency 0 ns
12-26 15:34:16.983   919  1102 D VSC     : @ 712396.815: [Binned Brightness] Request proximity, interval 200000000 ns, latency 0 ns
12-26 15:34:16.983   919  1102 I VSC     : @ 712396.815: [BINNED_BRIGHTNESS] Changing state to 1 at 712396815 ms
12-26 15:34:16.985   670   670 W HwcComposer: command 0x4080000 generated error 4
12-26 15:34:16.985   670   670 I chatty  : uid=1000(system) /system/bin/surfaceflinger identical 6 lines
12-26 15:34:16.985   670   670 W HwcComposer: command 0x4080000 generated error 4
12-26 15:34:16.988   919  1102 D VSC     : @ 712396.820: [Device Pickup Sensor] Stop accel
12-26 15:34:16.988 26942 26942 I Elmyra/ElmyraService: Unblocked; current action: LaunchOpa [mIsGestureEnabled -> true; mIsOpaEnabled -> true]
12-26 15:34:16.991   919  1102 D VSC     : @ 712396.824: [Proximity Gated Double Tap Gesture] Stop touch_gesture
12-26 15:34:16.992 26942 26942 I Elmyra/ElmyraService: Unblocked; current action: LaunchOpa [mIsGestureEnabled -> true; mIsOpaEnabled -> true]
12-26 15:34:16.992   919  1102 I ASH     : @ 712396.824: touch gesture: [touch gesture] unsubscribed
12-26 15:34:16.992   919  1102 D VSC     : @ 712396.824: [Proximity Gated Double Tap Gesture] Stop proximity
12-26 15:34:16.992   919  1102 I ASH     : @ 712396.824: tmd2725: Calibrating POFFSET
12-26 15:34:16.992   919  1102 I VSC     : @ 712396.825: [double-tap-prox-gated] sensor disabled
12-26 15:34:17.000   670   670 W HwcComposer: command 0x4080000 generated error 4
12-26 15:34:17.000   670   670 I chatty  : uid=1000(system) /system/bin/surfaceflinger identical 6 lines
12-26 15:34:17.000   670   670 W HwcComposer: command 0x4080000 generated error 4
12-26 15:34:17.010   919  1102 I ASH     : @ 712396.842: tmd2725: POFFSET 02
12-26 15:34:17.017   670   670 W HwcComposer: command 0x4080000 generated error 4
12-26 15:34:17.066   670   670 I chatty  : uid=1000(system) /system/bin/surfaceflinger identical 34 lines
12-26 15:34:17.066   670   670 W HwcComposer: command 0x4080000 generated error 4
12-26 15:34:17.075 15212 15242 D UE4     : EGL Extensions: 
